<!doctype html public "-//w3c//dtd html 4.0 transitional//en">
<html><head>
<title>Static Call Graph - [..\Export\Outputing\STM32L476ZGTx.axf]</title></head>
<body><HR>
<H1>Static Call Graph for image ..\Export\Outputing\STM32L476ZGTx.axf</H1><HR>
<BR><P>#&#060CALLGRAPH&#062# ARM Linker, 5060528: Last Updated: Mon Nov 09 16:19:41 2020
<BR><P>
<H3>Maximum Stack Usage =       3464 bytes + Unknown(Functions without stacksize, Untraceable Function Pointers)</H3><H3>
Call chain for Maximum Stack Depth:</H3>
pack_sha256_rsa2048_check &rArr; mbedtls_rsa_pkcs1_verify &rArr; mbedtls_rsa_rsassa_pss_verify &rArr; mbedtls_rsa_rsassa_pss_verify_ext &rArr; mbedtls_rsa_private &rArr; rsa_prepare_blinding &rArr; mbedtls_mpi_exp_mod &rArr; mbedtls_mpi_mod_mpi &rArr; mbedtls_mpi_div_mpi &rArr; mbedtls_mpi_mul_int &rArr; mbedtls_mpi_mul_mpi &rArr; mbedtls_mpi_copy &rArr; mbedtls_mpi_grow &rArr; mbedtls_mpi_zeroize
<P>
<H3>
Functions with no stack information
</H3><UL>
 <LI><a href="#[0]">Reset_Handler</a>
 <LI><a href="#[fb]">LOS_StartToRun</a>
 <LI><a href="#[bd]">LOS_IntLock</a>
 <LI><a href="#[227]">LOS_IntUnLock</a>
 <LI><a href="#[be]">LOS_IntRestore</a>
 <LI><a href="#[f1]">osTaskSchedule</a>
 <LI><a href="#[2]">PendSV_Handler</a>
</UL>
</UL>
<P>
<H3>
Function Pointers
</H3><UL>
 <LI><a href="#[2b]">OC_cmd_match</a> from nb_cmd_ioctl.o(i.OC_cmd_match) referenced from nb_demo.o(i.demo_nbiot_only)
 <LI><a href="#[2]">PendSV_Handler</a> from los_dispatch_keil.o(.text) referenced 2 times from los_hwi.o(.data.vector)
 <LI><a href="#[0]">Reset_Handler</a> from los_startup_keil.o(RESET) referenced 2 times from los_hwi.o(.data.vector)
 <LI><a href="#[0]">Reset_Handler</a> from los_startup_keil.o(RESET) referenced from los_startup_keil.o(RESET)
 <LI><a href="#[19]">SystemInit</a> from system_stm32l4xx.o(i.SystemInit) referenced from los_startup_keil.o(RESET)
 <LI><a href="#[1a]">__main</a> from entry.o(.ARM.Collect$$$$00000000) referenced from los_startup_keil.o(RESET)
 <LI><a href="#[1d]">_sbackspace</a> from _sgetc.o(.text) referenced from __0sscanf.o(.text)
 <LI><a href="#[1e]">_scanf_char_input</a> from scanf_char.o(.text) referenced from scanf_char.o(.text)
 <LI><a href="#[1c]">_sgetc</a> from _sgetc.o(.text) referenced from __0sscanf.o(.text)
 <LI><a href="#[23]">_snputc</a> from printfa.o(i._snputc) referenced from printfa.o(i.__0snprintf)
 <LI><a href="#[23]">_snputc</a> from printfa.o(i._snputc) referenced from printfa.o(i.__0vsnprintf)
 <LI><a href="#[24]">_sputc</a> from printfa.o(i._sputc) referenced from printfa.o(i.__0sprintf)
 <LI><a href="#[13]">at_cmd</a> from at_main.o(i.at_cmd) referenced 2 times from at_main.o(.data)
 <LI><a href="#[18]">at_cmd_multi_suffix</a> from at_main.o(i.at_cmd_multi_suffix) referenced 2 times from at_main.o(.data)
 <LI><a href="#[17]">at_deinit</a> from at_main.o(i.at_deinit) referenced 2 times from at_main.o(.data)
 <LI><a href="#[55]">at_free</a> from at_main.o(i.at_free) referenced from sota_demo.o(.constdata)
 <LI><a href="#[15]">at_get_unuse_linkid</a> from at_main.o(i.at_get_unuse_linkid) referenced 2 times from at_main.o(.data)
 <LI><a href="#[12]">at_init</a> from at_main.o(i.at_init) referenced 2 times from at_main.o(.data)
 <LI><a href="#[25]">at_irq_handler</a> from at_hal.o(i.at_irq_handler) referenced from at_hal.o(i.at_usart_init)
 <LI><a href="#[54]">at_malloc</a> from at_main.o(i.at_malloc) referenced from sota_demo.o(.constdata)
 <LI><a href="#[16]">at_oob_register</a> from at_main.o(i.at_oob_register) referenced 2 times from at_main.o(.data)
 <LI><a href="#[2a]">at_recv_task</a> from at_main.o(i.at_recv_task) referenced from at_main.o(i.create_at_recv_task)
 <LI><a href="#[14]">at_write</a> from at_main.o(i.at_write) referenced 2 times from at_main.o(.data)
 <LI><a href="#[26]">atiny_task_entry</a> from user_task.o(i.atiny_task_entry) referenced from user_task.o(i.creat_agenttiny_task)
 <LI><a href="#[e]">calloc</a> from malloc.o(i.calloc) referenced 2 times from platform.o(.data)
 <LI><a href="#[27]">data_collection_task</a> from nb_demo.o(i.data_collection_task) referenced from nb_demo.o(i.creat_data_collection_task)
 <LI><a href="#[28]">data_report_task</a> from nb_demo.o(i.data_report_task) referenced from nb_demo.o(i.creat_data_report_task)
 <LI><a href="#[22]">fputc</a> from usart.o(i.fputc) referenced from printfa.o(i.__0printf)
 <LI><a href="#[f]">free</a> from malloc.o(i.free) referenced 2 times from platform.o(.data)
 <LI><a href="#[46]">func_flag_read</a> from sota.o(i.func_flag_read) referenced from sota.o(i.sota_init)
 <LI><a href="#[47]">func_flag_write</a> from sota.o(i.func_flag_write) referenced from sota.o(i.sota_init)
 <LI><a href="#[2d]">hal_read_flash</a> from ota_port.o(i.hal_read_flash) referenced from ota_port.o(i.hal_get_ota_opt)
 <LI><a href="#[2e]">hal_write_flash</a> from ota_port.o(i.hal_write_flash) referenced from ota_port.o(i.hal_get_ota_opt)
 <LI><a href="#[1f]">isspace</a> from isspace_c.o(.text) referenced from scanf_char.o(.text)
 <LI><a href="#[3d]">local_calloc</a> from package.o(i.local_calloc) referenced from package.o(i.pack_init_device)
 <LI><a href="#[1b]">main</a> from main.o(i.main) referenced from entry9a.o(.ARM.Collect$$$$0000000B)
 <LI><a href="#[4]">nb_bind</a> from bc95.o(i.nb_bind) referenced 2 times from bc95.o(.data)
 <LI><a href="#[b]">nb_close</a> from bc95.o(i.nb_close) referenced 2 times from bc95.o(.data)
 <LI><a href="#[2c]">nb_cmd_data_ioctl</a> from nb_cmd_ioctl.o(i.nb_cmd_data_ioctl) referenced from nb_demo.o(i.demo_nbiot_only)
 <LI><a href="#[5]">nb_connect</a> from bc95.o(i.nb_connect) referenced 2 times from bc95.o(.data)
 <LI><a href="#[d]">nb_deinit</a> from bc95.o(i.nb_deinit) referenced 2 times from bc95.o(.data)
 <LI><a href="#[2f]">nb_handle_sock_data</a> from bc95.o(i.nb_handle_sock_data) referenced from bc95.o(i.nb_cmd_rcv_data)
 <LI><a href="#[3]">nb_init</a> from bc95.o(i.nb_init) referenced 2 times from bc95.o(.data)
 <LI><a href="#[9]">nb_recv</a> from bc95.o(i.nb_recv) referenced 2 times from bc95.o(.data)
 <LI><a href="#[c]">nb_recv_cb</a> from bc95.o(i.nb_recv_cb) referenced 2 times from bc95.o(.data)
 <LI><a href="#[8]">nb_recv_timeout</a> from bc95.o(i.nb_recv_timeout) referenced 2 times from bc95.o(.data)
 <LI><a href="#[a]">nb_recvfrom</a> from bc95.o(i.nb_recvfrom) referenced 2 times from bc95.o(.data)
 <LI><a href="#[29]">nb_reply_task</a> from nb_demo.o(i.nb_reply_task) referenced from nb_demo.o(i.creat_nb_reply_task)
 <LI><a href="#[6]">nb_send</a> from bc95.o(i.nb_send) referenced 2 times from bc95.o(.data)
 <LI><a href="#[53]">nb_send_str</a> from bc95.o(i.nb_send_str) referenced from sota_demo.o(.constdata)
 <LI><a href="#[7]">nb_sendto</a> from bc95.o(i.nb_sendto) referenced 2 times from bc95.o(.data)
 <LI><a href="#[30]">nb_step</a> from bc95.o(i.nb_step) referenced from bc95.o(i.nb_init)
 <LI><a href="#[1]">osHwiDefaultHandler</a> from los_hwi.o(i.osHwiDefaultHandler) referenced 16 times from los_hwi.o(.data.vector)
 <LI><a href="#[1]">osHwiDefaultHandler</a> from los_hwi.o(i.osHwiDefaultHandler) referenced from los_hwi.o(i.LOS_HwiCreate)
 <LI><a href="#[1]">osHwiDefaultHandler</a> from los_hwi.o(i.osHwiDefaultHandler) referenced from los_hwi.o(i.osHwiInit)
 <LI><a href="#[21]">osIdleTask</a> from los_task.o(i.osIdleTask) referenced from los_task.o(i.LOS_TaskCreateOnly)
 <LI><a href="#[21]">osIdleTask</a> from los_task.o(i.osIdleTask) referenced from los_task.o(i.osIdleTaskCreate)
 <LI><a href="#[20]">osInterrupt</a> from los_hwi.o(i.osInterrupt) referenced from los_hwi.o(i.LOS_HwiCreate)
 <LI><a href="#[20]">osInterrupt</a> from los_hwi.o(i.osInterrupt) referenced from los_hw_tick.o(i.osTickStart)
 <LI><a href="#[34]">osSwTmrTask</a> from los_swtmr.o(i.osSwTmrTask) referenced from los_swtmr.o(i.osSwTmrTaskCreate)
 <LI><a href="#[38]">osTaskEntry</a> from los_task.o(i.osTaskEntry) referenced from los_hw.o(i.osTskStackInit)
 <LI><a href="#[37]">osTaskExit</a> from los_hw.o(i.osTaskExit) referenced from los_hw.o(i.osTskStackInit)
 <LI><a href="#[35]">osTaskSwitchCheck</a> from los_task.o(i.osTaskSwitchCheck) referenced from los_task.o(i.osTaskMonInit)
 <LI><a href="#[36]">osTickHandler</a> from los_tick.o(i.osTickHandler) referenced from los_hw_tick.o(i.osTickStart)
 <LI><a href="#[3c]">pack_get_block_size</a> from package.o(i.pack_get_block_size) referenced from package.o(i.pack_init_device)
 <LI><a href="#[58]">pack_head_handle_bin_type_tlv</a> from package_head.o(i.pack_head_handle_bin_type_tlv) referenced from package_head.o(.constdata)
 <LI><a href="#[57]">pack_head_handle_checksum_tlv</a> from package_head.o(i.pack_head_handle_checksum_tlv) referenced from package_head.o(.constdata)
 <LI><a href="#[39]">pack_read_software</a> from package.o(i.pack_read_software) referenced from package.o(i.pack_init_device)
 <LI><a href="#[3b]">pack_set_flash_type</a> from package.o(i.pack_set_flash_type) referenced from package.o(i.pack_init_device)
 <LI><a href="#[43]">pack_sha256_check</a> from package_checksum.o(i.pack_sha256_check) referenced from package_checksum.o(i.pack_sha256_init)
 <LI><a href="#[44]">pack_sha256_destroy</a> from package_checksum.o(i.pack_sha256_destroy) referenced from package_checksum.o(i.pack_sha256_init)
 <LI><a href="#[41]">pack_sha256_reset</a> from package_checksum.o(i.pack_sha256_reset) referenced from package_checksum.o(i.pack_sha256_init)
 <LI><a href="#[45]">pack_sha256_rsa2048_check</a> from package_checksum.o(i.pack_sha256_rsa2048_check) referenced from package_checksum.o(i.pack_sha256_rsa2048_init)
 <LI><a href="#[42]">pack_sha256_update</a> from package_checksum.o(i.pack_sha256_update) referenced from package_checksum.o(i.pack_sha256_init)
 <LI><a href="#[40]">pack_storage_active_software</a> from package.o(i.pack_storage_active_software) referenced from package.o(i.pack_init_pack_device)
 <LI><a href="#[3e]">pack_storage_write_software</a> from package.o(i.pack_storage_write_software) referenced from package.o(i.pack_init_pack_device)
 <LI><a href="#[3f]">pack_storage_write_software_end</a> from package.o(i.pack_storage_write_software_end) referenced from package.o(i.pack_init_pack_device)
 <LI><a href="#[3a]">pack_write_software</a> from package.o(i.pack_write_software) referenced from package.o(i.pack_init_device)
 <LI><a href="#[11]">printf</a> from printfa.o(i.__0printf) referenced 2 times from platform.o(.data)
 <LI><a href="#[52]">read_ver</a> from sota_demo.o(i.read_ver) referenced from sota_demo.o(.constdata)
 <LI><a href="#[4e]">sha224_clone_wrap</a> from md_wrap.o(i.sha224_clone_wrap) referenced 2 times from md_wrap.o(.constdata)
 <LI><a href="#[4c]">sha224_ctx_alloc</a> from md_wrap.o(i.sha224_ctx_alloc) referenced 2 times from md_wrap.o(.constdata)
 <LI><a href="#[4d]">sha224_ctx_free</a> from md_wrap.o(i.sha224_ctx_free) referenced 2 times from md_wrap.o(.constdata)
 <LI><a href="#[4a]">sha224_finish_wrap</a> from md_wrap.o(i.sha224_finish_wrap) referenced 2 times from md_wrap.o(.constdata)
 <LI><a href="#[4f]">sha224_process_wrap</a> from md_wrap.o(i.sha224_process_wrap) referenced 2 times from md_wrap.o(.constdata)
 <LI><a href="#[48]">sha224_starts_wrap</a> from md_wrap.o(i.sha224_starts_wrap) referenced from md_wrap.o(.constdata)
 <LI><a href="#[49]">sha224_update_wrap</a> from md_wrap.o(i.sha224_update_wrap) referenced 2 times from md_wrap.o(.constdata)
 <LI><a href="#[4b]">sha224_wrap</a> from md_wrap.o(i.sha224_wrap) referenced from md_wrap.o(.constdata)
 <LI><a href="#[50]">sha256_starts_wrap</a> from md_wrap.o(i.sha256_starts_wrap) referenced from md_wrap.o(.constdata)
 <LI><a href="#[51]">sha256_wrap</a> from md_wrap.o(i.sha256_wrap) referenced from md_wrap.o(.constdata)
 <LI><a href="#[10]">snprintf</a> from printfa.o(i.__0snprintf) referenced 2 times from platform.o(.data)
 <LI><a href="#[33]">sota_callback</a> from sota_demo.o(i.sota_callback) referenced from sota_demo.o(i.nb_sota_demo)
 <LI><a href="#[32]">sota_cmd_match</a> from sota_demo.o(i.sota_cmd_match) referenced from sota_demo.o(i.nb_sota_demo)
 <LI><a href="#[56]">sota_log</a> from sota_demo.o(i.sota_log) referenced from sota_demo.o(.constdata)
 <LI><a href="#[31]">sota_timeout_handler</a> from sota.o(i.sota_timeout_handler) referenced from sota_demo.o(i.nb_sota_demo)
</UL>
<P>
<H3>
Global Symbols
</H3>
<P><STRONG><a name="[0]"></a>Reset_Handler</STRONG> (Thumb, 0 bytes, Stack size unknown bytes, los_startup_keil.o(RESET))
<BR>[Address Reference Count : 2]<UL><LI> los_startup_keil.o(RESET)
<LI> los_hwi.o(.data.vector)
</UL>
<P><STRONG><a name="[1a]"></a>__main</STRONG> (Thumb, 0 bytes, Stack size unknown bytes, entry.o(.ARM.Collect$$$$00000000))
<BR>[Address Reference Count : 1]<UL><LI> los_startup_keil.o(RESET)
</UL>
<P><STRONG><a name="[221]"></a>_main_stk</STRONG> (Thumb, 0 bytes, Stack size unknown bytes, entry3.o(.ARM.Collect$$$$00000002))

<P><STRONG><a name="[59]"></a>_main_scatterload</STRONG> (Thumb, 0 bytes, Stack size unknown bytes, entry5.o(.ARM.Collect$$$$00000004))
<BR><BR>[Calls]<UL><LI><a href="#[5a]">&gt;&gt;</a>&nbsp;&nbsp;&nbsp;__scatterload
</UL>

<P><STRONG><a name="[72]"></a>__main_after_scatterload</STRONG> (Thumb, 0 bytes, Stack size unknown bytes, entry5.o(.ARM.Collect$$$$00000004))
<BR><BR>[Called By]<UL><LI><a href="#[5a]">&gt;&gt;</a>&nbsp;&nbsp;&nbsp;__scatterload
</UL>

<P><STRONG><a name="[222]"></a>_main_clock</STRONG> (Thumb, 0 bytes, Stack size unknown bytes, entry7b.o(.ARM.Collect$$$$00000008))

<P><STRONG><a name="[223]"></a>_main_cpp_init</STRONG> (Thumb, 0 bytes, Stack size unknown bytes, entry8b.o(.ARM.Collect$$$$0000000A))

<P><STRONG><a name="[224]"></a>_main_init</STRONG> (Thumb, 0 bytes, Stack size unknown bytes, entry9a.o(.ARM.Collect$$$$0000000B))

<P><STRONG><a name="[225]"></a>__rt_final_cpp</STRONG> (Thumb, 0 bytes, Stack size unknown bytes, entry10a.o(.ARM.Collect$$$$0000000D))

<P><STRONG><a name="[226]"></a>__rt_final_exit</STRONG> (Thumb, 0 bytes, Stack size unknown bytes, entry11a.o(.ARM.Collect$$$$0000000F))

<P><STRONG><a name="[fb]"></a>LOS_StartToRun</STRONG> (Thumb, 0 bytes, Stack size unknown bytes, los_dispatch_keil.o(.text))
<BR><BR>[Called By]<UL><LI><a href="#[f9]">&gt;&gt;</a>&nbsp;&nbsp;&nbsp;LOS_Start
</UL>

<P><STRONG><a name="[bd]"></a>LOS_IntLock</STRONG> (Thumb, 0 bytes, Stack size unknown bytes, los_dispatch_keil.o(.text))
<BR><BR>[Called By]<UL><LI><a href="#[bc]">&gt;&gt;</a>&nbsp;&nbsp;&nbsp;LOS_HwiCreate
<LI><a href="#[109]">&gt;&gt;</a>&nbsp;&nbsp;&nbsp;LOS_TaskDelay
<LI><a href="#[e9]">&gt;&gt;</a>&nbsp;&nbsp;&nbsp;LOS_QueueDelete
<LI><a href="#[e6]">&gt;&gt;</a>&nbsp;&nbsp;&nbsp;LOS_QueueCreate
<LI><a href="#[e4]">&gt;&gt;</a>&nbsp;&nbsp;&nbsp;LOS_MuxPost
<LI><a href="#[df]">&gt;&gt;</a>&nbsp;&nbsp;&nbsp;LOS_MuxPend
<LI><a href="#[101]">&gt;&gt;</a>&nbsp;&nbsp;&nbsp;LOS_TaskCreate
<LI><a href="#[10a]">&gt;&gt;</a>&nbsp;&nbsp;&nbsp;LOS_TaskYield
<LI><a href="#[10d]">&gt;&gt;</a>&nbsp;&nbsp;&nbsp;LOS_TaskDelete
<LI><a href="#[100]">&gt;&gt;</a>&nbsp;&nbsp;&nbsp;LOS_SwtmrStop
<LI><a href="#[fd]">&gt;&gt;</a>&nbsp;&nbsp;&nbsp;LOS_SwtmrStart
<LI><a href="#[fc]">&gt;&gt;</a>&nbsp;&nbsp;&nbsp;LOS_SwtmrCreate
<LI><a href="#[f8]">&gt;&gt;</a>&nbsp;&nbsp;&nbsp;LOS_SemPost
<LI><a href="#[f7]">&gt;&gt;</a>&nbsp;&nbsp;&nbsp;LOS_SemPend
<LI><a href="#[f4]">&gt;&gt;</a>&nbsp;&nbsp;&nbsp;LOS_SemDelete
<LI><a href="#[dd]">&gt;&gt;</a>&nbsp;&nbsp;&nbsp;LOS_MuxDelete
<LI><a href="#[d9]">&gt;&gt;</a>&nbsp;&nbsp;&nbsp;LOS_MuxCreate
<LI><a href="#[d4]">&gt;&gt;</a>&nbsp;&nbsp;&nbsp;osSlabMemFree
<LI><a href="#[cf]">&gt;&gt;</a>&nbsp;&nbsp;&nbsp;osSlabMemAlloc
<LI><a href="#[d6]">&gt;&gt;</a>&nbsp;&nbsp;&nbsp;LOS_MemInit
<LI><a href="#[d5]">&gt;&gt;</a>&nbsp;&nbsp;&nbsp;osHeapFree
<LI><a href="#[d0]">&gt;&gt;</a>&nbsp;&nbsp;&nbsp;osHeapAlloc
<LI><a href="#[f3]">&gt;&gt;</a>&nbsp;&nbsp;&nbsp;osSemCreate
<LI><a href="#[ed]">&gt;&gt;</a>&nbsp;&nbsp;&nbsp;osQueueOperate
<LI><a href="#[e3]">&gt;&gt;</a>&nbsp;&nbsp;&nbsp;LOS_Schedule
<LI><a href="#[10f]">&gt;&gt;</a>&nbsp;&nbsp;&nbsp;LOS_TaskNameGet
<LI><a href="#[102]">&gt;&gt;</a>&nbsp;&nbsp;&nbsp;LOS_TaskCreateOnly
<LI><a href="#[20]">&gt;&gt;</a>&nbsp;&nbsp;&nbsp;osInterrupt
<LI><a href="#[143]">&gt;&gt;</a>&nbsp;&nbsp;&nbsp;osKernelGetTickCount
</UL>

<P><STRONG><a name="[227]"></a>LOS_IntUnLock</STRONG> (Thumb, 0 bytes, Stack size unknown bytes, los_dispatch_keil.o(.text), UNUSED)

<P><STRONG><a name="[be]"></a>LOS_IntRestore</STRONG> (Thumb, 0 bytes, Stack size unknown bytes, los_dispatch_keil.o(.text))
<BR><BR>[Called By]<UL><LI><a href="#[bc]">&gt;&gt;</a>&nbsp;&nbsp;&nbsp;LOS_HwiCreate
<LI><a href="#[109]">&gt;&gt;</a>&nbsp;&nbsp;&nbsp;LOS_TaskDelay
<LI><a href="#[e9]">&gt;&gt;</a>&nbsp;&nbsp;&nbsp;LOS_QueueDelete
<LI><a href="#[e6]">&gt;&gt;</a>&nbsp;&nbsp;&nbsp;LOS_QueueCreate
<LI><a href="#[e4]">&gt;&gt;</a>&nbsp;&nbsp;&nbsp;LOS_MuxPost
<LI><a href="#[df]">&gt;&gt;</a>&nbsp;&nbsp;&nbsp;LOS_MuxPend
<LI><a href="#[101]">&gt;&gt;</a>&nbsp;&nbsp;&nbsp;LOS_TaskCreate
<LI><a href="#[10a]">&gt;&gt;</a>&nbsp;&nbsp;&nbsp;LOS_TaskYield
<LI><a href="#[10d]">&gt;&gt;</a>&nbsp;&nbsp;&nbsp;LOS_TaskDelete
<LI><a href="#[100]">&gt;&gt;</a>&nbsp;&nbsp;&nbsp;LOS_SwtmrStop
<LI><a href="#[fd]">&gt;&gt;</a>&nbsp;&nbsp;&nbsp;LOS_SwtmrStart
<LI><a href="#[fc]">&gt;&gt;</a>&nbsp;&nbsp;&nbsp;LOS_SwtmrCreate
<LI><a href="#[f8]">&gt;&gt;</a>&nbsp;&nbsp;&nbsp;LOS_SemPost
<LI><a href="#[f7]">&gt;&gt;</a>&nbsp;&nbsp;&nbsp;LOS_SemPend
<LI><a href="#[f4]">&gt;&gt;</a>&nbsp;&nbsp;&nbsp;LOS_SemDelete
<LI><a href="#[dd]">&gt;&gt;</a>&nbsp;&nbsp;&nbsp;LOS_MuxDelete
<LI><a href="#[d9]">&gt;&gt;</a>&nbsp;&nbsp;&nbsp;LOS_MuxCreate
<LI><a href="#[d4]">&gt;&gt;</a>&nbsp;&nbsp;&nbsp;osSlabMemFree
<LI><a href="#[cf]">&gt;&gt;</a>&nbsp;&nbsp;&nbsp;osSlabMemAlloc
<LI><a href="#[d6]">&gt;&gt;</a>&nbsp;&nbsp;&nbsp;LOS_MemInit
<LI><a href="#[d5]">&gt;&gt;</a>&nbsp;&nbsp;&nbsp;osHeapFree
<LI><a href="#[d0]">&gt;&gt;</a>&nbsp;&nbsp;&nbsp;osHeapAlloc
<LI><a href="#[f3]">&gt;&gt;</a>&nbsp;&nbsp;&nbsp;osSemCreate
<LI><a href="#[ed]">&gt;&gt;</a>&nbsp;&nbsp;&nbsp;osQueueOperate
<LI><a href="#[e3]">&gt;&gt;</a>&nbsp;&nbsp;&nbsp;LOS_Schedule
<LI><a href="#[10f]">&gt;&gt;</a>&nbsp;&nbsp;&nbsp;LOS_TaskNameGet
<LI><a href="#[102]">&gt;&gt;</a>&nbsp;&nbsp;&nbsp;LOS_TaskCreateOnly
<LI><a href="#[20]">&gt;&gt;</a>&nbsp;&nbsp;&nbsp;osInterrupt
<LI><a href="#[143]">&gt;&gt;</a>&nbsp;&nbsp;&nbsp;osKernelGetTickCount
</UL>

<P><STRONG><a name="[f1]"></a>osTaskSchedule</STRONG> (Thumb, 0 bytes, Stack size unknown bytes, los_dispatch_keil.o(.text))
<BR><BR>[Called By]<UL><LI><a href="#[104]">&gt;&gt;</a>&nbsp;&nbsp;&nbsp;osSchedule
<LI><a href="#[e3]">&gt;&gt;</a>&nbsp;&nbsp;&nbsp;LOS_Schedule
</UL>

<P><STRONG><a name="[2]"></a>PendSV_Handler</STRONG> (Thumb, 0 bytes, Stack size unknown bytes, los_dispatch_keil.o(.text))
<BR>[Address Reference Count : 1]<UL><LI> los_hwi.o(.data.vector)
</UL>
<P><STRONG><a name="[5b]"></a>__aeabi_uldivmod</STRONG> (Thumb, 98 bytes, Stack size 40 bytes, uldiv.o(.text))
<BR><BR>[Stack]<UL><LI>Max Depth = 40<LI>Call Chain = __aeabi_uldivmod
</UL>
<BR>[Calls]<UL><LI><a href="#[5d]">&gt;&gt;</a>&nbsp;&nbsp;&nbsp;__aeabi_llsl
<LI><a href="#[5c]">&gt;&gt;</a>&nbsp;&nbsp;&nbsp;__aeabi_llsr
</UL>
<BR>[Called By]<UL><LI><a href="#[a6]">&gt;&gt;</a>&nbsp;&nbsp;&nbsp;UART_SetConfig
<LI><a href="#[176]">&gt;&gt;</a>&nbsp;&nbsp;&nbsp;mbedtls_int_div_int
<LI><a href="#[11c]">&gt;&gt;</a>&nbsp;&nbsp;&nbsp;_printf_core
<LI><a href="#[120]">&gt;&gt;</a>&nbsp;&nbsp;&nbsp;_fp_digits
</UL>

<P><STRONG><a name="[5d]"></a>__aeabi_llsl</STRONG> (Thumb, 30 bytes, Stack size 0 bytes, llshl.o(.text))
<BR><BR>[Called By]<UL><LI><a href="#[6a]">&gt;&gt;</a>&nbsp;&nbsp;&nbsp;__aeabi_d2ulz
<LI><a href="#[5b]">&gt;&gt;</a>&nbsp;&nbsp;&nbsp;__aeabi_uldivmod
<LI><a href="#[66]">&gt;&gt;</a>&nbsp;&nbsp;&nbsp;_double_epilogue
<LI><a href="#[6e]">&gt;&gt;</a>&nbsp;&nbsp;&nbsp;__aeabi_dadd
</UL>

<P><STRONG><a name="[228]"></a>_ll_shift_l</STRONG> (Thumb, 0 bytes, Stack size 0 bytes, llshl.o(.text), UNUSED)

<P><STRONG><a name="[b2]"></a>toupper</STRONG> (Thumb, 12 bytes, Stack size 0 bytes, toupper.o(.text))
<BR><BR>[Called By]<UL><LI><a href="#[b1]">&gt;&gt;</a>&nbsp;&nbsp;&nbsp;HexStrToStr
</UL>

<P><STRONG><a name="[229]"></a>___aeabi_memcpy8$move</STRONG> (Thumb, 0 bytes, Stack size 8 bytes, memmovea.o(.text), UNUSED)

<P><STRONG><a name="[13a]"></a>__aeabi_memcpy</STRONG> (Thumb, 64 bytes, Stack size 8 bytes, memmovea.o(.text))
<BR><BR>[Stack]<UL><LI>Max Depth = 8<LI>Call Chain = __aeabi_memcpy
</UL>
<BR>[Called By]<UL><LI><a href="#[13d]">&gt;&gt;</a>&nbsp;&nbsp;&nbsp;read_resp
<LI><a href="#[8]">&gt;&gt;</a>&nbsp;&nbsp;&nbsp;nb_recv_timeout
<LI><a href="#[161]">&gt;&gt;</a>&nbsp;&nbsp;&nbsp;flash_adaptor_write
<LI><a href="#[1d4]">&gt;&gt;</a>&nbsp;&nbsp;&nbsp;osQueueBufferOperate
<LI><a href="#[35]">&gt;&gt;</a>&nbsp;&nbsp;&nbsp;osTaskSwitchCheck
<LI><a href="#[1b5]">&gt;&gt;</a>&nbsp;&nbsp;&nbsp;mbedtls_sha256_update
<LI><a href="#[1f9]">&gt;&gt;</a>&nbsp;&nbsp;&nbsp;pack_head_parse
<LI><a href="#[21a]">&gt;&gt;</a>&nbsp;&nbsp;&nbsp;sota_status_check
<LI><a href="#[218]">&gt;&gt;</a>&nbsp;&nbsp;&nbsp;sota_send_request_block
<LI><a href="#[21e]">&gt;&gt;</a>&nbsp;&nbsp;&nbsp;sota_reset_record_info
<LI><a href="#[211]">&gt;&gt;</a>&nbsp;&nbsp;&nbsp;sota_at_send
<LI><a href="#[15e]">&gt;&gt;</a>&nbsp;&nbsp;&nbsp;flag_write
<LI><a href="#[159]">&gt;&gt;</a>&nbsp;&nbsp;&nbsp;flag_read
<LI><a href="#[134]">&gt;&gt;</a>&nbsp;&nbsp;&nbsp;store_resp_buf
<LI><a href="#[16]">&gt;&gt;</a>&nbsp;&nbsp;&nbsp;at_oob_register
<LI><a href="#[20c]">&gt;&gt;</a>&nbsp;&nbsp;&nbsp;pack_wr_end_not_aligned_block
<LI><a href="#[208]">&gt;&gt;</a>&nbsp;&nbsp;&nbsp;pack_wr_begin_not_aligned
<LI><a href="#[1fa]">&gt;&gt;</a>&nbsp;&nbsp;&nbsp;pack_head_parse_head_len
<LI><a href="#[57]">&gt;&gt;</a>&nbsp;&nbsp;&nbsp;pack_head_handle_checksum_tlv
</UL>

<P><STRONG><a name="[12a]"></a>__aeabi_memcpy4</STRONG> (Thumb, 0 bytes, Stack size 8 bytes, memmovea.o(.text))
<BR><BR>[Stack]<UL><LI>Max Depth = 8<LI>Call Chain = __aeabi_memcpy4
</UL>
<BR>[Called By]<UL><LI><a href="#[13f]">&gt;&gt;</a>&nbsp;&nbsp;&nbsp;at_set_config
<LI><a href="#[3]">&gt;&gt;</a>&nbsp;&nbsp;&nbsp;nb_init
<LI><a href="#[17b]">&gt;&gt;</a>&nbsp;&nbsp;&nbsp;mbedtls_mpi_grow
<LI><a href="#[17a]">&gt;&gt;</a>&nbsp;&nbsp;&nbsp;mbedtls_mpi_copy
<LI><a href="#[18f]">&gt;&gt;</a>&nbsp;&nbsp;&nbsp;mpi_montmul
<LI><a href="#[1b8]">&gt;&gt;</a>&nbsp;&nbsp;&nbsp;mbedtls_sha256_clone
<LI><a href="#[1fd]">&gt;&gt;</a>&nbsp;&nbsp;&nbsp;pack_init_device
<LI><a href="#[12]">&gt;&gt;</a>&nbsp;&nbsp;&nbsp;at_init
<LI><a href="#[18]">&gt;&gt;</a>&nbsp;&nbsp;&nbsp;at_cmd_multi_suffix
<LI><a href="#[152]">&gt;&gt;</a>&nbsp;&nbsp;&nbsp;los_nb_init
<LI><a href="#[1cd]">&gt;&gt;</a>&nbsp;&nbsp;&nbsp;sota_init
<LI><a href="#[153]">&gt;&gt;</a>&nbsp;&nbsp;&nbsp;nb_sota_demo
</UL>

<P><STRONG><a name="[22a]"></a>__aeabi_memmove</STRONG> (Thumb, 0 bytes, Stack size 8 bytes, memmovea.o(.text), UNUSED)

<P><STRONG><a name="[22b]"></a>__aeabi_memmove4</STRONG> (Thumb, 0 bytes, Stack size 8 bytes, memmovea.o(.text), UNUSED)

<P><STRONG><a name="[22c]"></a>__aeabi_memmove8</STRONG> (Thumb, 0 bytes, Stack size 8 bytes, memmovea.o(.text), UNUSED)

<P><STRONG><a name="[5f]"></a>__aeabi_memset</STRONG> (Thumb, 14 bytes, Stack size 0 bytes, memseta.o(.text))
<BR><BR>[Called By]<UL><LI><a href="#[108]">&gt;&gt;</a>&nbsp;&nbsp;&nbsp;osTskStackInit
<LI><a href="#[60]">&gt;&gt;</a>&nbsp;&nbsp;&nbsp;_memset$wrapper
<LI><a href="#[5e]">&gt;&gt;</a>&nbsp;&nbsp;&nbsp;__aeabi_memclr
</UL>

<P><STRONG><a name="[22d]"></a>__aeabi_memset4</STRONG> (Thumb, 0 bytes, Stack size 0 bytes, memseta.o(.text), UNUSED)

<P><STRONG><a name="[22e]"></a>__aeabi_memset8</STRONG> (Thumb, 0 bytes, Stack size 0 bytes, memseta.o(.text), UNUSED)

<P><STRONG><a name="[5e]"></a>__aeabi_memclr</STRONG> (Thumb, 4 bytes, Stack size 0 bytes, memseta.o(.text))
<BR><BR>[Calls]<UL><LI><a href="#[5f]">&gt;&gt;</a>&nbsp;&nbsp;&nbsp;__aeabi_memset
</UL>
<BR>[Called By]<UL><LI><a href="#[54]">&gt;&gt;</a>&nbsp;&nbsp;&nbsp;at_malloc
<LI><a href="#[7]">&gt;&gt;</a>&nbsp;&nbsp;&nbsp;nb_sendto
<LI><a href="#[53]">&gt;&gt;</a>&nbsp;&nbsp;&nbsp;nb_send_str
<LI><a href="#[174]">&gt;&gt;</a>&nbsp;&nbsp;&nbsp;nb_send_payload
<LI><a href="#[1c5]">&gt;&gt;</a>&nbsp;&nbsp;&nbsp;nb_create_sock
<LI><a href="#[d7]">&gt;&gt;</a>&nbsp;&nbsp;&nbsp;osHeapInit
<LI><a href="#[c5]">&gt;&gt;</a>&nbsp;&nbsp;&nbsp;osTaskMonInit
<LI><a href="#[19e]">&gt;&gt;</a>&nbsp;&nbsp;&nbsp;mbedtls_mpi_write_binary
<LI><a href="#[3d]">&gt;&gt;</a>&nbsp;&nbsp;&nbsp;local_calloc
<LI><a href="#[2a]">&gt;&gt;</a>&nbsp;&nbsp;&nbsp;at_recv_task
<LI><a href="#[29]">&gt;&gt;</a>&nbsp;&nbsp;&nbsp;nb_reply_task
<LI><a href="#[28]">&gt;&gt;</a>&nbsp;&nbsp;&nbsp;data_report_task
<LI><a href="#[215]">&gt;&gt;</a>&nbsp;&nbsp;&nbsp;sota_parse
<LI><a href="#[148]">&gt;&gt;</a>&nbsp;&nbsp;&nbsp;zalloc
<LI><a href="#[57]">&gt;&gt;</a>&nbsp;&nbsp;&nbsp;pack_head_handle_checksum_tlv
</UL>

<P><STRONG><a name="[125]"></a>__aeabi_memclr4</STRONG> (Thumb, 0 bytes, Stack size 0 bytes, memseta.o(.text))
<BR><BR>[Called By]<UL><LI><a href="#[126]">&gt;&gt;</a>&nbsp;&nbsp;&nbsp;at_cmd_in_callback
<LI><a href="#[173]">&gt;&gt;</a>&nbsp;&nbsp;&nbsp;nb_set_cdpserver
<LI><a href="#[7]">&gt;&gt;</a>&nbsp;&nbsp;&nbsp;nb_sendto
<LI><a href="#[b]">&gt;&gt;</a>&nbsp;&nbsp;&nbsp;nb_close
<LI><a href="#[3]">&gt;&gt;</a>&nbsp;&nbsp;&nbsp;nb_init
<LI><a href="#[1c1]">&gt;&gt;</a>&nbsp;&nbsp;&nbsp;nb_cmd_with_2_suffix
<LI><a href="#[165]">&gt;&gt;</a>&nbsp;&nbsp;&nbsp;hal_get_ota_opt
<LI><a href="#[1df]">&gt;&gt;</a>&nbsp;&nbsp;&nbsp;osSwTmrTaskCreate
<LI><a href="#[c9]">&gt;&gt;</a>&nbsp;&nbsp;&nbsp;osSwTmrInit
<LI><a href="#[1ce]">&gt;&gt;</a>&nbsp;&nbsp;&nbsp;osAlarmHeapInfo
<LI><a href="#[c8]">&gt;&gt;</a>&nbsp;&nbsp;&nbsp;osQueueInit
<LI><a href="#[c4]">&gt;&gt;</a>&nbsp;&nbsp;&nbsp;osTaskInit
<LI><a href="#[cb]">&gt;&gt;</a>&nbsp;&nbsp;&nbsp;osIdleTaskCreate
<LI><a href="#[1d0]">&gt;&gt;</a>&nbsp;&nbsp;&nbsp;osAtomicBitsetInit
<LI><a href="#[187]">&gt;&gt;</a>&nbsp;&nbsp;&nbsp;mbedtls_mpi_lset
<LI><a href="#[18c]">&gt;&gt;</a>&nbsp;&nbsp;&nbsp;mbedtls_mpi_exp_mod
<LI><a href="#[17a]">&gt;&gt;</a>&nbsp;&nbsp;&nbsp;mbedtls_mpi_copy
<LI><a href="#[18f]">&gt;&gt;</a>&nbsp;&nbsp;&nbsp;mpi_montmul
<LI><a href="#[1a1]">&gt;&gt;</a>&nbsp;&nbsp;&nbsp;mbedtls_rsa_init
<LI><a href="#[1ad]">&gt;&gt;</a>&nbsp;&nbsp;&nbsp;mgf_mask
<LI><a href="#[1b3]">&gt;&gt;</a>&nbsp;&nbsp;&nbsp;mbedtls_sha256_init
<LI><a href="#[1ea]">&gt;&gt;</a>&nbsp;&nbsp;&nbsp;pack_checksum_init
<LI><a href="#[201]">&gt;&gt;</a>&nbsp;&nbsp;&nbsp;pack_wr_init
<LI><a href="#[1f8]">&gt;&gt;</a>&nbsp;&nbsp;&nbsp;pack_head_init
<LI><a href="#[1f7]">&gt;&gt;</a>&nbsp;&nbsp;&nbsp;pack_head_destroy
<LI><a href="#[1f4]">&gt;&gt;</a>&nbsp;&nbsp;&nbsp;pack_init_pack_device
<LI><a href="#[21a]">&gt;&gt;</a>&nbsp;&nbsp;&nbsp;sota_status_check
<LI><a href="#[218]">&gt;&gt;</a>&nbsp;&nbsp;&nbsp;sota_send_request_block
<LI><a href="#[211]">&gt;&gt;</a>&nbsp;&nbsp;&nbsp;sota_at_send
<LI><a href="#[14]">&gt;&gt;</a>&nbsp;&nbsp;&nbsp;at_write
<LI><a href="#[135]">&gt;&gt;</a>&nbsp;&nbsp;&nbsp;at_struct_init
<LI><a href="#[12f]">&gt;&gt;</a>&nbsp;&nbsp;&nbsp;at_init_oob
<LI><a href="#[18]">&gt;&gt;</a>&nbsp;&nbsp;&nbsp;at_cmd_multi_suffix
<LI><a href="#[13]">&gt;&gt;</a>&nbsp;&nbsp;&nbsp;at_cmd
<LI><a href="#[2c]">&gt;&gt;</a>&nbsp;&nbsp;&nbsp;nb_cmd_data_ioctl
<LI><a href="#[214]">&gt;&gt;</a>&nbsp;&nbsp;&nbsp;sota_process
<LI><a href="#[56]">&gt;&gt;</a>&nbsp;&nbsp;&nbsp;sota_log
</UL>

<P><STRONG><a name="[22f]"></a>__aeabi_memclr8</STRONG> (Thumb, 0 bytes, Stack size 0 bytes, memseta.o(.text), UNUSED)

<P><STRONG><a name="[60]"></a>_memset$wrapper</STRONG> (Thumb, 18 bytes, Stack size 8 bytes, memseta.o(.text), UNUSED)
<BR><BR>[Calls]<UL><LI><a href="#[5f]">&gt;&gt;</a>&nbsp;&nbsp;&nbsp;__aeabi_memset
</UL>

<P><STRONG><a name="[114]"></a>strstr</STRONG> (Thumb, 36 bytes, Stack size 12 bytes, strstr.o(.text))
<BR><BR>[Stack]<UL><LI>Max Depth = 12<LI>Call Chain = strstr
</UL>
<BR>[Called By]<UL><LI><a href="#[174]">&gt;&gt;</a>&nbsp;&nbsp;&nbsp;nb_send_payload
<LI><a href="#[1c7]">&gt;&gt;</a>&nbsp;&nbsp;&nbsp;nb_decompose_str
<LI><a href="#[2f]">&gt;&gt;</a>&nbsp;&nbsp;&nbsp;nb_handle_sock_data
<LI><a href="#[133]">&gt;&gt;</a>&nbsp;&nbsp;&nbsp;at_handle_resp
<LI><a href="#[2b]">&gt;&gt;</a>&nbsp;&nbsp;&nbsp;OC_cmd_match
<LI><a href="#[215]">&gt;&gt;</a>&nbsp;&nbsp;&nbsp;sota_parse
<LI><a href="#[32]">&gt;&gt;</a>&nbsp;&nbsp;&nbsp;sota_cmd_match
</UL>

<P><STRONG><a name="[1c4]"></a>strncpy</STRONG> (Thumb, 24 bytes, Stack size 8 bytes, strncpy.o(.text))
<BR><BR>[Stack]<UL><LI>Max Depth = 8<LI>Call Chain = strncpy
</UL>
<BR>[Called By]<UL><LI><a href="#[8]">&gt;&gt;</a>&nbsp;&nbsp;&nbsp;nb_recv_timeout
<LI><a href="#[1c7]">&gt;&gt;</a>&nbsp;&nbsp;&nbsp;nb_decompose_str
<LI><a href="#[5]">&gt;&gt;</a>&nbsp;&nbsp;&nbsp;nb_connect
</UL>

<P><STRONG><a name="[13b]"></a>strlen</STRONG> (Thumb, 14 bytes, Stack size 0 bytes, strlen.o(.text))
<BR><BR>[Called By]<UL><LI><a href="#[127]">&gt;&gt;</a>&nbsp;&nbsp;&nbsp;at_transmit
<LI><a href="#[16e]">&gt;&gt;</a>&nbsp;&nbsp;&nbsp;nb_set_no_encrypt
<LI><a href="#[173]">&gt;&gt;</a>&nbsp;&nbsp;&nbsp;nb_set_cdpserver
<LI><a href="#[53]">&gt;&gt;</a>&nbsp;&nbsp;&nbsp;nb_send_str
<LI><a href="#[16d]">&gt;&gt;</a>&nbsp;&nbsp;&nbsp;nb_send_psk
<LI><a href="#[174]">&gt;&gt;</a>&nbsp;&nbsp;&nbsp;nb_send_payload
<LI><a href="#[8]">&gt;&gt;</a>&nbsp;&nbsp;&nbsp;nb_recv_timeout
<LI><a href="#[172]">&gt;&gt;</a>&nbsp;&nbsp;&nbsp;nb_query_ip
<LI><a href="#[170]">&gt;&gt;</a>&nbsp;&nbsp;&nbsp;nb_get_netstat
<LI><a href="#[171]">&gt;&gt;</a>&nbsp;&nbsp;&nbsp;nb_check_csq
<LI><a href="#[1c6]">&gt;&gt;</a>&nbsp;&nbsp;&nbsp;strnstr
<LI><a href="#[199]">&gt;&gt;</a>&nbsp;&nbsp;&nbsp;mbedtls_mpi_read_string
<LI><a href="#[14]">&gt;&gt;</a>&nbsp;&nbsp;&nbsp;at_write
<LI><a href="#[16]">&gt;&gt;</a>&nbsp;&nbsp;&nbsp;at_oob_register
<LI><a href="#[29]">&gt;&gt;</a>&nbsp;&nbsp;&nbsp;nb_reply_task
</UL>

<P><STRONG><a name="[1c2]"></a>strcmp</STRONG> (Thumb, 28 bytes, Stack size 8 bytes, strcmp.o(.text))
<BR><BR>[Stack]<UL><LI>Max Depth = 8<LI>Call Chain = strcmp
</UL>
<BR>[Called By]<UL><LI><a href="#[2c]">&gt;&gt;</a>&nbsp;&nbsp;&nbsp;nb_cmd_data_ioctl
</UL>

<P><STRONG><a name="[1b1]"></a>memcmp</STRONG> (Thumb, 26 bytes, Stack size 12 bytes, memcmp.o(.text))
<BR><BR>[Stack]<UL><LI>Max Depth = 12<LI>Call Chain = memcmp
</UL>
<BR>[Called By]<UL><LI><a href="#[1c6]">&gt;&gt;</a>&nbsp;&nbsp;&nbsp;strnstr
<LI><a href="#[1a8]">&gt;&gt;</a>&nbsp;&nbsp;&nbsp;mbedtls_rsa_rsassa_pss_verify_ext
<LI><a href="#[43]">&gt;&gt;</a>&nbsp;&nbsp;&nbsp;pack_sha256_check
</UL>

<P><STRONG><a name="[21d]"></a>strncmp</STRONG> (Thumb, 30 bytes, Stack size 12 bytes, strncmp.o(.text))
<BR><BR>[Stack]<UL><LI>Max Depth = 12<LI>Call Chain = strncmp
</UL>
<BR>[Called By]<UL><LI><a href="#[21c]">&gt;&gt;</a>&nbsp;&nbsp;&nbsp;sota_new_ver_process
</UL>

<P><STRONG><a name="[61]"></a>__0sscanf</STRONG> (Thumb, 48 bytes, Stack size 72 bytes, __0sscanf.o(.text))
<BR><BR>[Stack]<UL><LI>Max Depth = 216<LI>Call Chain = __0sscanf &rArr; __vfscanf_char &rArr; __vfscanf &rArr; _scanf_string
</UL>
<BR>[Calls]<UL><LI><a href="#[62]">&gt;&gt;</a>&nbsp;&nbsp;&nbsp;__vfscanf_char
</UL>
<BR>[Called By]<UL><LI><a href="#[174]">&gt;&gt;</a>&nbsp;&nbsp;&nbsp;nb_send_payload
<LI><a href="#[1c5]">&gt;&gt;</a>&nbsp;&nbsp;&nbsp;nb_create_sock
<LI><a href="#[1c8]">&gt;&gt;</a>&nbsp;&nbsp;&nbsp;nb_is_addr_valid
<LI><a href="#[2c]">&gt;&gt;</a>&nbsp;&nbsp;&nbsp;nb_cmd_data_ioctl
</UL>

<P><STRONG><a name="[63]"></a>_scanf_int</STRONG> (Thumb, 332 bytes, Stack size 56 bytes, _scanf_int.o(.text))
<BR><BR>[Stack]<UL><LI>Max Depth = 56<LI>Call Chain = _scanf_int
</UL>
<BR>[Calls]<UL><LI><a href="#[64]">&gt;&gt;</a>&nbsp;&nbsp;&nbsp;_chval
</UL>
<BR>[Called By]<UL><LI><a href="#[6d]">&gt;&gt;</a>&nbsp;&nbsp;&nbsp;__vfscanf
</UL>

<P><STRONG><a name="[74]"></a>_scanf_string</STRONG> (Thumb, 224 bytes, Stack size 56 bytes, _scanf_str.o(.text))
<BR><BR>[Stack]<UL><LI>Max Depth = 56<LI>Call Chain = _scanf_string
</UL>
<BR>[Called By]<UL><LI><a href="#[6d]">&gt;&gt;</a>&nbsp;&nbsp;&nbsp;__vfscanf
</UL>

<P><STRONG><a name="[65]"></a>__aeabi_dmul</STRONG> (Thumb, 228 bytes, Stack size 48 bytes, dmul.o(.text), UNUSED)
<BR><BR>[Calls]<UL><LI><a href="#[66]">&gt;&gt;</a>&nbsp;&nbsp;&nbsp;_double_epilogue
</UL>
<BR>[Called By]<UL><LI><a href="#[120]">&gt;&gt;</a>&nbsp;&nbsp;&nbsp;_fp_digits
</UL>

<P><STRONG><a name="[67]"></a>__aeabi_ddiv</STRONG> (Thumb, 222 bytes, Stack size 32 bytes, ddiv.o(.text))
<BR><BR>[Stack]<UL><LI>Max Depth = 40<LI>Call Chain = __aeabi_ddiv &rArr; _double_round
</UL>
<BR>[Calls]<UL><LI><a href="#[68]">&gt;&gt;</a>&nbsp;&nbsp;&nbsp;_double_round
</UL>
<BR>[Called By]<UL><LI><a href="#[75]">&gt;&gt;</a>&nbsp;&nbsp;&nbsp;Convert_BH1750
<LI><a href="#[120]">&gt;&gt;</a>&nbsp;&nbsp;&nbsp;_fp_digits
</UL>

<P><STRONG><a name="[69]"></a>__aeabi_i2d</STRONG> (Thumb, 34 bytes, Stack size 16 bytes, dflti.o(.text))
<BR><BR>[Stack]<UL><LI>Max Depth = 56<LI>Call Chain = __aeabi_i2d &rArr; _double_epilogue &rArr; _double_round
</UL>
<BR>[Calls]<UL><LI><a href="#[66]">&gt;&gt;</a>&nbsp;&nbsp;&nbsp;_double_epilogue
</UL>
<BR>[Called By]<UL><LI><a href="#[75]">&gt;&gt;</a>&nbsp;&nbsp;&nbsp;Convert_BH1750
</UL>

<P><STRONG><a name="[6a]"></a>__aeabi_d2ulz</STRONG> (Thumb, 48 bytes, Stack size 0 bytes, dfixul.o(.text), UNUSED)
<BR><BR>[Calls]<UL><LI><a href="#[5d]">&gt;&gt;</a>&nbsp;&nbsp;&nbsp;__aeabi_llsl
<LI><a href="#[5c]">&gt;&gt;</a>&nbsp;&nbsp;&nbsp;__aeabi_llsr
</UL>
<BR>[Called By]<UL><LI><a href="#[120]">&gt;&gt;</a>&nbsp;&nbsp;&nbsp;_fp_digits
</UL>

<P><STRONG><a name="[6b]"></a>__aeabi_d2f</STRONG> (Thumb, 56 bytes, Stack size 8 bytes, d2f.o(.text))
<BR><BR>[Stack]<UL><LI>Max Depth = 8<LI>Call Chain = __aeabi_d2f
</UL>
<BR>[Calls]<UL><LI><a href="#[6c]">&gt;&gt;</a>&nbsp;&nbsp;&nbsp;_float_round
</UL>
<BR>[Called By]<UL><LI><a href="#[75]">&gt;&gt;</a>&nbsp;&nbsp;&nbsp;Convert_BH1750
</UL>

<P><STRONG><a name="[230]"></a>__aeabi_uidiv</STRONG> (Thumb, 0 bytes, Stack size 12 bytes, uidiv.o(.text), UNUSED)

<P><STRONG><a name="[124]"></a>__aeabi_uidivmod</STRONG> (Thumb, 44 bytes, Stack size 12 bytes, uidiv.o(.text), UNUSED)
<BR><BR>[Called By]<UL><LI><a href="#[11c]">&gt;&gt;</a>&nbsp;&nbsp;&nbsp;_printf_core
</UL>

<P><STRONG><a name="[5c]"></a>__aeabi_llsr</STRONG> (Thumb, 32 bytes, Stack size 0 bytes, llushr.o(.text))
<BR><BR>[Called By]<UL><LI><a href="#[6a]">&gt;&gt;</a>&nbsp;&nbsp;&nbsp;__aeabi_d2ulz
<LI><a href="#[5b]">&gt;&gt;</a>&nbsp;&nbsp;&nbsp;__aeabi_uldivmod
<LI><a href="#[66]">&gt;&gt;</a>&nbsp;&nbsp;&nbsp;_double_epilogue
</UL>

<P><STRONG><a name="[231]"></a>_ll_ushift_r</STRONG> (Thumb, 0 bytes, Stack size 0 bytes, llushr.o(.text), UNUSED)

<P><STRONG><a name="[64]"></a>_chval</STRONG> (Thumb, 28 bytes, Stack size 0 bytes, _chval.o(.text))
<BR><BR>[Called By]<UL><LI><a href="#[63]">&gt;&gt;</a>&nbsp;&nbsp;&nbsp;_scanf_int
</UL>

<P><STRONG><a name="[62]"></a>__vfscanf_char</STRONG> (Thumb, 20 bytes, Stack size 0 bytes, scanf_char.o(.text))
<BR><BR>[Stack]<UL><LI>Max Depth = 144<LI>Call Chain = __vfscanf_char &rArr; __vfscanf &rArr; _scanf_string
</UL>
<BR>[Calls]<UL><LI><a href="#[6d]">&gt;&gt;</a>&nbsp;&nbsp;&nbsp;__vfscanf
</UL>
<BR>[Called By]<UL><LI><a href="#[61]">&gt;&gt;</a>&nbsp;&nbsp;&nbsp;__0sscanf
</UL>

<P><STRONG><a name="[1c]"></a>_sgetc</STRONG> (Thumb, 30 bytes, Stack size 0 bytes, _sgetc.o(.text))
<BR>[Address Reference Count : 1]<UL><LI> __0sscanf.o(.text)
</UL>
<P><STRONG><a name="[1d]"></a>_sbackspace</STRONG> (Thumb, 34 bytes, Stack size 0 bytes, _sgetc.o(.text))
<BR>[Address Reference Count : 1]<UL><LI> __0sscanf.o(.text)
</UL>
<P><STRONG><a name="[232]"></a>__I$use$fp</STRONG> (Thumb, 0 bytes, Stack size 0 bytes, iusefp.o(.text), UNUSED)

<P><STRONG><a name="[6c]"></a>_float_round</STRONG> (Thumb, 18 bytes, Stack size 0 bytes, fepilogue.o(.text))
<BR><BR>[Called By]<UL><LI><a href="#[6b]">&gt;&gt;</a>&nbsp;&nbsp;&nbsp;__aeabi_d2f
</UL>

<P><STRONG><a name="[233]"></a>_float_epilogue</STRONG> (Thumb, 92 bytes, Stack size 4 bytes, fepilogue.o(.text), UNUSED)

<P><STRONG><a name="[68]"></a>_double_round</STRONG> (Thumb, 30 bytes, Stack size 8 bytes, depilogue.o(.text))
<BR><BR>[Stack]<UL><LI>Max Depth = 8<LI>Call Chain = _double_round
</UL>
<BR>[Called By]<UL><LI><a href="#[67]">&gt;&gt;</a>&nbsp;&nbsp;&nbsp;__aeabi_ddiv
<LI><a href="#[66]">&gt;&gt;</a>&nbsp;&nbsp;&nbsp;_double_epilogue
<LI><a href="#[6e]">&gt;&gt;</a>&nbsp;&nbsp;&nbsp;__aeabi_dadd
</UL>

<P><STRONG><a name="[66]"></a>_double_epilogue</STRONG> (Thumb, 156 bytes, Stack size 32 bytes, depilogue.o(.text))
<BR><BR>[Stack]<UL><LI>Max Depth = 40<LI>Call Chain = _double_epilogue &rArr; _double_round
</UL>
<BR>[Calls]<UL><LI><a href="#[5d]">&gt;&gt;</a>&nbsp;&nbsp;&nbsp;__aeabi_llsl
<LI><a href="#[5c]">&gt;&gt;</a>&nbsp;&nbsp;&nbsp;__aeabi_llsr
<LI><a href="#[68]">&gt;&gt;</a>&nbsp;&nbsp;&nbsp;_double_round
</UL>
<BR>[Called By]<UL><LI><a href="#[69]">&gt;&gt;</a>&nbsp;&nbsp;&nbsp;__aeabi_i2d
<LI><a href="#[65]">&gt;&gt;</a>&nbsp;&nbsp;&nbsp;__aeabi_dmul
<LI><a href="#[6e]">&gt;&gt;</a>&nbsp;&nbsp;&nbsp;__aeabi_dadd
</UL>

<P><STRONG><a name="[6e]"></a>__aeabi_dadd</STRONG> (Thumb, 322 bytes, Stack size 48 bytes, dadd.o(.text), UNUSED)
<BR><BR>[Calls]<UL><LI><a href="#[5d]">&gt;&gt;</a>&nbsp;&nbsp;&nbsp;__aeabi_llsl
<LI><a href="#[6f]">&gt;&gt;</a>&nbsp;&nbsp;&nbsp;__aeabi_lasr
<LI><a href="#[68]">&gt;&gt;</a>&nbsp;&nbsp;&nbsp;_double_round
<LI><a href="#[66]">&gt;&gt;</a>&nbsp;&nbsp;&nbsp;_double_epilogue
</UL>
<BR>[Called By]<UL><LI><a href="#[71]">&gt;&gt;</a>&nbsp;&nbsp;&nbsp;__aeabi_drsub
<LI><a href="#[70]">&gt;&gt;</a>&nbsp;&nbsp;&nbsp;__aeabi_dsub
<LI><a href="#[120]">&gt;&gt;</a>&nbsp;&nbsp;&nbsp;_fp_digits
</UL>

<P><STRONG><a name="[70]"></a>__aeabi_dsub</STRONG> (Thumb, 6 bytes, Stack size 0 bytes, dadd.o(.text), UNUSED)
<BR><BR>[Calls]<UL><LI><a href="#[6e]">&gt;&gt;</a>&nbsp;&nbsp;&nbsp;__aeabi_dadd
</UL>

<P><STRONG><a name="[71]"></a>__aeabi_drsub</STRONG> (Thumb, 6 bytes, Stack size 0 bytes, dadd.o(.text), UNUSED)
<BR><BR>[Calls]<UL><LI><a href="#[6e]">&gt;&gt;</a>&nbsp;&nbsp;&nbsp;__aeabi_dadd
</UL>

<P><STRONG><a name="[121]"></a>__aeabi_cdrcmple</STRONG> (Thumb, 48 bytes, Stack size 0 bytes, cdrcmple.o(.text), UNUSED)
<BR><BR>[Called By]<UL><LI><a href="#[120]">&gt;&gt;</a>&nbsp;&nbsp;&nbsp;_fp_digits
</UL>

<P><STRONG><a name="[5a]"></a>__scatterload</STRONG> (Thumb, 28 bytes, Stack size 0 bytes, init.o(.text))
<BR><BR>[Calls]<UL><LI><a href="#[72]">&gt;&gt;</a>&nbsp;&nbsp;&nbsp;__main_after_scatterload
</UL>
<BR>[Called By]<UL><LI><a href="#[59]">&gt;&gt;</a>&nbsp;&nbsp;&nbsp;_main_scatterload
</UL>

<P><STRONG><a name="[234]"></a>__scatterload_rt2</STRONG> (Thumb, 0 bytes, Stack size 0 bytes, init.o(.text), UNUSED)

<P><STRONG><a name="[6f]"></a>__aeabi_lasr</STRONG> (Thumb, 36 bytes, Stack size 0 bytes, llsshr.o(.text), UNUSED)
<BR><BR>[Called By]<UL><LI><a href="#[6e]">&gt;&gt;</a>&nbsp;&nbsp;&nbsp;__aeabi_dadd
</UL>

<P><STRONG><a name="[235]"></a>_ll_sshift_r</STRONG> (Thumb, 0 bytes, Stack size 0 bytes, llsshr.o(.text), UNUSED)

<P><STRONG><a name="[1f]"></a>isspace</STRONG> (Thumb, 10 bytes, Stack size 0 bytes, isspace_c.o(.text))
<BR><BR>[Calls]<UL><LI><a href="#[73]">&gt;&gt;</a>&nbsp;&nbsp;&nbsp;__ctype_lookup
</UL>
<BR>[Address Reference Count : 1]<UL><LI> scanf_char.o(.text)
</UL>
<P><STRONG><a name="[6d]"></a>__vfscanf</STRONG> (Thumb, 808 bytes, Stack size 88 bytes, _scanf.o(.text))
<BR><BR>[Stack]<UL><LI>Max Depth = 144<LI>Call Chain = __vfscanf &rArr; _scanf_string
</UL>
<BR>[Calls]<UL><LI><a href="#[74]">&gt;&gt;</a>&nbsp;&nbsp;&nbsp;_scanf_string
<LI><a href="#[63]">&gt;&gt;</a>&nbsp;&nbsp;&nbsp;_scanf_int
</UL>
<BR>[Called By]<UL><LI><a href="#[62]">&gt;&gt;</a>&nbsp;&nbsp;&nbsp;__vfscanf_char
</UL>

<P><STRONG><a name="[73]"></a>__ctype_lookup</STRONG> (Thumb, 34 bytes, Stack size 0 bytes, ctype_c.o(.text))
<BR><BR>[Called By]<UL><LI><a href="#[1f]">&gt;&gt;</a>&nbsp;&nbsp;&nbsp;isspace
</UL>

<P><STRONG><a name="[236]"></a>__decompress</STRONG> (Thumb, 0 bytes, Stack size unknown bytes, __dczerorl2.o(.text), UNUSED)

<P><STRONG><a name="[237]"></a>__decompress1</STRONG> (Thumb, 86 bytes, Stack size unknown bytes, __dczerorl2.o(.text), UNUSED)

<P><STRONG><a name="[75]"></a>Convert_BH1750</STRONG> (Thumb, 92 bytes, Stack size 40 bytes, e53_ia1.o(i.Convert_BH1750))
<BR><BR>[Stack]<UL><LI>Max Depth = 128<LI>Call Chain = Convert_BH1750 &rArr; Start_BH1750 &rArr; HAL_I2C_Master_Transmit &rArr; I2C_WaitOnTXISFlagUntilTimeout &rArr; I2C_IsAcknowledgeFailed &rArr; HAL_GetTick
</UL>
<BR>[Calls]<UL><LI><a href="#[67]">&gt;&gt;</a>&nbsp;&nbsp;&nbsp;__aeabi_ddiv
<LI><a href="#[77]">&gt;&gt;</a>&nbsp;&nbsp;&nbsp;HAL_Delay
<LI><a href="#[78]">&gt;&gt;</a>&nbsp;&nbsp;&nbsp;HAL_I2C_Master_Receive
<LI><a href="#[69]">&gt;&gt;</a>&nbsp;&nbsp;&nbsp;__aeabi_i2d
<LI><a href="#[6b]">&gt;&gt;</a>&nbsp;&nbsp;&nbsp;__aeabi_d2f
<LI><a href="#[76]">&gt;&gt;</a>&nbsp;&nbsp;&nbsp;Start_BH1750
</UL>
<BR>[Called By]<UL><LI><a href="#[79]">&gt;&gt;</a>&nbsp;&nbsp;&nbsp;E53_IA1_Read_Data
</UL>

<P><STRONG><a name="[79]"></a>E53_IA1_Read_Data</STRONG> (Thumb, 204 bytes, Stack size 48 bytes, e53_ia1.o(i.E53_IA1_Read_Data))
<BR><BR>[Stack]<UL><LI>Max Depth = 176<LI>Call Chain = E53_IA1_Read_Data &rArr; Convert_BH1750 &rArr; Start_BH1750 &rArr; HAL_I2C_Master_Transmit &rArr; I2C_WaitOnTXISFlagUntilTimeout &rArr; I2C_IsAcknowledgeFailed &rArr; HAL_GetTick
</UL>
<BR>[Calls]<UL><LI><a href="#[7a]">&gt;&gt;</a>&nbsp;&nbsp;&nbsp;HAL_I2C_Master_Transmit
<LI><a href="#[78]">&gt;&gt;</a>&nbsp;&nbsp;&nbsp;HAL_I2C_Master_Receive
<LI><a href="#[7b]">&gt;&gt;</a>&nbsp;&nbsp;&nbsp;SHT3x_CheckCrc
<LI><a href="#[7c]">&gt;&gt;</a>&nbsp;&nbsp;&nbsp;SHT3x_CalcTemperatureC
<LI><a href="#[7d]">&gt;&gt;</a>&nbsp;&nbsp;&nbsp;SHT3x_CalcRH
<LI><a href="#[75]">&gt;&gt;</a>&nbsp;&nbsp;&nbsp;Convert_BH1750
</UL>
<BR>[Called By]<UL><LI><a href="#[27]">&gt;&gt;</a>&nbsp;&nbsp;&nbsp;data_collection_task
</UL>

<P><STRONG><a name="[91]"></a>HAL_DMA_Abort</STRONG> (Thumb, 70 bytes, Stack size 0 bytes, stm32l4xx_hal_dma.o(i.HAL_DMA_Abort))
<BR><BR>[Called By]<UL><LI><a href="#[90]">&gt;&gt;</a>&nbsp;&nbsp;&nbsp;HAL_QSPI_Abort
</UL>

<P><STRONG><a name="[77]"></a>HAL_Delay</STRONG> (Thumb, 32 bytes, Stack size 16 bytes, stm32l4xx_hal.o(i.HAL_Delay))
<BR><BR>[Stack]<UL><LI>Max Depth = 24<LI>Call Chain = HAL_Delay &rArr; HAL_GetTick
</UL>
<BR>[Calls]<UL><LI><a href="#[7e]">&gt;&gt;</a>&nbsp;&nbsp;&nbsp;HAL_GetTick
</UL>
<BR>[Called By]<UL><LI><a href="#[75]">&gt;&gt;</a>&nbsp;&nbsp;&nbsp;Convert_BH1750
</UL>

<P><STRONG><a name="[87]"></a>HAL_GPIO_Init</STRONG> (Thumb, 484 bytes, Stack size 20 bytes, stm32l4xx_hal_gpio.o(i.HAL_GPIO_Init))
<BR><BR>[Stack]<UL><LI>Max Depth = 20<LI>Call Chain = HAL_GPIO_Init
</UL>
<BR>[Called By]<UL><LI><a href="#[81]">&gt;&gt;</a>&nbsp;&nbsp;&nbsp;HAL_I2C_MspInit
<LI><a href="#[a5]">&gt;&gt;</a>&nbsp;&nbsp;&nbsp;HAL_UART_MspInit
<LI><a href="#[ae]">&gt;&gt;</a>&nbsp;&nbsp;&nbsp;MX_GPIO_Init
<LI><a href="#[b9]">&gt;&gt;</a>&nbsp;&nbsp;&nbsp;Init_Motor
<LI><a href="#[ba]">&gt;&gt;</a>&nbsp;&nbsp;&nbsp;Init_Light
<LI><a href="#[96]">&gt;&gt;</a>&nbsp;&nbsp;&nbsp;HAL_QSPI_MspInit
</UL>

<P><STRONG><a name="[bb]"></a>HAL_GPIO_WritePin</STRONG> (Thumb, 10 bytes, Stack size 0 bytes, stm32l4xx_hal_gpio.o(i.HAL_GPIO_WritePin))
<BR><BR>[Called By]<UL><LI><a href="#[ae]">&gt;&gt;</a>&nbsp;&nbsp;&nbsp;MX_GPIO_Init
<LI><a href="#[b9]">&gt;&gt;</a>&nbsp;&nbsp;&nbsp;Init_Motor
<LI><a href="#[ba]">&gt;&gt;</a>&nbsp;&nbsp;&nbsp;Init_Light
<LI><a href="#[2c]">&gt;&gt;</a>&nbsp;&nbsp;&nbsp;nb_cmd_data_ioctl
</UL>

<P><STRONG><a name="[7e]"></a>HAL_GetTick</STRONG> (Thumb, 8 bytes, Stack size 8 bytes, sys_init.o(i.HAL_GetTick))
<BR><BR>[Stack]<UL><LI>Max Depth = 8<LI>Call Chain = HAL_GetTick
</UL>
<BR>[Calls]<UL><LI><a href="#[7f]">&gt;&gt;</a>&nbsp;&nbsp;&nbsp;LOS_TickCountGet
</UL>
<BR>[Called By]<UL><LI><a href="#[aa]">&gt;&gt;</a>&nbsp;&nbsp;&nbsp;HAL_UART_Transmit
<LI><a href="#[a2]">&gt;&gt;</a>&nbsp;&nbsp;&nbsp;HAL_RCC_OscConfig
<LI><a href="#[9d]">&gt;&gt;</a>&nbsp;&nbsp;&nbsp;HAL_RCC_ClockConfig
<LI><a href="#[9a]">&gt;&gt;</a>&nbsp;&nbsp;&nbsp;HAL_RCCEx_PeriphCLKConfig
<LI><a href="#[86]">&gt;&gt;</a>&nbsp;&nbsp;&nbsp;I2C_WaitOnTXISFlagUntilTimeout
<LI><a href="#[85]">&gt;&gt;</a>&nbsp;&nbsp;&nbsp;I2C_WaitOnSTOPFlagUntilTimeout
<LI><a href="#[84]">&gt;&gt;</a>&nbsp;&nbsp;&nbsp;I2C_WaitOnRXNEFlagUntilTimeout
<LI><a href="#[82]">&gt;&gt;</a>&nbsp;&nbsp;&nbsp;I2C_WaitOnFlagUntilTimeout
<LI><a href="#[b3]">&gt;&gt;</a>&nbsp;&nbsp;&nbsp;I2C_IsAcknowledgeFailed
<LI><a href="#[77]">&gt;&gt;</a>&nbsp;&nbsp;&nbsp;HAL_Delay
<LI><a href="#[ab]">&gt;&gt;</a>&nbsp;&nbsp;&nbsp;UART_WaitOnFlagUntilTimeout
<LI><a href="#[a8]">&gt;&gt;</a>&nbsp;&nbsp;&nbsp;UART_CheckIdleState
<LI><a href="#[9c]">&gt;&gt;</a>&nbsp;&nbsp;&nbsp;RCCEx_PLLSAI2_Config
<LI><a href="#[9b]">&gt;&gt;</a>&nbsp;&nbsp;&nbsp;RCCEx_PLLSAI1_Config
<LI><a href="#[7a]">&gt;&gt;</a>&nbsp;&nbsp;&nbsp;HAL_I2C_Master_Transmit
<LI><a href="#[78]">&gt;&gt;</a>&nbsp;&nbsp;&nbsp;HAL_I2C_Master_Receive
<LI><a href="#[99]">&gt;&gt;</a>&nbsp;&nbsp;&nbsp;HAL_QSPI_Transmit
<LI><a href="#[98]">&gt;&gt;</a>&nbsp;&nbsp;&nbsp;HAL_QSPI_Receive
<LI><a href="#[95]">&gt;&gt;</a>&nbsp;&nbsp;&nbsp;HAL_QSPI_Init
<LI><a href="#[93]">&gt;&gt;</a>&nbsp;&nbsp;&nbsp;HAL_QSPI_Command
<LI><a href="#[90]">&gt;&gt;</a>&nbsp;&nbsp;&nbsp;HAL_QSPI_Abort
<LI><a href="#[92]">&gt;&gt;</a>&nbsp;&nbsp;&nbsp;QSPI_WaitFlagStateUntilTimeout
</UL>

<P><STRONG><a name="[112]"></a>HAL_I2CEx_ConfigAnalogFilter</STRONG> (Thumb, 106 bytes, Stack size 0 bytes, stm32l4xx_hal_i2c_ex.o(i.HAL_I2CEx_ConfigAnalogFilter))
<BR><BR>[Called By]<UL><LI><a href="#[b7]">&gt;&gt;</a>&nbsp;&nbsp;&nbsp;MX_I2C1_Init
</UL>

<P><STRONG><a name="[113]"></a>HAL_I2CEx_ConfigDigitalFilter</STRONG> (Thumb, 104 bytes, Stack size 8 bytes, stm32l4xx_hal_i2c_ex.o(i.HAL_I2CEx_ConfigDigitalFilter))
<BR><BR>[Stack]<UL><LI>Max Depth = 8<LI>Call Chain = HAL_I2CEx_ConfigDigitalFilter
</UL>
<BR>[Called By]<UL><LI><a href="#[b7]">&gt;&gt;</a>&nbsp;&nbsp;&nbsp;MX_I2C1_Init
</UL>

<P><STRONG><a name="[80]"></a>HAL_I2C_Init</STRONG> (Thumb, 198 bytes, Stack size 8 bytes, stm32l4xx_hal_i2c.o(i.HAL_I2C_Init))
<BR><BR>[Stack]<UL><LI>Max Depth = 60<LI>Call Chain = HAL_I2C_Init &rArr; HAL_I2C_MspInit &rArr; HAL_GPIO_Init
</UL>
<BR>[Calls]<UL><LI><a href="#[81]">&gt;&gt;</a>&nbsp;&nbsp;&nbsp;HAL_I2C_MspInit
</UL>
<BR>[Called By]<UL><LI><a href="#[b7]">&gt;&gt;</a>&nbsp;&nbsp;&nbsp;MX_I2C1_Init
</UL>

<P><STRONG><a name="[78]"></a>HAL_I2C_Master_Receive</STRONG> (Thumb, 348 bytes, Stack size 32 bytes, stm32l4xx_hal_i2c.o(i.HAL_I2C_Master_Receive))
<BR><BR>[Stack]<UL><LI>Max Depth = 72<LI>Call Chain = HAL_I2C_Master_Receive &rArr; I2C_WaitOnSTOPFlagUntilTimeout &rArr; I2C_IsAcknowledgeFailed &rArr; HAL_GetTick
</UL>
<BR>[Calls]<UL><LI><a href="#[7e]">&gt;&gt;</a>&nbsp;&nbsp;&nbsp;HAL_GetTick
<LI><a href="#[85]">&gt;&gt;</a>&nbsp;&nbsp;&nbsp;I2C_WaitOnSTOPFlagUntilTimeout
<LI><a href="#[84]">&gt;&gt;</a>&nbsp;&nbsp;&nbsp;I2C_WaitOnRXNEFlagUntilTimeout
<LI><a href="#[82]">&gt;&gt;</a>&nbsp;&nbsp;&nbsp;I2C_WaitOnFlagUntilTimeout
<LI><a href="#[83]">&gt;&gt;</a>&nbsp;&nbsp;&nbsp;I2C_TransferConfig
</UL>
<BR>[Called By]<UL><LI><a href="#[79]">&gt;&gt;</a>&nbsp;&nbsp;&nbsp;E53_IA1_Read_Data
<LI><a href="#[75]">&gt;&gt;</a>&nbsp;&nbsp;&nbsp;Convert_BH1750
</UL>

<P><STRONG><a name="[7a]"></a>HAL_I2C_Master_Transmit</STRONG> (Thumb, 342 bytes, Stack size 32 bytes, stm32l4xx_hal_i2c.o(i.HAL_I2C_Master_Transmit))
<BR><BR>[Stack]<UL><LI>Max Depth = 72<LI>Call Chain = HAL_I2C_Master_Transmit &rArr; I2C_WaitOnTXISFlagUntilTimeout &rArr; I2C_IsAcknowledgeFailed &rArr; HAL_GetTick
</UL>
<BR>[Calls]<UL><LI><a href="#[7e]">&gt;&gt;</a>&nbsp;&nbsp;&nbsp;HAL_GetTick
<LI><a href="#[86]">&gt;&gt;</a>&nbsp;&nbsp;&nbsp;I2C_WaitOnTXISFlagUntilTimeout
<LI><a href="#[85]">&gt;&gt;</a>&nbsp;&nbsp;&nbsp;I2C_WaitOnSTOPFlagUntilTimeout
<LI><a href="#[82]">&gt;&gt;</a>&nbsp;&nbsp;&nbsp;I2C_WaitOnFlagUntilTimeout
<LI><a href="#[83]">&gt;&gt;</a>&nbsp;&nbsp;&nbsp;I2C_TransferConfig
</UL>
<BR>[Called By]<UL><LI><a href="#[76]">&gt;&gt;</a>&nbsp;&nbsp;&nbsp;Start_BH1750
<LI><a href="#[b8]">&gt;&gt;</a>&nbsp;&nbsp;&nbsp;Init_SHT30
<LI><a href="#[b5]">&gt;&gt;</a>&nbsp;&nbsp;&nbsp;Init_BH1750
<LI><a href="#[79]">&gt;&gt;</a>&nbsp;&nbsp;&nbsp;E53_IA1_Read_Data
</UL>

<P><STRONG><a name="[81]"></a>HAL_I2C_MspInit</STRONG> (Thumb, 234 bytes, Stack size 32 bytes, i2c.o(i.HAL_I2C_MspInit))
<BR><BR>[Stack]<UL><LI>Max Depth = 52<LI>Call Chain = HAL_I2C_MspInit &rArr; HAL_GPIO_Init
</UL>
<BR>[Calls]<UL><LI><a href="#[87]">&gt;&gt;</a>&nbsp;&nbsp;&nbsp;HAL_GPIO_Init
</UL>
<BR>[Called By]<UL><LI><a href="#[80]">&gt;&gt;</a>&nbsp;&nbsp;&nbsp;HAL_I2C_Init
</UL>

<P><STRONG><a name="[88]"></a>HAL_Init</STRONG> (Thumb, 22 bytes, Stack size 8 bytes, stm32l4xx_hal.o(i.HAL_Init))
<BR><BR>[Stack]<UL><LI>Max Depth = 72<LI>Call Chain = HAL_Init &rArr; HAL_InitTick &rArr; HAL_NVIC_SetPriority &rArr; __NVIC_SetPriority
</UL>
<BR>[Calls]<UL><LI><a href="#[8b]">&gt;&gt;</a>&nbsp;&nbsp;&nbsp;HAL_MspInit
<LI><a href="#[8a]">&gt;&gt;</a>&nbsp;&nbsp;&nbsp;HAL_InitTick
<LI><a href="#[89]">&gt;&gt;</a>&nbsp;&nbsp;&nbsp;HAL_NVIC_SetPriorityGrouping
</UL>
<BR>[Called By]<UL><LI><a href="#[ac]">&gt;&gt;</a>&nbsp;&nbsp;&nbsp;HardWare_Init
</UL>

<P><STRONG><a name="[8a]"></a>HAL_InitTick</STRONG> (Thumb, 36 bytes, Stack size 16 bytes, stm32l4xx_hal.o(i.HAL_InitTick))
<BR><BR>[Stack]<UL><LI>Max Depth = 64<LI>Call Chain = HAL_InitTick &rArr; HAL_NVIC_SetPriority &rArr; __NVIC_SetPriority
</UL>
<BR>[Calls]<UL><LI><a href="#[8d]">&gt;&gt;</a>&nbsp;&nbsp;&nbsp;HAL_NVIC_SetPriority
<LI><a href="#[8c]">&gt;&gt;</a>&nbsp;&nbsp;&nbsp;HAL_SYSTICK_Config
</UL>
<BR>[Called By]<UL><LI><a href="#[88]">&gt;&gt;</a>&nbsp;&nbsp;&nbsp;HAL_Init
<LI><a href="#[a2]">&gt;&gt;</a>&nbsp;&nbsp;&nbsp;HAL_RCC_OscConfig
<LI><a href="#[9d]">&gt;&gt;</a>&nbsp;&nbsp;&nbsp;HAL_RCC_ClockConfig
</UL>

<P><STRONG><a name="[8b]"></a>HAL_MspInit</STRONG> (Thumb, 2 bytes, Stack size 0 bytes, stm32l4xx_hal.o(i.HAL_MspInit))
<BR><BR>[Called By]<UL><LI><a href="#[88]">&gt;&gt;</a>&nbsp;&nbsp;&nbsp;HAL_Init
</UL>

<P><STRONG><a name="[a9]"></a>HAL_NVIC_EnableIRQ</STRONG> (Thumb, 32 bytes, Stack size 0 bytes, stm32l4xx_hal_cortex.o(i.HAL_NVIC_EnableIRQ))
<BR><BR>[Called By]<UL><LI><a href="#[a5]">&gt;&gt;</a>&nbsp;&nbsp;&nbsp;HAL_UART_MspInit
</UL>

<P><STRONG><a name="[8d]"></a>HAL_NVIC_SetPriority</STRONG> (Thumb, 124 bytes, Stack size 40 bytes, stm32l4xx_hal_cortex.o(i.HAL_NVIC_SetPriority))
<BR><BR>[Stack]<UL><LI>Max Depth = 48<LI>Call Chain = HAL_NVIC_SetPriority &rArr; __NVIC_SetPriority
</UL>
<BR>[Calls]<UL><LI><a href="#[8f]">&gt;&gt;</a>&nbsp;&nbsp;&nbsp;__NVIC_SetPriority
<LI><a href="#[8e]">&gt;&gt;</a>&nbsp;&nbsp;&nbsp;__NVIC_GetPriorityGrouping
</UL>
<BR>[Called By]<UL><LI><a href="#[a5]">&gt;&gt;</a>&nbsp;&nbsp;&nbsp;HAL_UART_MspInit
<LI><a href="#[8a]">&gt;&gt;</a>&nbsp;&nbsp;&nbsp;HAL_InitTick
</UL>

<P><STRONG><a name="[89]"></a>HAL_NVIC_SetPriorityGrouping</STRONG> (Thumb, 32 bytes, Stack size 0 bytes, stm32l4xx_hal_cortex.o(i.HAL_NVIC_SetPriorityGrouping))
<BR><BR>[Called By]<UL><LI><a href="#[88]">&gt;&gt;</a>&nbsp;&nbsp;&nbsp;HAL_Init
</UL>

<P><STRONG><a name="[146]"></a>HAL_NVIC_SystemReset</STRONG> (Thumb, 60 bytes, Stack size 0 bytes, stm32l4xx_hal_cortex.o(i.HAL_NVIC_SystemReset))
<BR><BR>[Called By]<UL><LI><a href="#[145]">&gt;&gt;</a>&nbsp;&nbsp;&nbsp;atiny_reboot
</UL>

<P><STRONG><a name="[11a]"></a>HAL_PWREx_ControlVoltageScaling</STRONG> (Thumb, 128 bytes, Stack size 0 bytes, stm32l4xx_hal_pwr_ex.o(i.HAL_PWREx_ControlVoltageScaling))
<BR><BR>[Called By]<UL><LI><a href="#[ad]">&gt;&gt;</a>&nbsp;&nbsp;&nbsp;SystemClock_Config
</UL>

<P><STRONG><a name="[118]"></a>HAL_PWREx_GetVoltageRange</STRONG> (Thumb, 10 bytes, Stack size 0 bytes, stm32l4xx_hal_pwr_ex.o(i.HAL_PWREx_GetVoltageRange))
<BR><BR>[Called By]<UL><LI><a href="#[a3]">&gt;&gt;</a>&nbsp;&nbsp;&nbsp;RCC_SetFlashLatencyFromMSIRange
</UL>

<P><STRONG><a name="[119]"></a>HAL_PWR_EnableBkUpAccess</STRONG> (Thumb, 14 bytes, Stack size 0 bytes, stm32l4xx_hal_pwr.o(i.HAL_PWR_EnableBkUpAccess))
<BR><BR>[Called By]<UL><LI><a href="#[ad]">&gt;&gt;</a>&nbsp;&nbsp;&nbsp;SystemClock_Config
</UL>

<P><STRONG><a name="[90]"></a>HAL_QSPI_Abort</STRONG> (Thumb, 154 bytes, Stack size 24 bytes, stm32l4xx_hal_qspi.o(i.HAL_QSPI_Abort))
<BR><BR>[Stack]<UL><LI>Max Depth = 56<LI>Call Chain = HAL_QSPI_Abort &rArr; QSPI_WaitFlagStateUntilTimeout &rArr; HAL_GetTick
</UL>
<BR>[Calls]<UL><LI><a href="#[7e]">&gt;&gt;</a>&nbsp;&nbsp;&nbsp;HAL_GetTick
<LI><a href="#[91]">&gt;&gt;</a>&nbsp;&nbsp;&nbsp;HAL_DMA_Abort
<LI><a href="#[92]">&gt;&gt;</a>&nbsp;&nbsp;&nbsp;QSPI_WaitFlagStateUntilTimeout
</UL>
<BR>[Called By]<UL><LI><a href="#[99]">&gt;&gt;</a>&nbsp;&nbsp;&nbsp;HAL_QSPI_Transmit
<LI><a href="#[98]">&gt;&gt;</a>&nbsp;&nbsp;&nbsp;HAL_QSPI_Receive
</UL>

<P><STRONG><a name="[93]"></a>HAL_QSPI_Command</STRONG> (Thumb, 164 bytes, Stack size 32 bytes, stm32l4xx_hal_qspi.o(i.HAL_QSPI_Command))
<BR><BR>[Stack]<UL><LI>Max Depth = 64<LI>Call Chain = HAL_QSPI_Command &rArr; QSPI_WaitFlagStateUntilTimeout &rArr; HAL_GetTick
</UL>
<BR>[Calls]<UL><LI><a href="#[7e]">&gt;&gt;</a>&nbsp;&nbsp;&nbsp;HAL_GetTick
<LI><a href="#[92]">&gt;&gt;</a>&nbsp;&nbsp;&nbsp;QSPI_WaitFlagStateUntilTimeout
<LI><a href="#[94]">&gt;&gt;</a>&nbsp;&nbsp;&nbsp;QSPI_Config
</UL>
<BR>[Called By]<UL><LI><a href="#[116]">&gt;&gt;</a>&nbsp;&nbsp;&nbsp;QSPI_Send_CMD
</UL>

<P><STRONG><a name="[95]"></a>HAL_QSPI_Init</STRONG> (Thumb, 190 bytes, Stack size 24 bytes, stm32l4xx_hal_qspi.o(i.HAL_QSPI_Init))
<BR><BR>[Stack]<UL><LI>Max Depth = 76<LI>Call Chain = HAL_QSPI_Init &rArr; HAL_QSPI_MspInit &rArr; HAL_GPIO_Init
</UL>
<BR>[Calls]<UL><LI><a href="#[7e]">&gt;&gt;</a>&nbsp;&nbsp;&nbsp;HAL_GetTick
<LI><a href="#[96]">&gt;&gt;</a>&nbsp;&nbsp;&nbsp;HAL_QSPI_MspInit
<LI><a href="#[97]">&gt;&gt;</a>&nbsp;&nbsp;&nbsp;HAL_QSPI_SetTimeout
<LI><a href="#[92]">&gt;&gt;</a>&nbsp;&nbsp;&nbsp;QSPI_WaitFlagStateUntilTimeout
</UL>
<BR>[Called By]<UL><LI><a href="#[160]">&gt;&gt;</a>&nbsp;&nbsp;&nbsp;hal_spi_flash_config
</UL>

<P><STRONG><a name="[96]"></a>HAL_QSPI_MspInit</STRONG> (Thumb, 76 bytes, Stack size 32 bytes, hal_qspi_flash.o(i.HAL_QSPI_MspInit))
<BR><BR>[Stack]<UL><LI>Max Depth = 52<LI>Call Chain = HAL_QSPI_MspInit &rArr; HAL_GPIO_Init
</UL>
<BR>[Calls]<UL><LI><a href="#[87]">&gt;&gt;</a>&nbsp;&nbsp;&nbsp;HAL_GPIO_Init
</UL>
<BR>[Called By]<UL><LI><a href="#[95]">&gt;&gt;</a>&nbsp;&nbsp;&nbsp;HAL_QSPI_Init
</UL>

<P><STRONG><a name="[98]"></a>HAL_QSPI_Receive</STRONG> (Thumb, 236 bytes, Stack size 40 bytes, stm32l4xx_hal_qspi.o(i.HAL_QSPI_Receive))
<BR><BR>[Stack]<UL><LI>Max Depth = 96<LI>Call Chain = HAL_QSPI_Receive &rArr; HAL_QSPI_Abort &rArr; QSPI_WaitFlagStateUntilTimeout &rArr; HAL_GetTick
</UL>
<BR>[Calls]<UL><LI><a href="#[7e]">&gt;&gt;</a>&nbsp;&nbsp;&nbsp;HAL_GetTick
<LI><a href="#[90]">&gt;&gt;</a>&nbsp;&nbsp;&nbsp;HAL_QSPI_Abort
<LI><a href="#[92]">&gt;&gt;</a>&nbsp;&nbsp;&nbsp;QSPI_WaitFlagStateUntilTimeout
</UL>
<BR>[Called By]<UL><LI><a href="#[115]">&gt;&gt;</a>&nbsp;&nbsp;&nbsp;QSPI_Receive
</UL>

<P><STRONG><a name="[97]"></a>HAL_QSPI_SetTimeout</STRONG> (Thumb, 4 bytes, Stack size 0 bytes, stm32l4xx_hal_qspi.o(i.HAL_QSPI_SetTimeout))
<BR><BR>[Called By]<UL><LI><a href="#[95]">&gt;&gt;</a>&nbsp;&nbsp;&nbsp;HAL_QSPI_Init
</UL>

<P><STRONG><a name="[99]"></a>HAL_QSPI_Transmit</STRONG> (Thumb, 220 bytes, Stack size 32 bytes, stm32l4xx_hal_qspi.o(i.HAL_QSPI_Transmit))
<BR><BR>[Stack]<UL><LI>Max Depth = 88<LI>Call Chain = HAL_QSPI_Transmit &rArr; HAL_QSPI_Abort &rArr; QSPI_WaitFlagStateUntilTimeout &rArr; HAL_GetTick
</UL>
<BR>[Calls]<UL><LI><a href="#[7e]">&gt;&gt;</a>&nbsp;&nbsp;&nbsp;HAL_GetTick
<LI><a href="#[90]">&gt;&gt;</a>&nbsp;&nbsp;&nbsp;HAL_QSPI_Abort
<LI><a href="#[92]">&gt;&gt;</a>&nbsp;&nbsp;&nbsp;QSPI_WaitFlagStateUntilTimeout
</UL>
<BR>[Called By]<UL><LI><a href="#[117]">&gt;&gt;</a>&nbsp;&nbsp;&nbsp;QSPI_Transmit
</UL>

<P><STRONG><a name="[9a]"></a>HAL_RCCEx_PeriphCLKConfig</STRONG> (Thumb, 1230 bytes, Stack size 32 bytes, stm32l4xx_hal_rcc_ex.o(i.HAL_RCCEx_PeriphCLKConfig))
<BR><BR>[Stack]<UL><LI>Max Depth = 64<LI>Call Chain = HAL_RCCEx_PeriphCLKConfig &rArr; RCCEx_PLLSAI2_Config &rArr; HAL_GetTick
</UL>
<BR>[Calls]<UL><LI><a href="#[7e]">&gt;&gt;</a>&nbsp;&nbsp;&nbsp;HAL_GetTick
<LI><a href="#[9c]">&gt;&gt;</a>&nbsp;&nbsp;&nbsp;RCCEx_PLLSAI2_Config
<LI><a href="#[9b]">&gt;&gt;</a>&nbsp;&nbsp;&nbsp;RCCEx_PLLSAI1_Config
</UL>
<BR>[Called By]<UL><LI><a href="#[ad]">&gt;&gt;</a>&nbsp;&nbsp;&nbsp;SystemClock_Config
</UL>

<P><STRONG><a name="[9d]"></a>HAL_RCC_ClockConfig</STRONG> (Thumb, 348 bytes, Stack size 16 bytes, stm32l4xx_hal_rcc.o(i.HAL_RCC_ClockConfig))
<BR><BR>[Stack]<UL><LI>Max Depth = 80<LI>Call Chain = HAL_RCC_ClockConfig &rArr; HAL_InitTick &rArr; HAL_NVIC_SetPriority &rArr; __NVIC_SetPriority
</UL>
<BR>[Calls]<UL><LI><a href="#[7e]">&gt;&gt;</a>&nbsp;&nbsp;&nbsp;HAL_GetTick
<LI><a href="#[8a]">&gt;&gt;</a>&nbsp;&nbsp;&nbsp;HAL_InitTick
<LI><a href="#[9e]">&gt;&gt;</a>&nbsp;&nbsp;&nbsp;HAL_RCC_GetSysClockFreq
</UL>
<BR>[Called By]<UL><LI><a href="#[ad]">&gt;&gt;</a>&nbsp;&nbsp;&nbsp;SystemClock_Config
</UL>

<P><STRONG><a name="[a0]"></a>HAL_RCC_GetHCLKFreq</STRONG> (Thumb, 6 bytes, Stack size 0 bytes, stm32l4xx_hal_rcc.o(i.HAL_RCC_GetHCLKFreq))
<BR><BR>[Called By]<UL><LI><a href="#[a1]">&gt;&gt;</a>&nbsp;&nbsp;&nbsp;HAL_RCC_GetPCLK2Freq
<LI><a href="#[9f]">&gt;&gt;</a>&nbsp;&nbsp;&nbsp;HAL_RCC_GetPCLK1Freq
</UL>

<P><STRONG><a name="[9f]"></a>HAL_RCC_GetPCLK1Freq</STRONG> (Thumb, 22 bytes, Stack size 4 bytes, stm32l4xx_hal_rcc.o(i.HAL_RCC_GetPCLK1Freq))
<BR><BR>[Stack]<UL><LI>Max Depth = 4<LI>Call Chain = HAL_RCC_GetPCLK1Freq
</UL>
<BR>[Calls]<UL><LI><a href="#[a0]">&gt;&gt;</a>&nbsp;&nbsp;&nbsp;HAL_RCC_GetHCLKFreq
</UL>
<BR>[Called By]<UL><LI><a href="#[a6]">&gt;&gt;</a>&nbsp;&nbsp;&nbsp;UART_SetConfig
</UL>

<P><STRONG><a name="[a1]"></a>HAL_RCC_GetPCLK2Freq</STRONG> (Thumb, 22 bytes, Stack size 4 bytes, stm32l4xx_hal_rcc.o(i.HAL_RCC_GetPCLK2Freq))
<BR><BR>[Stack]<UL><LI>Max Depth = 4<LI>Call Chain = HAL_RCC_GetPCLK2Freq
</UL>
<BR>[Calls]<UL><LI><a href="#[a0]">&gt;&gt;</a>&nbsp;&nbsp;&nbsp;HAL_RCC_GetHCLKFreq
</UL>
<BR>[Called By]<UL><LI><a href="#[a6]">&gt;&gt;</a>&nbsp;&nbsp;&nbsp;UART_SetConfig
</UL>

<P><STRONG><a name="[9e]"></a>HAL_RCC_GetSysClockFreq</STRONG> (Thumb, 252 bytes, Stack size 20 bytes, stm32l4xx_hal_rcc.o(i.HAL_RCC_GetSysClockFreq))
<BR><BR>[Stack]<UL><LI>Max Depth = 20<LI>Call Chain = HAL_RCC_GetSysClockFreq
</UL>
<BR>[Called By]<UL><LI><a href="#[a2]">&gt;&gt;</a>&nbsp;&nbsp;&nbsp;HAL_RCC_OscConfig
<LI><a href="#[9d]">&gt;&gt;</a>&nbsp;&nbsp;&nbsp;HAL_RCC_ClockConfig
<LI><a href="#[a6]">&gt;&gt;</a>&nbsp;&nbsp;&nbsp;UART_SetConfig
</UL>

<P><STRONG><a name="[a2]"></a>HAL_RCC_OscConfig</STRONG> (Thumb, 1562 bytes, Stack size 24 bytes, stm32l4xx_hal_rcc.o(i.HAL_RCC_OscConfig))
<BR><BR>[Stack]<UL><LI>Max Depth = 88<LI>Call Chain = HAL_RCC_OscConfig &rArr; HAL_InitTick &rArr; HAL_NVIC_SetPriority &rArr; __NVIC_SetPriority
</UL>
<BR>[Calls]<UL><LI><a href="#[7e]">&gt;&gt;</a>&nbsp;&nbsp;&nbsp;HAL_GetTick
<LI><a href="#[8a]">&gt;&gt;</a>&nbsp;&nbsp;&nbsp;HAL_InitTick
<LI><a href="#[9e]">&gt;&gt;</a>&nbsp;&nbsp;&nbsp;HAL_RCC_GetSysClockFreq
<LI><a href="#[a3]">&gt;&gt;</a>&nbsp;&nbsp;&nbsp;RCC_SetFlashLatencyFromMSIRange
</UL>
<BR>[Called By]<UL><LI><a href="#[ad]">&gt;&gt;</a>&nbsp;&nbsp;&nbsp;SystemClock_Config
</UL>

<P><STRONG><a name="[8c]"></a>HAL_SYSTICK_Config</STRONG> (Thumb, 52 bytes, Stack size 16 bytes, stm32l4xx_hal_cortex.o(i.HAL_SYSTICK_Config))
<BR><BR>[Stack]<UL><LI>Max Depth = 24<LI>Call Chain = HAL_SYSTICK_Config &rArr; __NVIC_SetPriority
</UL>
<BR>[Calls]<UL><LI><a href="#[8f]">&gt;&gt;</a>&nbsp;&nbsp;&nbsp;__NVIC_SetPriority
</UL>
<BR>[Called By]<UL><LI><a href="#[8a]">&gt;&gt;</a>&nbsp;&nbsp;&nbsp;HAL_InitTick
</UL>

<P><STRONG><a name="[a4]"></a>HAL_UART_Init</STRONG> (Thumb, 120 bytes, Stack size 8 bytes, stm32l4xx_hal_uart.o(i.HAL_UART_Init))
<BR><BR>[Stack]<UL><LI>Max Depth = 88<LI>Call Chain = HAL_UART_Init &rArr; HAL_UART_MspInit &rArr; HAL_NVIC_SetPriority &rArr; __NVIC_SetPriority
</UL>
<BR>[Calls]<UL><LI><a href="#[a5]">&gt;&gt;</a>&nbsp;&nbsp;&nbsp;HAL_UART_MspInit
<LI><a href="#[a6]">&gt;&gt;</a>&nbsp;&nbsp;&nbsp;UART_SetConfig
<LI><a href="#[a8]">&gt;&gt;</a>&nbsp;&nbsp;&nbsp;UART_CheckIdleState
<LI><a href="#[a7]">&gt;&gt;</a>&nbsp;&nbsp;&nbsp;UART_AdvFeatureConfig
</UL>
<BR>[Called By]<UL><LI><a href="#[af]">&gt;&gt;</a>&nbsp;&nbsp;&nbsp;MX_USART1_UART_Init
<LI><a href="#[136]">&gt;&gt;</a>&nbsp;&nbsp;&nbsp;at_usart_init
</UL>

<P><STRONG><a name="[a5]"></a>HAL_UART_MspInit</STRONG> (Thumb, 342 bytes, Stack size 32 bytes, usart.o(i.HAL_UART_MspInit))
<BR><BR>[Stack]<UL><LI>Max Depth = 80<LI>Call Chain = HAL_UART_MspInit &rArr; HAL_NVIC_SetPriority &rArr; __NVIC_SetPriority
</UL>
<BR>[Calls]<UL><LI><a href="#[8d]">&gt;&gt;</a>&nbsp;&nbsp;&nbsp;HAL_NVIC_SetPriority
<LI><a href="#[a9]">&gt;&gt;</a>&nbsp;&nbsp;&nbsp;HAL_NVIC_EnableIRQ
<LI><a href="#[87]">&gt;&gt;</a>&nbsp;&nbsp;&nbsp;HAL_GPIO_Init
</UL>
<BR>[Called By]<UL><LI><a href="#[a4]">&gt;&gt;</a>&nbsp;&nbsp;&nbsp;HAL_UART_Init
</UL>

<P><STRONG><a name="[aa]"></a>HAL_UART_Transmit</STRONG> (Thumb, 200 bytes, Stack size 32 bytes, stm32l4xx_hal_uart.o(i.HAL_UART_Transmit))
<BR><BR>[Stack]<UL><LI>Max Depth = 64<LI>Call Chain = HAL_UART_Transmit &rArr; UART_WaitOnFlagUntilTimeout &rArr; HAL_GetTick
</UL>
<BR>[Calls]<UL><LI><a href="#[7e]">&gt;&gt;</a>&nbsp;&nbsp;&nbsp;HAL_GetTick
<LI><a href="#[ab]">&gt;&gt;</a>&nbsp;&nbsp;&nbsp;UART_WaitOnFlagUntilTimeout
</UL>
<BR>[Called By]<UL><LI><a href="#[22]">&gt;&gt;</a>&nbsp;&nbsp;&nbsp;fputc
<LI><a href="#[127]">&gt;&gt;</a>&nbsp;&nbsp;&nbsp;at_transmit
</UL>

<P><STRONG><a name="[ac]"></a>HardWare_Init</STRONG> (Thumb, 28 bytes, Stack size 8 bytes, main.o(i.HardWare_Init))
<BR><BR>[Stack]<UL><LI>Max Depth = 328<LI>Call Chain = HardWare_Init &rArr; SystemClock_Config &rArr; HAL_RCC_OscConfig &rArr; HAL_InitTick &rArr; HAL_NVIC_SetPriority &rArr; __NVIC_SetPriority
</UL>
<BR>[Calls]<UL><LI><a href="#[af]">&gt;&gt;</a>&nbsp;&nbsp;&nbsp;MX_USART1_UART_Init
<LI><a href="#[ae]">&gt;&gt;</a>&nbsp;&nbsp;&nbsp;MX_GPIO_Init
<LI><a href="#[88]">&gt;&gt;</a>&nbsp;&nbsp;&nbsp;HAL_Init
<LI><a href="#[ad]">&gt;&gt;</a>&nbsp;&nbsp;&nbsp;SystemClock_Config
<LI><a href="#[b0]">&gt;&gt;</a>&nbsp;&nbsp;&nbsp;dwt_delay_init
</UL>
<BR>[Called By]<UL><LI><a href="#[1b]">&gt;&gt;</a>&nbsp;&nbsp;&nbsp;main
</UL>

<P><STRONG><a name="[213]"></a>HexStrToByte</STRONG> (Thumb, 100 bytes, Stack size 20 bytes, sota_hal.o(i.HexStrToByte))
<BR><BR>[Stack]<UL><LI>Max Depth = 20<LI>Call Chain = HexStrToByte
</UL>
<BR>[Called By]<UL><LI><a href="#[211]">&gt;&gt;</a>&nbsp;&nbsp;&nbsp;sota_at_send
<LI><a href="#[215]">&gt;&gt;</a>&nbsp;&nbsp;&nbsp;sota_parse
</UL>

<P><STRONG><a name="[b1]"></a>HexStrToStr</STRONG> (Thumb, 96 bytes, Stack size 32 bytes, bc95.o(i.HexStrToStr))
<BR><BR>[Stack]<UL><LI>Max Depth = 32<LI>Call Chain = HexStrToStr
</UL>
<BR>[Calls]<UL><LI><a href="#[b2]">&gt;&gt;</a>&nbsp;&nbsp;&nbsp;toupper
</UL>
<BR>[Called By]<UL><LI><a href="#[1c7]">&gt;&gt;</a>&nbsp;&nbsp;&nbsp;nb_decompose_str
<LI><a href="#[2c]">&gt;&gt;</a>&nbsp;&nbsp;&nbsp;nb_cmd_data_ioctl
</UL>

<P><STRONG><a name="[b5]"></a>Init_BH1750</STRONG> (Thumb, 24 bytes, Stack size 16 bytes, e53_ia1.o(i.Init_BH1750))
<BR><BR>[Stack]<UL><LI>Max Depth = 88<LI>Call Chain = Init_BH1750 &rArr; HAL_I2C_Master_Transmit &rArr; I2C_WaitOnTXISFlagUntilTimeout &rArr; I2C_IsAcknowledgeFailed &rArr; HAL_GetTick
</UL>
<BR>[Calls]<UL><LI><a href="#[7a]">&gt;&gt;</a>&nbsp;&nbsp;&nbsp;HAL_I2C_Master_Transmit
</UL>
<BR>[Called By]<UL><LI><a href="#[b6]">&gt;&gt;</a>&nbsp;&nbsp;&nbsp;Init_E53_IA1
</UL>

<P><STRONG><a name="[b6]"></a>Init_E53_IA1</STRONG> (Thumb, 24 bytes, Stack size 8 bytes, e53_ia1.o(i.Init_E53_IA1))
<BR><BR>[Stack]<UL><LI>Max Depth = 96<LI>Call Chain = Init_E53_IA1 &rArr; Init_SHT30 &rArr; HAL_I2C_Master_Transmit &rArr; I2C_WaitOnTXISFlagUntilTimeout &rArr; I2C_IsAcknowledgeFailed &rArr; HAL_GetTick
</UL>
<BR>[Calls]<UL><LI><a href="#[b7]">&gt;&gt;</a>&nbsp;&nbsp;&nbsp;MX_I2C1_Init
<LI><a href="#[b8]">&gt;&gt;</a>&nbsp;&nbsp;&nbsp;Init_SHT30
<LI><a href="#[b9]">&gt;&gt;</a>&nbsp;&nbsp;&nbsp;Init_Motor
<LI><a href="#[ba]">&gt;&gt;</a>&nbsp;&nbsp;&nbsp;Init_Light
<LI><a href="#[b5]">&gt;&gt;</a>&nbsp;&nbsp;&nbsp;Init_BH1750
</UL>
<BR>[Called By]<UL><LI><a href="#[27]">&gt;&gt;</a>&nbsp;&nbsp;&nbsp;data_collection_task
</UL>

<P><STRONG><a name="[ba]"></a>Init_Light</STRONG> (Thumb, 70 bytes, Stack size 32 bytes, e53_ia1.o(i.Init_Light))
<BR><BR>[Stack]<UL><LI>Max Depth = 52<LI>Call Chain = Init_Light &rArr; HAL_GPIO_Init
</UL>
<BR>[Calls]<UL><LI><a href="#[bb]">&gt;&gt;</a>&nbsp;&nbsp;&nbsp;HAL_GPIO_WritePin
<LI><a href="#[87]">&gt;&gt;</a>&nbsp;&nbsp;&nbsp;HAL_GPIO_Init
</UL>
<BR>[Called By]<UL><LI><a href="#[b6]">&gt;&gt;</a>&nbsp;&nbsp;&nbsp;Init_E53_IA1
</UL>

<P><STRONG><a name="[b9]"></a>Init_Motor</STRONG> (Thumb, 70 bytes, Stack size 32 bytes, e53_ia1.o(i.Init_Motor))
<BR><BR>[Stack]<UL><LI>Max Depth = 52<LI>Call Chain = Init_Motor &rArr; HAL_GPIO_Init
</UL>
<BR>[Calls]<UL><LI><a href="#[bb]">&gt;&gt;</a>&nbsp;&nbsp;&nbsp;HAL_GPIO_WritePin
<LI><a href="#[87]">&gt;&gt;</a>&nbsp;&nbsp;&nbsp;HAL_GPIO_Init
</UL>
<BR>[Called By]<UL><LI><a href="#[b6]">&gt;&gt;</a>&nbsp;&nbsp;&nbsp;Init_E53_IA1
</UL>

<P><STRONG><a name="[b8]"></a>Init_SHT30</STRONG> (Thumb, 26 bytes, Stack size 16 bytes, e53_ia1.o(i.Init_SHT30))
<BR><BR>[Stack]<UL><LI>Max Depth = 88<LI>Call Chain = Init_SHT30 &rArr; HAL_I2C_Master_Transmit &rArr; I2C_WaitOnTXISFlagUntilTimeout &rArr; I2C_IsAcknowledgeFailed &rArr; HAL_GetTick
</UL>
<BR>[Calls]<UL><LI><a href="#[7a]">&gt;&gt;</a>&nbsp;&nbsp;&nbsp;HAL_I2C_Master_Transmit
</UL>
<BR>[Called By]<UL><LI><a href="#[b6]">&gt;&gt;</a>&nbsp;&nbsp;&nbsp;Init_E53_IA1
</UL>

<P><STRONG><a name="[105]"></a>LOS_Align</STRONG> (Thumb, 28 bytes, Stack size 0 bytes, los_misc.o(i.LOS_Align))
<BR><BR>[Called By]<UL><LI><a href="#[102]">&gt;&gt;</a>&nbsp;&nbsp;&nbsp;LOS_TaskCreateOnly
</UL>

<P><STRONG><a name="[dc]"></a>LOS_ErrHandle</STRONG> (Thumb, 58 bytes, Stack size 32 bytes, los_err.o(i.LOS_ErrHandle))
<BR><BR>[Stack]<UL><LI>Max Depth = 32<LI>Call Chain = LOS_ErrHandle
</UL>
<BR>[Called By]<UL><LI><a href="#[e4]">&gt;&gt;</a>&nbsp;&nbsp;&nbsp;LOS_MuxPost
<LI><a href="#[df]">&gt;&gt;</a>&nbsp;&nbsp;&nbsp;LOS_MuxPend
<LI><a href="#[f8]">&gt;&gt;</a>&nbsp;&nbsp;&nbsp;LOS_SemPost
<LI><a href="#[f7]">&gt;&gt;</a>&nbsp;&nbsp;&nbsp;LOS_SemPend
<LI><a href="#[f4]">&gt;&gt;</a>&nbsp;&nbsp;&nbsp;LOS_SemDelete
<LI><a href="#[dd]">&gt;&gt;</a>&nbsp;&nbsp;&nbsp;LOS_MuxDelete
<LI><a href="#[d9]">&gt;&gt;</a>&nbsp;&nbsp;&nbsp;LOS_MuxCreate
<LI><a href="#[f3]">&gt;&gt;</a>&nbsp;&nbsp;&nbsp;osSemCreate
</UL>

<P><STRONG><a name="[bc]"></a>LOS_HwiCreate</STRONG> (Thumb, 168 bytes, Stack size 32 bytes, los_hwi.o(i.LOS_HwiCreate))
<BR><BR>[Stack]<UL><LI>Max Depth = 32 + Unknown Stack Size
<LI>Call Chain = LOS_HwiCreate
</UL>
<BR>[Calls]<UL><LI><a href="#[be]">&gt;&gt;</a>&nbsp;&nbsp;&nbsp;LOS_IntRestore
<LI><a href="#[bd]">&gt;&gt;</a>&nbsp;&nbsp;&nbsp;LOS_IntLock
</UL>
<BR>[Called By]<UL><LI><a href="#[136]">&gt;&gt;</a>&nbsp;&nbsp;&nbsp;at_usart_init
</UL>

<P><STRONG><a name="[bf]"></a>LOS_KernelInit</STRONG> (Thumb, 178 bytes, Stack size 8 bytes, los_init.o(i.LOS_KernelInit))
<BR><BR>[Stack]<UL><LI>Max Depth = 272 + Unknown Stack Size
<LI>Call Chain = LOS_KernelInit &rArr; osSwTmrInit &rArr; osSwTmrTaskCreate &rArr; LOS_TaskCreate &rArr; LOS_TaskCreateOnly &rArr; LOS_MemAllocAlign &rArr; osHeapAllocAlign &rArr; osHeapAlloc &rArr; osAlarmHeapInfo &rArr; osHeapStatisticsGet
</UL>
<BR>[Calls]<UL><LI><a href="#[c9]">&gt;&gt;</a>&nbsp;&nbsp;&nbsp;osSwTmrInit
<LI><a href="#[c1]">&gt;&gt;</a>&nbsp;&nbsp;&nbsp;osMemSystemInit
<LI><a href="#[c6]">&gt;&gt;</a>&nbsp;&nbsp;&nbsp;osSemInit
<LI><a href="#[c8]">&gt;&gt;</a>&nbsp;&nbsp;&nbsp;osQueueInit
<LI><a href="#[c7]">&gt;&gt;</a>&nbsp;&nbsp;&nbsp;osMuxInit
<LI><a href="#[ca]">&gt;&gt;</a>&nbsp;&nbsp;&nbsp;osTimesliceInit
<LI><a href="#[c5]">&gt;&gt;</a>&nbsp;&nbsp;&nbsp;osTaskMonInit
<LI><a href="#[c4]">&gt;&gt;</a>&nbsp;&nbsp;&nbsp;osTaskInit
<LI><a href="#[cb]">&gt;&gt;</a>&nbsp;&nbsp;&nbsp;osIdleTaskCreate
<LI><a href="#[c3]">&gt;&gt;</a>&nbsp;&nbsp;&nbsp;osHwiInit
<LI><a href="#[c0]">&gt;&gt;</a>&nbsp;&nbsp;&nbsp;osRegister
<LI><a href="#[c2]">&gt;&gt;</a>&nbsp;&nbsp;&nbsp;__2printf
</UL>
<BR>[Called By]<UL><LI><a href="#[1b]">&gt;&gt;</a>&nbsp;&nbsp;&nbsp;main
</UL>

<P><STRONG><a name="[ce]"></a>LOS_MemAlloc</STRONG> (Thumb, 42 bytes, Stack size 16 bytes, los_memory.o(i.LOS_MemAlloc))
<BR><BR>[Stack]<UL><LI>Max Depth = 104 + Unknown Stack Size
<LI>Call Chain = LOS_MemAlloc &rArr; osHeapAlloc &rArr; osAlarmHeapInfo &rArr; osHeapStatisticsGet
</UL>
<BR>[Calls]<UL><LI><a href="#[cf]">&gt;&gt;</a>&nbsp;&nbsp;&nbsp;osSlabMemAlloc
<LI><a href="#[d0]">&gt;&gt;</a>&nbsp;&nbsp;&nbsp;osHeapAlloc
</UL>
<BR>[Called By]<UL><LI><a href="#[54]">&gt;&gt;</a>&nbsp;&nbsp;&nbsp;at_malloc
<LI><a href="#[e6]">&gt;&gt;</a>&nbsp;&nbsp;&nbsp;LOS_QueueCreate
<LI><a href="#[144]">&gt;&gt;</a>&nbsp;&nbsp;&nbsp;atiny_malloc
<LI><a href="#[c9]">&gt;&gt;</a>&nbsp;&nbsp;&nbsp;osSwTmrInit
<LI><a href="#[1d3]">&gt;&gt;</a>&nbsp;&nbsp;&nbsp;osPriqueueInit
<LI><a href="#[c6]">&gt;&gt;</a>&nbsp;&nbsp;&nbsp;osSemInit
<LI><a href="#[c8]">&gt;&gt;</a>&nbsp;&nbsp;&nbsp;osQueueInit
<LI><a href="#[c7]">&gt;&gt;</a>&nbsp;&nbsp;&nbsp;osMuxInit
<LI><a href="#[c4]">&gt;&gt;</a>&nbsp;&nbsp;&nbsp;osTaskInit
<LI><a href="#[175]">&gt;&gt;</a>&nbsp;&nbsp;&nbsp;malloc
</UL>

<P><STRONG><a name="[d1]"></a>LOS_MemAllocAlign</STRONG> (Thumb, 20 bytes, Stack size 16 bytes, los_memory.o(i.LOS_MemAllocAlign))
<BR><BR>[Stack]<UL><LI>Max Depth = 136 + Unknown Stack Size
<LI>Call Chain = LOS_MemAllocAlign &rArr; osHeapAllocAlign &rArr; osHeapAlloc &rArr; osAlarmHeapInfo &rArr; osHeapStatisticsGet
</UL>
<BR>[Calls]<UL><LI><a href="#[d2]">&gt;&gt;</a>&nbsp;&nbsp;&nbsp;osHeapAllocAlign
</UL>
<BR>[Called By]<UL><LI><a href="#[102]">&gt;&gt;</a>&nbsp;&nbsp;&nbsp;LOS_TaskCreateOnly
</UL>

<P><STRONG><a name="[d3]"></a>LOS_MemFree</STRONG> (Thumb, 52 bytes, Stack size 16 bytes, los_memory.o(i.LOS_MemFree))
<BR><BR>[Stack]<UL><LI>Max Depth = 92 + Unknown Stack Size
<LI>Call Chain = LOS_MemFree &rArr; osSlabMemFree &rArr; osSlabAllocatorFree &rArr; osAtomicBitsetClearBit
</UL>
<BR>[Calls]<UL><LI><a href="#[d4]">&gt;&gt;</a>&nbsp;&nbsp;&nbsp;osSlabMemFree
<LI><a href="#[d5]">&gt;&gt;</a>&nbsp;&nbsp;&nbsp;osHeapFree
</UL>
<BR>[Called By]<UL><LI><a href="#[55]">&gt;&gt;</a>&nbsp;&nbsp;&nbsp;at_free
<LI><a href="#[e9]">&gt;&gt;</a>&nbsp;&nbsp;&nbsp;LOS_QueueDelete
<LI><a href="#[e6]">&gt;&gt;</a>&nbsp;&nbsp;&nbsp;LOS_QueueCreate
<LI><a href="#[141]">&gt;&gt;</a>&nbsp;&nbsp;&nbsp;atiny_free
<LI><a href="#[10d]">&gt;&gt;</a>&nbsp;&nbsp;&nbsp;LOS_TaskDelete
<LI><a href="#[102]">&gt;&gt;</a>&nbsp;&nbsp;&nbsp;LOS_TaskCreateOnly
<LI><a href="#[f]">&gt;&gt;</a>&nbsp;&nbsp;&nbsp;free
</UL>

<P><STRONG><a name="[d6]"></a>LOS_MemInit</STRONG> (Thumb, 206 bytes, Stack size 40 bytes, los_memory.o(i.LOS_MemInit))
<BR><BR>[Stack]<UL><LI>Max Depth = 192 + Unknown Stack Size
<LI>Call Chain = LOS_MemInit &rArr; osSlabMemInit &rArr; osSlabAllocatorNew &rArr; osHeapAlloc &rArr; osAlarmHeapInfo &rArr; osHeapStatisticsGet
</UL>
<BR>[Calls]<UL><LI><a href="#[be]">&gt;&gt;</a>&nbsp;&nbsp;&nbsp;LOS_IntRestore
<LI><a href="#[bd]">&gt;&gt;</a>&nbsp;&nbsp;&nbsp;LOS_IntLock
<LI><a href="#[d8]">&gt;&gt;</a>&nbsp;&nbsp;&nbsp;osSlabMemInit
<LI><a href="#[d7]">&gt;&gt;</a>&nbsp;&nbsp;&nbsp;osHeapInit
<LI><a href="#[c2]">&gt;&gt;</a>&nbsp;&nbsp;&nbsp;__2printf
</UL>
<BR>[Called By]<UL><LI><a href="#[c1]">&gt;&gt;</a>&nbsp;&nbsp;&nbsp;osMemSystemInit
</UL>

<P><STRONG><a name="[d9]"></a>LOS_MuxCreate</STRONG> (Thumb, 132 bytes, Stack size 32 bytes, los_mux.o(i.LOS_MuxCreate))
<BR><BR>[Stack]<UL><LI>Max Depth = 64 + Unknown Stack Size
<LI>Call Chain = LOS_MuxCreate &rArr; LOS_ErrHandle
</UL>
<BR>[Calls]<UL><LI><a href="#[be]">&gt;&gt;</a>&nbsp;&nbsp;&nbsp;LOS_IntRestore
<LI><a href="#[bd]">&gt;&gt;</a>&nbsp;&nbsp;&nbsp;LOS_IntLock
<LI><a href="#[dc]">&gt;&gt;</a>&nbsp;&nbsp;&nbsp;LOS_ErrHandle
<LI><a href="#[db]">&gt;&gt;</a>&nbsp;&nbsp;&nbsp;LOS_ListInit
<LI><a href="#[da]">&gt;&gt;</a>&nbsp;&nbsp;&nbsp;LOS_ListEmpty
</UL>
<BR>[Called By]<UL><LI><a href="#[135]">&gt;&gt;</a>&nbsp;&nbsp;&nbsp;at_struct_init
</UL>

<P><STRONG><a name="[dd]"></a>LOS_MuxDelete</STRONG> (Thumb, 132 bytes, Stack size 32 bytes, los_mux.o(i.LOS_MuxDelete))
<BR><BR>[Stack]<UL><LI>Max Depth = 64 + Unknown Stack Size
<LI>Call Chain = LOS_MuxDelete &rArr; LOS_ErrHandle
</UL>
<BR>[Calls]<UL><LI><a href="#[be]">&gt;&gt;</a>&nbsp;&nbsp;&nbsp;LOS_IntRestore
<LI><a href="#[bd]">&gt;&gt;</a>&nbsp;&nbsp;&nbsp;LOS_IntLock
<LI><a href="#[dc]">&gt;&gt;</a>&nbsp;&nbsp;&nbsp;LOS_ErrHandle
<LI><a href="#[da]">&gt;&gt;</a>&nbsp;&nbsp;&nbsp;LOS_ListEmpty
<LI><a href="#[de]">&gt;&gt;</a>&nbsp;&nbsp;&nbsp;LOS_ListAdd
</UL>
<BR>[Called By]<UL><LI><a href="#[135]">&gt;&gt;</a>&nbsp;&nbsp;&nbsp;at_struct_init
<LI><a href="#[12e]">&gt;&gt;</a>&nbsp;&nbsp;&nbsp;at_struct_deinit
</UL>

<P><STRONG><a name="[df]"></a>LOS_MuxPend</STRONG> (Thumb, 312 bytes, Stack size 32 bytes, los_mux.o(i.LOS_MuxPend))
<BR><BR>[Stack]<UL><LI>Max Depth = 104 + Unknown Stack Size
<LI>Call Chain = LOS_MuxPend &rArr; osTaskWait &rArr; osTaskAdd2TimerList &rArr; LOS_ListTailInsert
</UL>
<BR>[Calls]<UL><LI><a href="#[be]">&gt;&gt;</a>&nbsp;&nbsp;&nbsp;LOS_IntRestore
<LI><a href="#[bd]">&gt;&gt;</a>&nbsp;&nbsp;&nbsp;LOS_IntLock
<LI><a href="#[e0]">&gt;&gt;</a>&nbsp;&nbsp;&nbsp;osIntNumGet
<LI><a href="#[dc]">&gt;&gt;</a>&nbsp;&nbsp;&nbsp;LOS_ErrHandle
<LI><a href="#[e3]">&gt;&gt;</a>&nbsp;&nbsp;&nbsp;LOS_Schedule
<LI><a href="#[e2]">&gt;&gt;</a>&nbsp;&nbsp;&nbsp;osTaskWait
<LI><a href="#[e1]">&gt;&gt;</a>&nbsp;&nbsp;&nbsp;osTaskPriModify
<LI><a href="#[c2]">&gt;&gt;</a>&nbsp;&nbsp;&nbsp;__2printf
</UL>
<BR>[Called By]<UL><LI><a href="#[126]">&gt;&gt;</a>&nbsp;&nbsp;&nbsp;at_cmd_in_callback
<LI><a href="#[1cb]">&gt;&gt;</a>&nbsp;&nbsp;&nbsp;sota_cmd
<LI><a href="#[14]">&gt;&gt;</a>&nbsp;&nbsp;&nbsp;at_write
<LI><a href="#[12e]">&gt;&gt;</a>&nbsp;&nbsp;&nbsp;at_struct_deinit
<LI><a href="#[2a]">&gt;&gt;</a>&nbsp;&nbsp;&nbsp;at_recv_task
<LI><a href="#[18]">&gt;&gt;</a>&nbsp;&nbsp;&nbsp;at_cmd_multi_suffix
<LI><a href="#[130]">&gt;&gt;</a>&nbsp;&nbsp;&nbsp;at_get_queue_wait_time
</UL>

<P><STRONG><a name="[e4]"></a>LOS_MuxPost</STRONG> (Thumb, 202 bytes, Stack size 32 bytes, los_mux.o(i.LOS_MuxPost))
<BR><BR>[Stack]<UL><LI>Max Depth = 72 + Unknown Stack Size
<LI>Call Chain = LOS_MuxPost &rArr; osTaskWake &rArr; osTimerListDelete
</UL>
<BR>[Calls]<UL><LI><a href="#[be]">&gt;&gt;</a>&nbsp;&nbsp;&nbsp;LOS_IntRestore
<LI><a href="#[bd]">&gt;&gt;</a>&nbsp;&nbsp;&nbsp;LOS_IntLock
<LI><a href="#[dc]">&gt;&gt;</a>&nbsp;&nbsp;&nbsp;LOS_ErrHandle
<LI><a href="#[da]">&gt;&gt;</a>&nbsp;&nbsp;&nbsp;LOS_ListEmpty
<LI><a href="#[e3]">&gt;&gt;</a>&nbsp;&nbsp;&nbsp;LOS_Schedule
<LI><a href="#[e5]">&gt;&gt;</a>&nbsp;&nbsp;&nbsp;osTaskWake
<LI><a href="#[e1]">&gt;&gt;</a>&nbsp;&nbsp;&nbsp;osTaskPriModify
</UL>
<BR>[Called By]<UL><LI><a href="#[126]">&gt;&gt;</a>&nbsp;&nbsp;&nbsp;at_cmd_in_callback
<LI><a href="#[1cb]">&gt;&gt;</a>&nbsp;&nbsp;&nbsp;sota_cmd
<LI><a href="#[14]">&gt;&gt;</a>&nbsp;&nbsp;&nbsp;at_write
<LI><a href="#[12e]">&gt;&gt;</a>&nbsp;&nbsp;&nbsp;at_struct_deinit
<LI><a href="#[2a]">&gt;&gt;</a>&nbsp;&nbsp;&nbsp;at_recv_task
<LI><a href="#[18]">&gt;&gt;</a>&nbsp;&nbsp;&nbsp;at_cmd_multi_suffix
<LI><a href="#[132]">&gt;&gt;</a>&nbsp;&nbsp;&nbsp;at_rm_node
<LI><a href="#[130]">&gt;&gt;</a>&nbsp;&nbsp;&nbsp;at_get_queue_wait_time
</UL>

<P><STRONG><a name="[e6]"></a>LOS_QueueCreate</STRONG> (Thumb, 210 bytes, Stack size 40 bytes, los_queue.o(i.LOS_QueueCreate))
<BR><BR>[Stack]<UL><LI>Max Depth = 144 + Unknown Stack Size
<LI>Call Chain = LOS_QueueCreate &rArr; LOS_MemAlloc &rArr; osHeapAlloc &rArr; osAlarmHeapInfo &rArr; osHeapStatisticsGet
</UL>
<BR>[Calls]<UL><LI><a href="#[be]">&gt;&gt;</a>&nbsp;&nbsp;&nbsp;LOS_IntRestore
<LI><a href="#[bd]">&gt;&gt;</a>&nbsp;&nbsp;&nbsp;LOS_IntLock
<LI><a href="#[d3]">&gt;&gt;</a>&nbsp;&nbsp;&nbsp;LOS_MemFree
<LI><a href="#[ce]">&gt;&gt;</a>&nbsp;&nbsp;&nbsp;LOS_MemAlloc
<LI><a href="#[e8]">&gt;&gt;</a>&nbsp;&nbsp;&nbsp;LOS_ListInit
<LI><a href="#[e7]">&gt;&gt;</a>&nbsp;&nbsp;&nbsp;LOS_ListEmpty
</UL>
<BR>[Called By]<UL><LI><a href="#[1be]">&gt;&gt;</a>&nbsp;&nbsp;&nbsp;nb_create_sock_link
<LI><a href="#[c9]">&gt;&gt;</a>&nbsp;&nbsp;&nbsp;osSwTmrInit
<LI><a href="#[135]">&gt;&gt;</a>&nbsp;&nbsp;&nbsp;at_struct_init
</UL>

<P><STRONG><a name="[e9]"></a>LOS_QueueDelete</STRONG> (Thumb, 166 bytes, Stack size 24 bytes, los_queue.o(i.LOS_QueueDelete))
<BR><BR>[Stack]<UL><LI>Max Depth = 116 + Unknown Stack Size
<LI>Call Chain = LOS_QueueDelete &rArr; LOS_MemFree &rArr; osSlabMemFree &rArr; osSlabAllocatorFree &rArr; osAtomicBitsetClearBit
</UL>
<BR>[Calls]<UL><LI><a href="#[be]">&gt;&gt;</a>&nbsp;&nbsp;&nbsp;LOS_IntRestore
<LI><a href="#[bd]">&gt;&gt;</a>&nbsp;&nbsp;&nbsp;LOS_IntLock
<LI><a href="#[d3]">&gt;&gt;</a>&nbsp;&nbsp;&nbsp;LOS_MemFree
<LI><a href="#[e7]">&gt;&gt;</a>&nbsp;&nbsp;&nbsp;LOS_ListEmpty
<LI><a href="#[ea]">&gt;&gt;</a>&nbsp;&nbsp;&nbsp;LOS_ListAdd
</UL>
<BR>[Called By]<UL><LI><a href="#[b]">&gt;&gt;</a>&nbsp;&nbsp;&nbsp;nb_close
<LI><a href="#[135]">&gt;&gt;</a>&nbsp;&nbsp;&nbsp;at_struct_init
<LI><a href="#[12e]">&gt;&gt;</a>&nbsp;&nbsp;&nbsp;at_struct_deinit
</UL>

<P><STRONG><a name="[eb]"></a>LOS_QueueReadCopy</STRONG> (Thumb, 54 bytes, Stack size 32 bytes, los_queue.o(i.LOS_QueueReadCopy))
<BR><BR>[Stack]<UL><LI>Max Depth = 168 + Unknown Stack Size
<LI>Call Chain = LOS_QueueReadCopy &rArr; osQueueOperate &rArr; osTaskWait &rArr; osTaskAdd2TimerList &rArr; LOS_ListTailInsert
</UL>
<BR>[Calls]<UL><LI><a href="#[ed]">&gt;&gt;</a>&nbsp;&nbsp;&nbsp;osQueueOperate
<LI><a href="#[ec]">&gt;&gt;</a>&nbsp;&nbsp;&nbsp;osQueueReadParameterCheck
</UL>
<BR>[Called By]<UL><LI><a href="#[8]">&gt;&gt;</a>&nbsp;&nbsp;&nbsp;nb_recv_timeout
<LI><a href="#[b]">&gt;&gt;</a>&nbsp;&nbsp;&nbsp;nb_close
<LI><a href="#[34]">&gt;&gt;</a>&nbsp;&nbsp;&nbsp;osSwTmrTask
<LI><a href="#[2a]">&gt;&gt;</a>&nbsp;&nbsp;&nbsp;at_recv_task
</UL>

<P><STRONG><a name="[ee]"></a>LOS_QueueWriteCopy</STRONG> (Thumb, 54 bytes, Stack size 48 bytes, los_queue.o(i.LOS_QueueWriteCopy))
<BR><BR>[Stack]<UL><LI>Max Depth = 184 + Unknown Stack Size
<LI>Call Chain = LOS_QueueWriteCopy &rArr; osQueueOperate &rArr; osTaskWait &rArr; osTaskAdd2TimerList &rArr; LOS_ListTailInsert
</UL>
<BR>[Calls]<UL><LI><a href="#[ed]">&gt;&gt;</a>&nbsp;&nbsp;&nbsp;osQueueOperate
<LI><a href="#[ef]">&gt;&gt;</a>&nbsp;&nbsp;&nbsp;osQueueWriteParameterCheck
</UL>
<BR>[Called By]<UL><LI><a href="#[12c]">&gt;&gt;</a>&nbsp;&nbsp;&nbsp;write_at_task_msg
<LI><a href="#[25]">&gt;&gt;</a>&nbsp;&nbsp;&nbsp;at_irq_handler
<LI><a href="#[1c7]">&gt;&gt;</a>&nbsp;&nbsp;&nbsp;nb_decompose_str
<LI><a href="#[1e0]">&gt;&gt;</a>&nbsp;&nbsp;&nbsp;osSwTmrTimeoutHandle
</UL>

<P><STRONG><a name="[e3]"></a>LOS_Schedule</STRONG> (Thumb, 56 bytes, Stack size 8 bytes, los_hw.o(i.LOS_Schedule))
<BR><BR>[Stack]<UL><LI>Max Depth = 8 + Unknown Stack Size
<LI>Call Chain = LOS_Schedule
</UL>
<BR>[Calls]<UL><LI><a href="#[be]">&gt;&gt;</a>&nbsp;&nbsp;&nbsp;LOS_IntRestore
<LI><a href="#[bd]">&gt;&gt;</a>&nbsp;&nbsp;&nbsp;LOS_IntLock
<LI><a href="#[f0]">&gt;&gt;</a>&nbsp;&nbsp;&nbsp;osPriqueueTop
<LI><a href="#[f1]">&gt;&gt;</a>&nbsp;&nbsp;&nbsp;osTaskSchedule
</UL>
<BR>[Called By]<UL><LI><a href="#[109]">&gt;&gt;</a>&nbsp;&nbsp;&nbsp;LOS_TaskDelay
[...]
</UL>

<P><STRONG><a name="[212]"></a>ver_to_hex</STRONG> (Thumb, 54 bytes, Stack size 24 bytes, sota.o(i.ver_to_hex))
<BR><BR>[Stack]<UL><LI>Max Depth = 48<LI>Call Chain = ver_to_hex &rArr; __2sprintf
</UL>
<BR>[Calls]<UL><LI><a href="#[150]">&gt;&gt;</a>&nbsp;&nbsp;&nbsp;__2sprintf
</UL>
<BR>[Called By]<UL><LI><a href="#[21a]">&gt;&gt;</a>&nbsp;&nbsp;&nbsp;sota_status_check
<LI><a href="#[217]">&gt;&gt;</a>&nbsp;&nbsp;&nbsp;sota_send_response_code
<LI><a href="#[218]">&gt;&gt;</a>&nbsp;&nbsp;&nbsp;sota_send_request_block
<LI><a href="#[211]">&gt;&gt;</a>&nbsp;&nbsp;&nbsp;sota_at_send
<LI><a href="#[214]">&gt;&gt;</a>&nbsp;&nbsp;&nbsp;sota_process
</UL>

<P><STRONG><a name="[3d]"></a>local_calloc</STRONG> (Thumb, 32 bytes, Stack size 16 bytes, package.o(i.local_calloc))
<BR><BR>[Stack]<UL><LI>Max Depth = 64<LI>Call Chain = local_calloc &rArr; pack_malloc &rArr; pack_get_params &rArr; pack_get_device &rArr; pack_init_pack_device &rArr; pack_wr_init
</UL>
<BR>[Calls]<UL><LI><a href="#[16b]">&gt;&gt;</a>&nbsp;&nbsp;&nbsp;pack_malloc
<LI><a href="#[5e]">&gt;&gt;</a>&nbsp;&nbsp;&nbsp;__aeabi_memclr
</UL>
<BR>[Address Reference Count : 1]<UL><LI> package.o(i.pack_init_device)
</UL>
<P><STRONG><a name="[3c]"></a>pack_get_block_size</STRONG> (Thumb, 14 bytes, Stack size 16 bytes, package.o(i.pack_get_block_size))
<BR><BR>[Stack]<UL><LI>Max Depth = 40<LI>Call Chain = pack_get_block_size &rArr; pack_get_device &rArr; pack_init_pack_device &rArr; pack_wr_init
</UL>
<BR>[Calls]<UL><LI><a href="#[1f3]">&gt;&gt;</a>&nbsp;&nbsp;&nbsp;pack_get_device
</UL>
<BR>[Address Reference Count : 1]<UL><LI> package.o(i.pack_init_device)
</UL>
<P><STRONG><a name="[1f4]"></a>pack_init_pack_device</STRONG> (Thumb, 58 bytes, Stack size 8 bytes, package.o(i.pack_init_pack_device))
<BR><BR>[Stack]<UL><LI>Max Depth = 16<LI>Call Chain = pack_init_pack_device &rArr; pack_wr_init
</UL>
<BR>[Calls]<UL><LI><a href="#[201]">&gt;&gt;</a>&nbsp;&nbsp;&nbsp;pack_wr_init
<LI><a href="#[1f8]">&gt;&gt;</a>&nbsp;&nbsp;&nbsp;pack_head_init
<LI><a href="#[125]">&gt;&gt;</a>&nbsp;&nbsp;&nbsp;__aeabi_memclr4
</UL>
<BR>[Called By]<UL><LI><a href="#[1f3]">&gt;&gt;</a>&nbsp;&nbsp;&nbsp;pack_get_device
</UL>

<P><STRONG><a name="[39]"></a>pack_read_software</STRONG> (Thumb, 74 bytes, Stack size 32 bytes, package.o(i.pack_read_software))
<BR><BR>[Stack]<UL><LI>Max Depth = 64<LI>Call Chain = pack_read_software &rArr; pack_get_params &rArr; pack_get_device &rArr; pack_init_pack_device &rArr; pack_wr_init
</UL>
<BR>[Calls]<UL><LI><a href="#[1e7]">&gt;&gt;</a>&nbsp;&nbsp;&nbsp;pack_get_params
<LI><a href="#[1f3]">&gt;&gt;</a>&nbsp;&nbsp;&nbsp;pack_get_device
</UL>
<BR>[Address Reference Count : 1]<UL><LI> package.o(i.pack_init_device)
</UL>
<P><STRONG><a name="[3b]"></a>pack_set_flash_type</STRONG> (Thumb, 48 bytes, Stack size 24 bytes, package.o(i.pack_set_flash_type))
<BR><BR>[Stack]<UL><LI>Max Depth = 56<LI>Call Chain = pack_set_flash_type &rArr; pack_get_params &rArr; pack_get_device &rArr; pack_init_pack_device &rArr; pack_wr_init
</UL>
<BR>[Calls]<UL><LI><a href="#[1e7]">&gt;&gt;</a>&nbsp;&nbsp;&nbsp;pack_get_params
<LI><a href="#[1f3]">&gt;&gt;</a>&nbsp;&nbsp;&nbsp;pack_get_device
</UL>
<BR>[Address Reference Count : 1]<UL><LI> package.o(i.pack_init_device)
</UL>
<P><STRONG><a name="[3e]"></a>pack_storage_write_software</STRONG> (Thumb, 324 bytes, Stack size 40 bytes, package.o(i.pack_storage_write_software))
<BR><BR>[Stack]<UL><LI>Max Depth = 728<LI>Call Chain = pack_storage_write_software &rArr; pack_wr_write &rArr; pack_wr_entire_blocks &rArr; pack_write_data &rArr; flag_enable_hwpatch &rArr; flag_set_recover_verify &rArr; save_flag &rArr; flag_write &rArr; __aeabi_memcpy
</UL>
<BR>[Calls]<UL><LI><a href="#[204]">&gt;&gt;</a>&nbsp;&nbsp;&nbsp;pack_wr_write
<LI><a href="#[1f9]">&gt;&gt;</a>&nbsp;&nbsp;&nbsp;pack_head_parse
<LI><a href="#[1ef]">&gt;&gt;</a>&nbsp;&nbsp;&nbsp;pack_head_get_head_len
<LI><a href="#[205]">&gt;&gt;</a>&nbsp;&nbsp;&nbsp;pack_head_get_checksum
<LI><a href="#[1f2]">&gt;&gt;</a>&nbsp;&nbsp;&nbsp;pack_checksum_update_data
<LI><a href="#[1e7]">&gt;&gt;</a>&nbsp;&nbsp;&nbsp;pack_get_params
</UL>
<BR>[Address Reference Count : 1]<UL><LI> package.o(i.pack_init_pack_device)
</UL>
<P><STRONG><a name="[3f]"></a>pack_storage_write_software_end</STRONG> (Thumb, 154 bytes, Stack size 32 bytes, package.o(i.pack_storage_write_software_end))
<BR><BR>[Stack]<UL><LI>Max Depth = 664<LI>Call Chain = pack_storage_write_software_end &rArr; pack_wr_write_end &rArr; pack_wr_write_stored_data &rArr; pack_write_data &rArr; flag_enable_hwpatch &rArr; flag_set_recover_verify &rArr; save_flag &rArr; flag_write &rArr; __aeabi_memcpy
</UL>
<BR>[Calls]<UL><LI><a href="#[206]">&gt;&gt;</a>&nbsp;&nbsp;&nbsp;pack_wr_write_end
<LI><a href="#[207]">&gt;&gt;</a>&nbsp;&nbsp;&nbsp;pack_wr_destroy
<LI><a href="#[1f7]">&gt;&gt;</a>&nbsp;&nbsp;&nbsp;pack_head_destroy
<LI><a href="#[1f5]">&gt;&gt;</a>&nbsp;&nbsp;&nbsp;pack_head_check
<LI><a href="#[1e7]">&gt;&gt;</a>&nbsp;&nbsp;&nbsp;pack_get_params
</UL>
<BR>[Address Reference Count : 1]<UL><LI> package.o(i.pack_init_pack_device)
</UL>
<P><STRONG><a name="[3a]"></a>pack_write_software</STRONG> (Thumb, 74 bytes, Stack size 32 bytes, package.o(i.pack_write_software))
<BR><BR>[Stack]<UL><LI>Max Depth = 64<LI>Call Chain = pack_write_software &rArr; pack_get_params &rArr; pack_get_device &rArr; pack_init_pack_device &rArr; pack_wr_init
</UL>
<BR>[Calls]<UL><LI><a href="#[1e7]">&gt;&gt;</a>&nbsp;&nbsp;&nbsp;pack_get_params
<LI><a href="#[1f3]">&gt;&gt;</a>&nbsp;&nbsp;&nbsp;pack_get_device
</UL>
<BR>[Address Reference Count : 1]<UL><LI> package.o(i.pack_init_device)
</UL>
<P><STRONG><a name="[1e8]"></a>pack_checksum_get_alg</STRONG> (Thumb, 8 bytes, Stack size 0 bytes, package_checksum.o(i.pack_checksum_get_alg))
<BR><BR>[Called By]<UL><LI><a href="#[1ec]">&gt;&gt;</a>&nbsp;&nbsp;&nbsp;pack_checksum_delete
<LI><a href="#[1e6]">&gt;&gt;</a>&nbsp;&nbsp;&nbsp;pack_checksum_check
<LI><a href="#[1f1]">&gt;&gt;</a>&nbsp;&nbsp;&nbsp;pack_checksum_restore_checksum
<LI><a href="#[1eb]">&gt;&gt;</a>&nbsp;&nbsp;&nbsp;pack_checksum_init_head_data
<LI><a href="#[1f2]">&gt;&gt;</a>&nbsp;&nbsp;&nbsp;pack_checksum_update_data
</UL>

<P><STRONG><a name="[1ea]"></a>pack_checksum_init</STRONG> (Thumb, 28 bytes, Stack size 16 bytes, package_checksum.o(i.pack_checksum_init))
<BR><BR>[Stack]<UL><LI>Max Depth = 64<LI>Call Chain = pack_checksum_init &rArr; pack_sha256_rsa2048_init &rArr; pack_sha256_init &rArr; pack_sha256_reset &rArr; mbedtls_sha256_init
</UL>
<BR>[Calls]<UL><LI><a href="#[1ee]">&gt;&gt;</a>&nbsp;&nbsp;&nbsp;pack_sha256_rsa2048_init
<LI><a href="#[125]">&gt;&gt;</a>&nbsp;&nbsp;&nbsp;__aeabi_memclr4
</UL>
<BR>[Called By]<UL><LI><a href="#[1e9]">&gt;&gt;</a>&nbsp;&nbsp;&nbsp;pack_checksum_create
</UL>

<P><STRONG><a name="[1eb]"></a>pack_checksum_init_head_data</STRONG> (Thumb, 110 bytes, Stack size 32 bytes, package_checksum.o(i.pack_checksum_init_head_data))
<BR><BR>[Stack]<UL><LI>Max Depth = 64<LI>Call Chain = pack_checksum_init_head_data &rArr; pack_get_params &rArr; pack_get_device &rArr; pack_init_pack_device &rArr; pack_wr_init
</UL>
<BR>[Calls]<UL><LI><a href="#[1f0]">&gt;&gt;</a>&nbsp;&nbsp;&nbsp;pack_head_get_head_info
<LI><a href="#[1e8]">&gt;&gt;</a>&nbsp;&nbsp;&nbsp;pack_checksum_get_alg
<LI><a href="#[1ef]">&gt;&gt;</a>&nbsp;&nbsp;&nbsp;pack_head_get_head_len
<LI><a href="#[1e7]">&gt;&gt;</a>&nbsp;&nbsp;&nbsp;pack_get_params
</UL>
<BR>[Called By]<UL><LI><a href="#[1e9]">&gt;&gt;</a>&nbsp;&nbsp;&nbsp;pack_checksum_create
<LI><a href="#[1f2]">&gt;&gt;</a>&nbsp;&nbsp;&nbsp;pack_checksum_update_data
</UL>

<P><STRONG><a name="[1f1]"></a>pack_checksum_restore_checksum</STRONG> (Thumb, 216 bytes, Stack size 64 bytes, package_checksum.o(i.pack_checksum_restore_checksum))
<BR><BR>[Stack]<UL><LI>Max Depth = 112<LI>Call Chain = pack_checksum_restore_checksum &rArr; pack_malloc &rArr; pack_get_params &rArr; pack_get_device &rArr; pack_init_pack_device &rArr; pack_wr_init
</UL>
<BR>[Calls]<UL><LI><a href="#[1e8]">&gt;&gt;</a>&nbsp;&nbsp;&nbsp;pack_checksum_get_alg
<LI><a href="#[16b]">&gt;&gt;</a>&nbsp;&nbsp;&nbsp;pack_malloc
<LI><a href="#[1e7]">&gt;&gt;</a>&nbsp;&nbsp;&nbsp;pack_get_params
<LI><a href="#[1ed]">&gt;&gt;</a>&nbsp;&nbsp;&nbsp;pack_free
</UL>
<BR>[Called By]<UL><LI><a href="#[1f2]">&gt;&gt;</a>&nbsp;&nbsp;&nbsp;pack_checksum_update_data
</UL>

<P><STRONG><a name="[43]"></a>pack_sha256_check</STRONG> (Thumb, 138 bytes, Stack size 56 bytes, package_checksum.o(i.pack_sha256_check))
<BR><BR>[Stack]<UL><LI>Max Depth = 432<LI>Call Chain = pack_sha256_check &rArr; mbedtls_sha256_finish &rArr; mbedtls_sha256_update &rArr; mbedtls_sha256_process
</UL>
<BR>[Calls]<UL><LI><a href="#[1b6]">&gt;&gt;</a>&nbsp;&nbsp;&nbsp;mbedtls_sha256_finish
<LI><a href="#[1e7]">&gt;&gt;</a>&nbsp;&nbsp;&nbsp;pack_get_params
<LI><a href="#[1b1]">&gt;&gt;</a>&nbsp;&nbsp;&nbsp;memcmp
</UL>
<BR>[Address Reference Count : 1]<UL><LI> package_checksum.o(i.pack_sha256_init)
</UL>
<P><STRONG><a name="[44]"></a>pack_sha256_destroy</STRONG> (Thumb, 16 bytes, Stack size 16 bytes, package_checksum.o(i.pack_sha256_destroy))
<BR><BR>[Stack]<UL><LI>Max Depth = 32<LI>Call Chain = pack_sha256_destroy &rArr; mbedtls_sha256_free &rArr; mbedtls_zeroize
</UL>
<BR>[Calls]<UL><LI><a href="#[1b7]">&gt;&gt;</a>&nbsp;&nbsp;&nbsp;mbedtls_sha256_free
</UL>
<BR>[Address Reference Count : 1]<UL><LI> package_checksum.o(i.pack_sha256_init)
</UL>
<P><STRONG><a name="[41]"></a>pack_sha256_reset</STRONG> (Thumb, 26 bytes, Stack size 16 bytes, package_checksum.o(i.pack_sha256_reset))
<BR><BR>[Stack]<UL><LI>Max Depth = 24<LI>Call Chain = pack_sha256_reset &rArr; mbedtls_sha256_init
</UL>
<BR>[Calls]<UL><LI><a href="#[1b3]">&gt;&gt;</a>&nbsp;&nbsp;&nbsp;mbedtls_sha256_init
<LI><a href="#[1b4]">&gt;&gt;</a>&nbsp;&nbsp;&nbsp;mbedtls_sha256_starts
</UL>
<BR>[Called By]<UL><LI><a href="#[202]">&gt;&gt;</a>&nbsp;&nbsp;&nbsp;pack_sha256_init
</UL>
<BR>[Address Reference Count : 1]<UL><LI> package_checksum.o(i.pack_sha256_init)
</UL>
<P><STRONG><a name="[45]"></a>pack_sha256_rsa2048_check</STRONG> (Thumb, 390 bytes, Stack size 88 bytes, package_checksum.o(i.pack_sha256_rsa2048_check))
<BR><BR>[Stack]<UL><LI>Max Depth = 3464<LI>Call Chain = pack_sha256_rsa2048_check &rArr; mbedtls_rsa_pkcs1_verify &rArr; mbedtls_rsa_rsassa_pss_verify &rArr; mbedtls_rsa_rsassa_pss_verify_ext &rArr; mbedtls_rsa_private &rArr; rsa_prepare_blinding &rArr; mbedtls_mpi_exp_mod &rArr; mbedtls_mpi_mod_mpi &rArr; mbedtls_mpi_div_mpi &rArr; mbedtls_mpi_mul_int &rArr; mbedtls_mpi_mul_mpi &rArr; mbedtls_mpi_copy &rArr; mbedtls_mpi_grow &rArr; mbedtls_mpi_zeroize
</UL>
<BR>[Calls]<UL><LI><a href="#[199]">&gt;&gt;</a>&nbsp;&nbsp;&nbsp;mbedtls_mpi_read_string
<LI><a href="#[1a3]">&gt;&gt;</a>&nbsp;&nbsp;&nbsp;mbedtls_rsa_pkcs1_verify
<LI><a href="#[1a1]">&gt;&gt;</a>&nbsp;&nbsp;&nbsp;mbedtls_rsa_init
<LI><a href="#[1a0]">&gt;&gt;</a>&nbsp;&nbsp;&nbsp;mbedtls_rsa_free
<LI><a href="#[19f]">&gt;&gt;</a>&nbsp;&nbsp;&nbsp;mbedtls_rsa_check_pubkey
<LI><a href="#[1b6]">&gt;&gt;</a>&nbsp;&nbsp;&nbsp;mbedtls_sha256_finish
<LI><a href="#[203]">&gt;&gt;</a>&nbsp;&nbsp;&nbsp;pack_head_get_key
<LI><a href="#[16b]">&gt;&gt;</a>&nbsp;&nbsp;&nbsp;pack_malloc
<LI><a href="#[1e7]">&gt;&gt;</a>&nbsp;&nbsp;&nbsp;pack_get_params
<LI><a href="#[1ed]">&gt;&gt;</a>&nbsp;&nbsp;&nbsp;pack_free
</UL>
<BR>[Address Reference Count : 1]<UL><LI> package_checksum.o(i.pack_sha256_rsa2048_init)
</UL>
<P><STRONG><a name="[42]"></a>pack_sha256_update</STRONG> (Thumb, 30 bytes, Stack size 24 bytes, package_checksum.o(i.pack_sha256_update))
<BR><BR>[Stack]<UL><LI>Max Depth = 360<LI>Call Chain = pack_sha256_update &rArr; mbedtls_sha256_update &rArr; mbedtls_sha256_process
</UL>
<BR>[Calls]<UL><LI><a href="#[1b5]">&gt;&gt;</a>&nbsp;&nbsp;&nbsp;mbedtls_sha256_update
</UL>
<BR>[Address Reference Count : 1]<UL><LI> package_checksum.o(i.pack_sha256_init)
</UL>
<P><STRONG><a name="[1fc]"></a>pack_head_get_checksum_attribute</STRONG> (Thumb, 4 bytes, Stack size 0 bytes, package_head.o(i.pack_head_get_checksum_attribute))
<BR><BR>[Called By]<UL><LI><a href="#[1fb]">&gt;&gt;</a>&nbsp;&nbsp;&nbsp;pack_head_parse_tlvs
</UL>

<P><STRONG><a name="[58]"></a>pack_head_handle_bin_type_tlv</STRONG> (Thumb, 90 bytes, Stack size 24 bytes, package_head.o(i.pack_head_handle_bin_type_tlv))
<BR><BR>[Stack]<UL><LI>Max Depth = 56<LI>Call Chain = pack_head_handle_bin_type_tlv &rArr; pack_get_params &rArr; pack_get_device &rArr; pack_init_pack_device &rArr; pack_wr_init
</UL>
<BR>[Calls]<UL><LI><a href="#[1e7]">&gt;&gt;</a>&nbsp;&nbsp;&nbsp;pack_get_params
</UL>
<BR>[Address Reference Count : 1]<UL><LI> package_head.o(.constdata)
</UL>
<P><STRONG><a name="[57]"></a>pack_head_handle_checksum_tlv</STRONG> (Thumb, 98 bytes, Stack size 24 bytes, package_head.o(i.pack_head_handle_checksum_tlv))
<BR><BR>[Stack]<UL><LI>Max Depth = 72<LI>Call Chain = pack_head_handle_checksum_tlv &rArr; pack_malloc &rArr; pack_get_params &rArr; pack_get_device &rArr; pack_init_pack_device &rArr; pack_wr_init
</UL>
<BR>[Calls]<UL><LI><a href="#[16b]">&gt;&gt;</a>&nbsp;&nbsp;&nbsp;pack_malloc
<LI><a href="#[1e7]">&gt;&gt;</a>&nbsp;&nbsp;&nbsp;pack_get_params
<LI><a href="#[1ed]">&gt;&gt;</a>&nbsp;&nbsp;&nbsp;pack_free
<LI><a href="#[5e]">&gt;&gt;</a>&nbsp;&nbsp;&nbsp;__aeabi_memclr
<LI><a href="#[13a]">&gt;&gt;</a>&nbsp;&nbsp;&nbsp;__aeabi_memcpy
</UL>
<BR>[Address Reference Count : 1]<UL><LI> package_head.o(.constdata)
</UL>
<P><STRONG><a name="[1f6]"></a>pack_head_is_done</STRONG> (Thumb, 24 bytes, Stack size 0 bytes, package_head.o(i.pack_head_is_done))
<BR><BR>[Called By]<UL><LI><a href="#[1f0]">&gt;&gt;</a>&nbsp;&nbsp;&nbsp;pack_head_get_head_info
<LI><a href="#[1ef]">&gt;&gt;</a>&nbsp;&nbsp;&nbsp;pack_head_get_head_len
<LI><a href="#[1f5]">&gt;&gt;</a>&nbsp;&nbsp;&nbsp;pack_head_check
</UL>

<P><STRONG><a name="[1fb]"></a>pack_head_parse_tlvs</STRONG> (Thumb, 266 bytes, Stack size 72 bytes, package_head.o(i.pack_head_parse_tlvs))
<BR><BR>[Stack]<UL><LI>Max Depth = 152<LI>Call Chain = pack_head_parse_tlvs &rArr; pack_checksum_create &rArr; pack_checksum_init_head_data &rArr; pack_get_params &rArr; pack_get_device &rArr; pack_init_pack_device &rArr; pack_wr_init
</UL>
<BR>[Calls]<UL><LI><a href="#[1ec]">&gt;&gt;</a>&nbsp;&nbsp;&nbsp;pack_checksum_delete
<LI><a href="#[1e9]">&gt;&gt;</a>&nbsp;&nbsp;&nbsp;pack_checksum_create
<LI><a href="#[1e7]">&gt;&gt;</a>&nbsp;&nbsp;&nbsp;pack_get_params
<LI><a href="#[1fc]">&gt;&gt;</a>&nbsp;&nbsp;&nbsp;pack_head_get_checksum_attribute
</UL>
<BR>[Called By]<UL><LI><a href="#[1f9]">&gt;&gt;</a>&nbsp;&nbsp;&nbsp;pack_head_parse
</UL>

<P><STRONG><a name="[208]"></a>pack_wr_begin_not_aligned</STRONG> (Thumb, 286 bytes, Stack size 48 bytes, package_writer.o(i.pack_wr_begin_not_aligned))
<BR><BR>[Stack]<UL><LI>Max Depth = 640<LI>Call Chain = pack_wr_begin_not_aligned &rArr; pack_write_data &rArr; flag_enable_hwpatch &rArr; flag_set_recover_verify &rArr; save_flag &rArr; flag_write &rArr; __aeabi_memcpy
</UL>
<BR>[Calls]<UL><LI><a href="#[16b]">&gt;&gt;</a>&nbsp;&nbsp;&nbsp;pack_malloc
<LI><a href="#[1e7]">&gt;&gt;</a>&nbsp;&nbsp;&nbsp;pack_get_params
<LI><a href="#[13a]">&gt;&gt;</a>&nbsp;&nbsp;&nbsp;__aeabi_memcpy
<LI><a href="#[209]">&gt;&gt;</a>&nbsp;&nbsp;&nbsp;pack_write_data
</UL>
<BR>[Called By]<UL><LI><a href="#[204]">&gt;&gt;</a>&nbsp;&nbsp;&nbsp;pack_wr_write
</UL>

<P><STRONG><a name="[20c]"></a>pack_wr_end_not_aligned_block</STRONG> (Thumb, 94 bytes, Stack size 32 bytes, package_writer.o(i.pack_wr_end_not_aligned_block))
<BR><BR>[Stack]<UL><LI>Max Depth = 80<LI>Call Chain = pack_wr_end_not_aligned_block &rArr; pack_malloc &rArr; pack_get_params &rArr; pack_get_device &rArr; pack_init_pack_device &rArr; pack_wr_init
</UL>
<BR>[Calls]<UL><LI><a href="#[16b]">&gt;&gt;</a>&nbsp;&nbsp;&nbsp;pack_malloc
<LI><a href="#[1e7]">&gt;&gt;</a>&nbsp;&nbsp;&nbsp;pack_get_params
<LI><a href="#[13a]">&gt;&gt;</a>&nbsp;&nbsp;&nbsp;__aeabi_memcpy
</UL>
<BR>[Called By]<UL><LI><a href="#[204]">&gt;&gt;</a>&nbsp;&nbsp;&nbsp;pack_wr_write
</UL>

<P><STRONG><a name="[20d]"></a>pack_wr_entire_blocks</STRONG> (Thumb, 106 bytes, Stack size 48 bytes, package_writer.o(i.pack_wr_entire_blocks))
<BR><BR>[Stack]<UL><LI>Max Depth = 640<LI>Call Chain = pack_wr_entire_blocks &rArr; pack_write_data &rArr; flag_enable_hwpatch &rArr; flag_set_recover_verify &rArr; save_flag &rArr; flag_write &rArr; __aeabi_memcpy
</UL>
<BR>[Calls]<UL><LI><a href="#[1e7]">&gt;&gt;</a>&nbsp;&nbsp;&nbsp;pack_get_params
<LI><a href="#[209]">&gt;&gt;</a>&nbsp;&nbsp;&nbsp;pack_write_data
</UL>
<BR>[Called By]<UL><LI><a href="#[204]">&gt;&gt;</a>&nbsp;&nbsp;&nbsp;pack_wr_write
</UL>

<P><STRONG><a name="[209]"></a>pack_write_data</STRONG> (Thumb, 44 bytes, Stack size 24 bytes, package_writer.o(i.pack_write_data))
<BR><BR>[Stack]<UL><LI>Max Depth = 592<LI>Call Chain = pack_write_data &rArr; flag_enable_hwpatch &rArr; flag_set_recover_verify &rArr; save_flag &rArr; flag_write &rArr; __aeabi_memcpy
</UL>
<BR>[Calls]<UL><LI><a href="#[156]">&gt;&gt;</a>&nbsp;&nbsp;&nbsp;flag_enable_hwpatch
</UL>
<BR>[Called By]<UL><LI><a href="#[20e]">&gt;&gt;</a>&nbsp;&nbsp;&nbsp;pack_wr_write_stored_data
<LI><a href="#[20d]">&gt;&gt;</a>&nbsp;&nbsp;&nbsp;pack_wr_entire_blocks
<LI><a href="#[208]">&gt;&gt;</a>&nbsp;&nbsp;&nbsp;pack_wr_begin_not_aligned
</UL>

<P><STRONG><a name="[120]"></a>_fp_digits</STRONG> (Thumb, 366 bytes, Stack size 64 bytes, printfa.o(i._fp_digits), UNUSED)
<BR><BR>[Calls]<UL><LI><a href="#[67]">&gt;&gt;</a>&nbsp;&nbsp;&nbsp;__aeabi_ddiv
<LI><a href="#[6a]">&gt;&gt;</a>&nbsp;&nbsp;&nbsp;__aeabi_d2ulz
<LI><a href="#[5b]">&gt;&gt;</a>&nbsp;&nbsp;&nbsp;__aeabi_uldivmod
<LI><a href="#[65]">&gt;&gt;</a>&nbsp;&nbsp;&nbsp;__aeabi_dmul
<LI><a href="#[6e]">&gt;&gt;</a>&nbsp;&nbsp;&nbsp;__aeabi_dadd
<LI><a href="#[121]">&gt;&gt;</a>&nbsp;&nbsp;&nbsp;__aeabi_cdrcmple
</UL>
<BR>[Called By]<UL><LI><a href="#[11c]">&gt;&gt;</a>&nbsp;&nbsp;&nbsp;_printf_core
</UL>

<P><STRONG><a name="[11c]"></a>_printf_core</STRONG> (Thumb, 1744 bytes, Stack size 136 bytes, printfa.o(i._printf_core), UNUSED)
<BR><BR>[Calls]<UL><LI><a href="#[5b]">&gt;&gt;</a>&nbsp;&nbsp;&nbsp;__aeabi_uldivmod
<LI><a href="#[124]">&gt;&gt;</a>&nbsp;&nbsp;&nbsp;__aeabi_uidivmod
<LI><a href="#[122]">&gt;&gt;</a>&nbsp;&nbsp;&nbsp;_printf_pre_padding
<LI><a href="#[123]">&gt;&gt;</a>&nbsp;&nbsp;&nbsp;_printf_post_padding
<LI><a href="#[120]">&gt;&gt;</a>&nbsp;&nbsp;&nbsp;_fp_digits
</UL>
<BR>[Called By]<UL><LI><a href="#[11f]">&gt;&gt;</a>&nbsp;&nbsp;&nbsp;__0vsnprintf
<LI><a href="#[11e]">&gt;&gt;</a>&nbsp;&nbsp;&nbsp;__0sprintf
<LI><a href="#[11d]">&gt;&gt;</a>&nbsp;&nbsp;&nbsp;__0snprintf
<LI><a href="#[11b]">&gt;&gt;</a>&nbsp;&nbsp;&nbsp;__0printf
</UL>

<P><STRONG><a name="[123]"></a>_printf_post_padding</STRONG> (Thumb, 36 bytes, Stack size 24 bytes, printfa.o(i._printf_post_padding), UNUSED)
<BR><BR>[Called By]<UL><LI><a href="#[11c]">&gt;&gt;</a>&nbsp;&nbsp;&nbsp;_printf_core
</UL>

<P><STRONG><a name="[122]"></a>_printf_pre_padding</STRONG> (Thumb, 46 bytes, Stack size 24 bytes, printfa.o(i._printf_pre_padding), UNUSED)
<BR><BR>[Called By]<UL><LI><a href="#[11c]">&gt;&gt;</a>&nbsp;&nbsp;&nbsp;_printf_core
</UL>

<P><STRONG><a name="[23]"></a>_snputc</STRONG> (Thumb, 22 bytes, Stack size 0 bytes, printfa.o(i._snputc))
<BR>[Address Reference Count : 2]<UL><LI> printfa.o(i.__0snprintf)
<LI> printfa.o(i.__0vsnprintf)
</UL>
<P><STRONG><a name="[24]"></a>_sputc</STRONG> (Thumb, 10 bytes, Stack size 0 bytes, printfa.o(i._sputc))
<BR><BR>[Called By]<UL><LI><a href="#[11e]">&gt;&gt;</a>&nbsp;&nbsp;&nbsp;__0sprintf
</UL>
<BR>[Address Reference Count : 1]<UL><LI> printfa.o(i.__0sprintf)
</UL>
<P><STRONG><a name="[1e]"></a>_scanf_char_input</STRONG> (Thumb, 12 bytes, Stack size 0 bytes, scanf_char.o(.text))
<BR>[Address Reference Count : 1]<UL><LI> scanf_char.o(.text)
</UL><P>
<H3>
Undefined Global Symbols
</H3><HR></body></html>
