<html>
<body>
<pre>
<h1>µVision Build Log</h1>
<h2>Tool Versions:</h2>
IDE-Version: ¦ÌVision V5.24.2.0
Copyright (C) 2017 ARM Ltd and ARM Germany GmbH. All rights reserved.
License Information: gu junfeng, cug, LIC=VGX8T-REZVI-UG87Q-N7IE8-IIFFP-ZX5Z7
 
Tool Versions:
Toolchain:       MDK-ARM Plus  Version: 5.24.1
Toolchain Path:  D:\Program Files\keil5\ARM\ARMCC\Bin
C Compiler:      Armcc.exe V5.06 update 5 (build 528)
Assembler:       Armasm.exe V5.06 update 5 (build 528)
Linker/Locator:  ArmLink.exe V5.06 update 5 (build 528)
Library Manager: ArmAr.exe V5.06 update 5 (build 528)
Hex Converter:   FromElf.exe V5.06 update 5 (build 528)
CPU DLL:         SARMCM3.DLL V5.24.1
Dialog DLL:      DCM.DLL V1.16.0.0
Target DLL:      UL2CM3.DLL V1.160.3.0
Dialog DLL:      TCM.DLL V1.32.0.0
 
<h2>Project:</h2>
D:\Git_WorkSpace\Sensor_Workspace\SensorProject\targets\STM32L476ZGTx\MDK-ARM\STM32L476ZGTx.uvprojx
Project File Date:  11/09/2020

<h2>Output:</h2>
*** Using Compiler 'V5.06 update 5 (build 528)', folder: 'D:\Program Files\keil5\ARM\ARMCC\Bin'
Build target 'Sensor_Project'
assembling los_startup_keil.s...
compiling at_hal.c...
compiling sys_init.c...
compiling flash_adaptor.c...
compiling i2c.c...
compiling dwt.c...
compiling user_task.c...
compiling spi.c...
compiling system_stm32l4xx.c...
compiling usart.c...
compiling gpio.c...
compiling main.c...
compiling ota_port.c...
compiling bc95.c...
compiling los_tick.c...
compiling los_task.c...
compiling los_timeslice.c...
compiling los_swtmr.c...
compiling esp8266.c...
compiling los_priqueue.c...
compiling los_sys.c...
compiling m26.c...
compiling los_event.c...
compiling cmsis_liteos.c...
compiling los_mux.c...
compiling los_slab.c...
compiling los_init.c...
assembling los_dispatch_keil.S...
compiling los_memcheck.c...
compiling los_queue.c...
compiling los_memory.c...
compiling los_slabmem.c...
compiling los_err.c...
compiling los_membox.c...
compiling los_heap.c...
compiling los_misc.c...
compiling los_sem.c...
compiling los_tickless.c...
compiling los_hw.c...
compiling stm32l4xx_hal.c...
compiling stm32l4xx_hal_uart_ex.c...
compiling stm32l4xx_hal_tim.c...
compiling stm32l4xx_hal_i2c_ex.c...
compiling los_hw_tick.c...
compiling stm32l4xx_hal_tim_ex.c...
compiling stm32l4xx_hal_uart.c...
compiling los_hwi.c...
compiling stm32l4xx_hal_rcc.c...
compiling stm32l4xx_hal_i2c.c...
compiling stm32l4xx_hal_rcc_ex.c...
compiling stm32l4xx_hal_flash.c...
compiling stm32l4xx_hal_rng.c...
compiling stm32l4xx_hal_flash_ramfunc.c...
compiling stm32l4xx_hal_pwr.c...
compiling stm32l4xx_hal_cortex.c...
compiling stm32l4xx_hal_dma_ex.c...
compiling stm32l4xx_hal_flash_ex.c...
compiling aesni.c...
compiling aes.c...
compiling arc4.c...
compiling asn1parse.c...
compiling base64.c...
compiling asn1write.c...
compiling stm32l4xx_hal_gpio.c...
compiling camellia.c...
compiling stm32l4xx_hal_pwr_ex.c...
compiling blowfish.c...
compiling stm32l4xx_hal_dma.c...
compiling ccm.c...
compiling bignum.c...
compiling cipher.c...
compiling cipher_wrap.c...
compiling certs.c...
compiling dhm.c...
compiling cmac.c...
compiling ctr_drbg.c...
compiling debug.c...
compiling des.c...
compiling ecp_curves.c...
compiling ecdsa.c...
compiling ecp.c...
compiling ecjpake.c...
compiling ecdh.c...
compiling entropy.c...
compiling error.c...
compiling entropy_poll.c...
compiling gcm.c...
compiling havege.c...
compiling md_wrap.c...
compiling md2.c...
compiling hmac_drbg.c...
compiling stm32l4xx_hal_spi.c...
compiling md4.c...
compiling md.c...
compiling net_sockets.c...
compiling md5.c...
compiling oid.c...
compiling padlock.c...
compiling memory_buffer_alloc.c...
compiling pem.c...
compiling stm32l4xx_hal_qspi.c...
compiling pkcs12.c...
compiling pk_wrap.c...
compiling pk.c...
compiling pkparse.c...
compiling pkcs5.c...
compiling pkcs11.c...
compiling sha512.c...
compiling pkwrite.c...
compiling ripemd160.c...
compiling platform.c...
compiling sha1.c...
compiling rsa.c...
compiling sha256.c...
compiling hal_qspi_flash.c...
compiling ssl_cli.c...
compiling ssl_ticket.c...
compiling ssl_ciphersuites.c...
compiling hal_iwdg.c...
compiling hal_rng.c...
compiling ssl_cookie.c...
compiling ssl_cache.c...
compiling ssl_srv.c...
compiling E53_IA1.c...
compiling x509_crl.c...
compiling timing.c...
compiling x509_csr.c...
compiling x509.c...
compiling x509write_crt.c...
compiling x509_crt.c...
compiling ssl_tls.c...
compiling version_features.c...
compiling x509_create.c...
compiling version.c...
compiling threading.c...
compiling at_api.c...
compiling x509write_csr.c...
compiling xtea.c...
compiling flag_manager.c...
compiling upgrade_flag.c...
compiling sota.c...
compiling sota_hal.c...
compiling ota_crc.c...
compiling package.c...
compiling package_checksum.c...
compiling package_head.c...
compiling package_writer.c...
compiling ota_default.c...
compiling ota_sha256.c...
compiling ota.c...
compiling atiny_osdep.c...
compiling timing_alt.c...
compiling entropy_hardware_poll.c...
compiling net_sockets_alt.c...
compiling dtls_interface.c...
compiling nb_cmd_ioctl.c...
compiling nb_demo.c...
compiling los_nb_api.c...
compiling sota_demo.c...
compiling at_main.c...
compiling malloc.c...
compiling errno.c...
compiling atiny_socket.c...
compiling atiny_log.c...
linking...
Program Size: Code=75068 RO-data=3800 RW-data=2508 ZI-data=9084  
FromELF: creating hex file...
"..\Export\Outputing\STM32L476ZGTx.axf" - 0 Error(s), 0 Warning(s).

<h2>Software Packages used:</h2>

Package Vendor: Keil
                http://www.keil.com/pack/Keil.STM32L4xx_DFP.2.1.0.pack
                Keil.STM32L4xx_DFP.2.1.0
                STMicroelectronics STM32L4 Series Device Support, Drivers and Examples

<h2>Collection of Component include folders:</h2>
  .\RTE\_Sensor_Project
  D:\Program Files\keil5\ARM\PACK\Keil\STM32L4xx_DFP\2.1.0\Drivers\CMSIS\Device\ST\STM32L4xx\Include

<h2>Collection of Component Files used:</h2>
Build Time Elapsed:  00:01:40
</pre>
</body>
</html>
