<html>
<body>
<pre>
<h1>µVision Build Log</h1>
<h2>Tool Versions:</h2>
IDE-Version: ¦ÌVision V5.24.2.0
Copyright (C) 2017 ARM Ltd and ARM Germany GmbH. All rights reserved.
License Information: gu junfeng, cug, LIC=VGX8T-REZVI-UG87Q-N7IE8-IIFFP-ZX5Z7
 
Tool Versions:
Toolchain:       MDK-ARM Plus  Version: 5.24.1
Toolchain Path:  D:\Program Files\keil5\ARM\ARMCC\Bin
C Compiler:      Armcc.exe V5.06 update 5 (build 528)
Assembler:       Armasm.exe V5.06 update 5 (build 528)
Linker/Locator:  ArmLink.exe V5.06 update 5 (build 528)
Library Manager: ArmAr.exe V5.06 update 5 (build 528)
Hex Converter:   FromElf.exe V5.06 update 5 (build 528)
CPU DLL:         SARMCM3.DLL V5.24.1
Dialog DLL:      DCM.DLL V1.16.0.0
Target DLL:      STLink\ST-LINKIII-KEIL_SWO.dll V3.0.1.0
Dialog DLL:      TCM.DLL V1.32.0.0
 
<h2>Project:</h2>
D:\Git_WorkSpace\Sensor_Workspace\SensorProject\cubeMX\MDK-ARM\SensorProject.uvprojx
Project File Date:  10/15/2020

<h2>Output:</h2>
*** Using Compiler 'V5.06 update 5 (build 528)', folder: 'D:\Program Files\keil5\ARM\ARMCC\Bin'
Build target 'SensorProject'
assembling startup_stm32l476xx.s...
compiling stm32l4xx_it.c...
compiling stm32l4xx_hal_i2c_ex.c...
compiling usb_otg.c...
compiling gpio.c...
compiling usart.c...
compiling main.c...
compiling stm32l4xx_hal_msp.c...
compiling i2c.c...
compiling stm32l4xx_hal.c...
compiling stm32l4xx_hal_i2c.c...
compiling stm32l4xx_hal_rcc.c...
compiling stm32l4xx_hal_flash.c...
compiling stm32l4xx_hal_rcc_ex.c...
compiling stm32l4xx_hal_pwr.c...
compiling stm32l4xx_hal_cortex.c...
compiling stm32l4xx_hal_dma.c...
compiling stm32l4xx_hal_flash_ex.c...
compiling stm32l4xx_hal_exti.c...
compiling stm32l4xx_hal_flash_ramfunc.c...
compiling stm32l4xx_hal_dma_ex.c...
compiling stm32l4xx_hal_gpio.c...
compiling stm32l4xx_hal_pwr_ex.c...
compiling stm32l4xx_hal_tim.c...
compiling system_stm32l4xx.c...
compiling stm32l4xx_hal_tim_ex.c...
compiling stm32l4xx_hal_uart_ex.c...
compiling stm32l4xx_ll_usb.c...
compiling stm32l4xx_hal_hcd.c...
compiling stm32l4xx_hal_uart.c...
linking...
Program Size: Code=9336 RO-data=496 RW-data=16 ZI-data=2320  
FromELF: creating hex file...
"SensorProject\SensorProject.axf" - 0 Error(s), 0 Warning(s).

<h2>Software Packages used:</h2>

Package Vendor: ARM
                http://www.keil.com/pack/ARM.CMSIS.5.0.1.pack
                ARM.CMSIS.5.0.1
                CMSIS (Cortex Microcontroller Software Interface Standard)
   * Component: CORE Version: 5.0.1

Package Vendor: Keil
                http://www.keil.com/pack/Keil.STM32L4xx_DFP.2.1.0.pack
                Keil.STM32L4xx_DFP.2.1.0
                STMicroelectronics STM32L4 Series Device Support, Drivers and Examples

<h2>Collection of Component include folders:</h2>
  .\RTE\_SensorProject
  D:\Program Files\keil5\ARM\PACK\ARM\CMSIS\5.0.1\CMSIS\Include
  D:\Program Files\keil5\ARM\PACK\Keil\STM32L4xx_DFP\2.1.0\Drivers\CMSIS\Device\ST\STM32L4xx\Include

<h2>Collection of Component Files used:</h2>

   * Component: ARM::CMSIS:CORE:5.0.1
Build Time Elapsed:  00:00:33
</pre>
</body>
</html>
