Component: ARM Compiler 5.06 update 5 (build 528) Tool: armlink [4d35e2]

==============================================================================

Section Cross References

    los_startup_keil.o(RESET) refers to system_stm32l4xx.o(i.SystemInit) for SystemInit
    los_startup_keil.o(RESET) refers to entry.o(.ARM.Collect$$$$00000000) for __main
    system_stm32l4xx.o(i.SystemCoreClockUpdate) refers to system_stm32l4xx.o(.constdata) for MSIRangeTable
    system_stm32l4xx.o(i.SystemCoreClockUpdate) refers to system_stm32l4xx.o(.data) for SystemCoreClock
    dwt.o(i.delay10ms) refers to dwt.o(i.delayus) for delayus
    dwt.o(i.delayus) refers to los_dispatch_keil.o(.text) for LOS_IntLock
    dwt.o(i.delayus) refers to dwt.o(.data) for cpuclkfeq
    dwt.o(i.dwt_delay_init) refers to dwt.o(.data) for cpuclkfeq
    sys_init.o(i.HAL_GetTick) refers to los_sys.o(i.LOS_TickCountGet) for LOS_TickCountGet
    sys_init.o(i.SystemClock_Config) refers to stm32l4xx_hal_pwr.o(i.HAL_PWR_EnableBkUpAccess) for HAL_PWR_EnableBkUpAccess
    sys_init.o(i.SystemClock_Config) refers to stm32l4xx_hal_rcc.o(i.HAL_RCC_OscConfig) for HAL_RCC_OscConfig
    sys_init.o(i.SystemClock_Config) refers to sys_init.o(i._Error_Handler) for _Error_Handler
    sys_init.o(i.SystemClock_Config) refers to stm32l4xx_hal_rcc.o(i.HAL_RCC_ClockConfig) for HAL_RCC_ClockConfig
    sys_init.o(i.SystemClock_Config) refers to stm32l4xx_hal_rcc_ex.o(i.HAL_RCCEx_PeriphCLKConfig) for HAL_RCCEx_PeriphCLKConfig
    sys_init.o(i.SystemClock_Config) refers to stm32l4xx_hal_pwr_ex.o(i.HAL_PWREx_ControlVoltageScaling) for HAL_PWREx_ControlVoltageScaling
    sys_init.o(i.atiny_random) refers to hal_rng.o(i.hal_rng_generate_buffer) for hal_rng_generate_buffer
    sys_init.o(i.atiny_reboot) refers to stm32l4xx_hal_cortex.o(i.HAL_NVIC_SystemReset) for HAL_NVIC_SystemReset
    sys_init.o(i.atiny_usleep) refers to dwt.o(i.delayus) for delayus
    at_hal.o(i.at_irq_handler) refers to at_main.o(i.at_get_config) for at_get_config
    at_hal.o(i.at_irq_handler) refers to los_queue.o(i.LOS_QueueWriteCopy) for LOS_QueueWriteCopy
    at_hal.o(i.at_irq_handler) refers to at_hal.o(.bss) for at_usart
    at_hal.o(i.at_irq_handler) refers to at_main.o(.data) for at
    at_hal.o(i.at_irq_handler) refers to at_hal.o(.data) for wi
    at_hal.o(i.at_transmit) refers to at_main.o(i.at_get_config) for at_get_config
    at_hal.o(i.at_transmit) refers to stm32l4xx_hal_uart.o(i.HAL_UART_Transmit) for HAL_UART_Transmit
    at_hal.o(i.at_transmit) refers to strlen.o(.text) for strlen
    at_hal.o(i.at_transmit) refers to at_hal.o(.bss) for at_usart
    at_hal.o(i.at_usart_adapter) refers to at_hal.o(.data) for s_pUSART
    at_hal.o(i.at_usart_deinit) refers to at_hal.o(.bss) for at_usart
    at_hal.o(i.at_usart_init) refers to at_main.o(i.at_get_config) for at_get_config
    at_hal.o(i.at_usart_init) refers to at_hal.o(i.at_usart_adapter) for at_usart_adapter
    at_hal.o(i.at_usart_init) refers to stm32l4xx_hal_uart.o(i.HAL_UART_Init) for HAL_UART_Init
    at_hal.o(i.at_usart_init) refers to sys_init.o(i._Error_Handler) for _Error_Handler
    at_hal.o(i.at_usart_init) refers to los_hwi.o(i.LOS_HwiCreate) for LOS_HwiCreate
    at_hal.o(i.at_usart_init) refers to at_hal.o(.bss) for at_usart
    at_hal.o(i.at_usart_init) refers to at_hal.o(.data) for s_pUSART
    at_hal.o(i.at_usart_init) refers to at_hal.o(i.at_irq_handler) for at_irq_handler
    at_hal.o(i.read_resp) refers to at_main.o(i.at_get_config) for at_get_config
    at_hal.o(i.read_resp) refers to at_main.o(i.at_get_time) for at_get_time
    at_hal.o(i.read_resp) refers to printfa.o(i.__0printf) for __2printf
    at_hal.o(i.read_resp) refers to memmove.o(.text) for __aeabi_memcpy
    at_hal.o(i.read_resp) refers to at_hal.o(.data) for buff_full
    at_hal.o(i.read_resp) refers to at_hal.o(.constdata) for __func__
    at_hal.o(i.read_resp) refers to at_main.o(.data) for at
    at_hal.o(i.write_at_task_msg) refers to los_queue.o(i.LOS_QueueWriteCopy) for LOS_QueueWriteCopy
    at_hal.o(i.write_at_task_msg) refers to at_main.o(.data) for at
    at_hal.o(i.write_at_task_msg) refers to at_hal.o(.data) for g_disscard_cnt
    main.o(i.HardWare_Init) refers to stm32l4xx_hal.o(i.HAL_Init) for HAL_Init
    main.o(i.HardWare_Init) refers to sys_init.o(i.SystemClock_Config) for SystemClock_Config
    main.o(i.HardWare_Init) refers to gpio.o(i.MX_GPIO_Init) for MX_GPIO_Init
    main.o(i.HardWare_Init) refers to usart.o(i.MX_USART1_UART_Init) for MX_USART1_UART_Init
    main.o(i.HardWare_Init) refers to dwt.o(i.dwt_delay_init) for dwt_delay_init
    main.o(i.HardWare_Init) refers to system_stm32l4xx.o(.data) for SystemCoreClock
    main.o(i.main) refers to main.o(i.HardWare_Init) for HardWare_Init
    main.o(i.main) refers to los_init.o(i.LOS_KernelInit) for LOS_KernelInit
    main.o(i.main) refers to user_task.o(i.create_work_tasks) for create_work_tasks
    main.o(i.main) refers to los_init.o(i.LOS_Start) for LOS_Start
[...]
    pack_checksum_create                     0x0800fdf1   Thumb Code    60  package_checksum.o(i.pack_checksum_create)
    pack_checksum_delete                     0x0800fe4d   Thumb Code    38  package_checksum.o(i.pack_checksum_delete)
    pack_checksum_update_data                0x0801005d   Thumb Code   280  package_checksum.o(i.pack_checksum_update_data)
    pack_free                                0x080101c7   Thumb Code    22  package.o(i.pack_free)
    pack_get_device                          0x080101ed   Thumb Code    14  package.o(i.pack_get_device)
    pack_get_params                          0x08010201   Thumb Code    14  package.o(i.pack_get_params)
    pack_head_check                          0x08010211   Thumb Code   182  package_head.o(i.pack_head_check)
    pack_head_destroy                        0x08010355   Thumb Code    66  package_head.o(i.pack_head_destroy)
    pack_head_get_checksum                   0x08010397   Thumb Code     6  package_head.o(i.pack_head_get_checksum)
    pack_head_get_head_info                  0x080103a1   Thumb Code    20  package_head.o(i.pack_head_get_head_info)
    pack_head_get_head_len                   0x080103b5   Thumb Code    20  package_head.o(i.pack_head_get_head_len)
    pack_head_get_key                        0x080103c9   Thumb Code     8  package_head.o(i.pack_head_get_key)
    pack_head_init                           0x080104d9   Thumb Code    14  package_head.o(i.pack_head_init)
    pack_head_parse                          0x08010501   Thumb Code   406  package_head.o(i.pack_head_parse)
    pack_head_parse_head_len                 0x08010741   Thumb Code   442  package_head.o(i.pack_head_parse_head_len)
    pack_head_set_head_info                  0x08010b2b   Thumb Code    24  package_head.o(i.pack_head_set_head_info)
    pack_init_device                         0x08010b45   Thumb Code   130  package.o(i.pack_init_device)
    pack_malloc                              0x08010c41   Thumb Code    26  package.o(i.pack_malloc)
    pack_sha256_init                         0x08010e19   Thumb Code    30  package_checksum.o(i.pack_sha256_init)
    pack_sha256_rsa2048_init                 0x080110c1   Thumb Code    22  package_checksum.o(i.pack_sha256_rsa2048_init)
    pack_storage_active_software             0x080110fd   Thumb Code    62  package.o(i.pack_storage_active_software)
    pack_wr_check                            0x080115d1   Thumb Code    40  package_writer.o(i.pack_wr_check)
    pack_wr_destroy                          0x08011615   Thumb Code    16  package_writer.o(i.pack_wr_destroy)
    pack_wr_free_save_buffer                 0x08011753   Thumb Code    26  package_writer.o(i.pack_wr_free_save_buffer)
    pack_wr_init                             0x0801176d   Thumb Code    14  package_writer.o(i.pack_wr_init)
    pack_wr_set_device                       0x0801177b   Thumb Code     4  package_writer.o(i.pack_wr_set_device)
    pack_wr_write                            0x08011781   Thumb Code   266  package_writer.o(i.pack_wr_write)
    pack_wr_write_end                        0x080118b1   Thumb Code    20  package_writer.o(i.pack_wr_write_end)
    pack_wr_write_stored_data                0x080118c5   Thumb Code    70  package_writer.o(i.pack_wr_write_stored_data)
    prv_spi_flash_erase_sector               0x080119e1   Thumb Code    50  hal_qspi_flash.o(i.prv_spi_flash_erase_sector)
    read_resp                                0x08011aa1   Thumb Code   154  at_hal.o(i.read_resp)
    read_ver                                 0x08011b7d   Thumb Code    12  sota_demo.o(i.read_ver)
    sota_callback                            0x08011e89   Thumb Code    96  sota_demo.o(i.sota_callback)
    sota_cmd                                 0x08011ef1   Thumb Code    70  bc95.o(i.sota_cmd)
    sota_cmd_match                           0x08011f5d   Thumb Code    44  sota_demo.o(i.sota_cmd_match)
    sota_init                                0x0801222d   Thumb Code   102  sota.o(i.sota_init)
    sota_log                                 0x080122a5   Thumb Code    68  sota_demo.o(i.sota_log)
    sota_parse                               0x0801249d   Thumb Code   346  sota.o(i.sota_parse)
    sota_process                             0x08012691   Thumb Code   230  sota.o(i.sota_process)
    sota_timeout_handler                     0x08012a39   Thumb Code   110  sota.o(i.sota_timeout_handler)
    store_resp_buf                           0x08012bed   Thumb Code    42  at_main.o(i.store_resp_buf)
    str_to_hex                               0x08012c19   Thumb Code    54  bc95.o(i.str_to_hex)
    write_at_task_msg                        0x08012cd1   Thumb Code    44  at_hal.o(i.write_at_task_msg)
    zalloc                                   0x08012d05   Thumb Code    26  malloc.o(i.zalloc)
    AHBPrescTable                            0x08012d20   Data          16  system_stm32l4xx.o(.constdata)
    APBPrescTable                            0x08012d30   Data           8  system_stm32l4xx.o(.constdata)
    MSIRangeTable                            0x08012d38   Data          48  system_stm32l4xx.o(.constdata)
    asc2_1206                                0x08012ef7   Data        1140  lcd.o(.constdata)
    asc2_1608                                0x0801336b   Data        1520  lcd.o(.constdata)
    asc2_2412                                0x0801395b   Data        4560  lcd.o(.constdata)
    asc2_3216                                0x08014b2b   Data       12160  lcd.o(.constdata)
    mbedtls_sha224_info                      0x08017aac   Data          48  md_wrap.o(.constdata)
    mbedtls_sha256_info                      0x08017adc   Data          48  md_wrap.o(.constdata)
    __ctype_table                            0x08018438   Data         129  ctype_o.o(.constdata)
    Region$$Table$$Base                      0x080187c4   Number         0  anon$$obj.o(Region$$Table)
    Region$$Table$$Limit                     0x080187f4   Number         0  anon$$obj.o(Region$$Table)
    m_pstHwiForm                             0x20000000   Data        1024  los_hwi.o(.data.vector)
    SystemCoreClock                          0x20000400   Data           4  system_stm32l4xx.o(.data)
    buff_full                                0x20000410   Data           1  at_hal.o(.data)
    wi                                       0x20000418   Data           4  at_hal.o(.data)
    pre_ri                                   0x2000041c   Data           4  at_hal.o(.data)
    ri                                       0x20000420   Data           4  at_hal.o(.data)
    reply_sem                                0x20000424   Data           4  main.o(.data)
    bc95_interface                           0x2000042c   Data          52  bc95.o(.data)
    g_pstLosPriorityQueueList                0x20000468   Data           4  los_priqueue.o(.data)
    m_uwSwTmrHandlerQueue                    0x20000470   Data           4  los_swtmr.o(.data)
    m_pstSwtmrCBArray                        0x20000474   Data           4  los_swtmr.o(.data)
    m_pstSwtmrFreeList                       0x20000478   Data           4  los_swtmr.o(.data)
    m_pstSwtmrSortList                       0x2000047c   Data           4  los_swtmr.o(.data)
    g_pstTaskCBArray                         0x2000048c   Data           4  los_task.o(.data)
    g_stLosTask                              0x20000490   Data           8  los_task.o(.data)
    g_usLosTaskLock                          0x20000498   Data           2  los_task.o(.data)
    g_uwTskMaxNum                            0x2000049c   Data           4  los_task.o(.data)
    g_uwIdleTaskID                           0x200004a0   Data           4  los_task.o(.data)
    g_uwSwtmrTaskID                          0x200004a4   Data           4  los_task.o(.data)
    g_stTaskTimerList                        0x200004a8   Data           8  los_task.o(.data)
    g_stLosFreeTask                          0x200004b0   Data           8  los_task.o(.data)
    g_stTskRecyleList                        0x200004b8   Data           8  los_task.o(.data)
    g_stTskSortLink                          0x200004c0   Data           8  los_task.o(.data)
    g_bTaskScheduled                         0x200004c8   Data           4  los_task.o(.data)
    g_pfnTskSwitchHook                       0x200004cc   Data           4  los_task.o(.data)
    g_pfnUsrTskSwitchHook                    0x200004d0   Data           4  los_task.o(.data)
    g_ullTickCount                           0x200004d8   Data           8  los_tick.o(.data)
    g_uwTicksPerSec                          0x200004e0   Data           4  los_tick.o(.data)
    g_uwCyclePerSec                          0x200004e4   Data           4  los_tick.o(.data)
    g_uwCyclesPerTick                        0x200004e8   Data           4  los_tick.o(.data)
    g_uwSysClock                             0x200004ec   Data           4  los_tick.o(.data)
    g_bSysTickStart                          0x200004f0   Data           4  los_tick.o(.data)
    g_stTaskTimeSlice                        0x200004f4   Data           8  los_timeslice.o(.data)
    g_pstAllMux                              0x200004fc   Data           4  los_mux.o(.data)
    g_stUnusedMuxList                        0x20000500   Data           8  los_mux.o(.data)
    g_pstAllQueue                            0x20000508   Data           4  los_queue.o(.data)
    g_stFreeQueueList                        0x2000050c   Data           8  los_queue.o(.data)
    g_stUnusedSemList                        0x20000514   Data           8  los_sem.o(.data)
    g_pstAllSem                              0x2000051c   Data           4  los_sem.o(.data)
    g_pPoolHead                              0x20000530   Data           4  los_memory.o(.data)
    g_stUserErrFunc                          0x20000534   Data           4  los_err.o(.data)
    m_aucSysMem0                             0x20000538   Data           4  los_init.o(.data)
    g_vuwIntCount                            0x2000053c   Data           4  los_hwi.o(.data)
    POINT_COLOR                              0x20000540   Data           2  lcd.o(.data)
    BACK_COLOR                               0x20000542   Data           2  lcd.o(.data)
    mbedtls_calloc                           0x20000544   Data           4  platform.o(.data)
    mbedtls_free                             0x20000548   Data           4  platform.o(.data)
    mbedtls_snprintf                         0x2000054c   Data           4  platform.o(.data)
    mbedtls_printf                           0x20000550   Data           4  platform.o(.data)
    g_sota_timer                             0x20000554   Data           2  sota_demo.o(.data)
    E53_IA1_send                             0x20000556   Data           8  nb_demo.o(.data)
    at                                       0x20000560   Data          96  at_main.o(.data)
    crc16_ccitt_table                        0x200005cc   Data        1024  sota_hal.o(.data)
    __stdout                                 0x200009cc   Data           4  stdout.o(.data)
    at_usart                                 0x200009d0   Data         120  at_hal.o(.bss)
    s_resp_buf                               0x20000a48   Data          14  main.o(.bss)
    E53_IA1_Data                             0x20000a58   Data          12  main.o(.bss)
    hlpuart1                                 0x20000a64   Data         120  usart.o(.bss)
    huart1                                   0x20000adc   Data         120  usart.o(.bss)
    huart2                                   0x20000b54   Data         120  usart.o(.bss)
    huart3                                   0x20000bcc   Data         120  usart.o(.bss)
    hi2c1                                    0x20000c44   Data          76  i2c.o(.bss)
    hi2c2                                    0x20000c90   Data          76  i2c.o(.bss)
    hi2c3                                    0x20000cdc   Data          76  i2c.o(.bss)
    hspi2                                    0x20000d28   Data         100  spi.o(.bss)
    tmpbuf                                   0x20000d8c   Data        1024  bc95.o(.bss)
    sockinfo                                 0x2000118c   Data         220  bc95.o(.bss)
    m_uwSwTmrAlignID                         0x20001274   Data          64  los_swtmr.o(.bss)
    g_astTskSwitchInfo                       0x200012b4   Data         342  los_task.o(.bss)
    m_pstHwiSlaveForm                        0x2000140c   Data        1024  los_hwi.o(.bss)
    hqspi                                    0x20001c8c   Data          68  hal_qspi_flash.o(.bss)
    g_sota_buf                               0x20001cd0   Data         528  sota_demo.o(.bss)
    at_oob                                   0x20002004   Data         304  at_main.o(.bss)
    rbuf                                     0x20002134   Data        1024  at_main.o(.bss)
    wbuf                                     0x20002534   Data        1024  at_main.o(.bss)
    g_flash_op                               0x2000294c   Data          44  sota.o(.bss)
    __los_heap_base                          0x20002a30   Data           0  los_startup_keil.o(LOS_HEAP)
    Image$$ARM_LIB_STACKHEAP$$ZI$$Base       0x2000fc00   Number         0  anon$$obj.o ABSOLUTE
    Image$$ARM_LIB_STACKHEAP$$ZI$$Limit      0x20010000   Number         0  anon$$obj.o ABSOLUTE



==============================================================================

Memory Map of the image

  Image Entry point : 0x0800002d

  Load Region LR_IROM1 (Base: 0x08000000, Size: 0x000191c4, Max: 0x00040000, ABSOLUTE, COMPRESSED[0x00018b70])

    Execution Region ER_IROM1 (Exec base: 0x08000000, Load base: 0x08000000, Size: 0x000187f4, Max: 0x00040000, ABSOLUTE)

    Exec Addr    Load Addr    Size         Type   Attr      Idx    E Section Name        Object

    0x08000000   0x08000000   0x0000002c   Code   RO            3    RESET               los_startup_keil.o
    0x0800002c   0x0800002c   0x00000000   Code   RO        15388  * .ARM.Collect$$$$00000000  mc_w.l(entry.o)
    0x0800002c   0x0800002c   0x00000004   Code   RO        15766    .ARM.Collect$$$$00000002  mc_w.l(entry3.o)
    0x08000030   0x08000030   0x00000004   Code   RO        15769    .ARM.Collect$$$$00000004  mc_w.l(entry5.o)
    0x08000034   0x08000034   0x00000000   Code   RO        15771    .ARM.Collect$$$$00000008  mc_w.l(entry7b.o)
    0x08000034   0x08000034   0x00000000   Code   RO        15773    .ARM.Collect$$$$0000000A  mc_w.l(entry8b.o)
    0x08000034   0x08000034   0x00000008   Code   RO        15774    .ARM.Collect$$$$0000000B  mc_w.l(entry9a.o)
    0x0800003c   0x0800003c   0x00000000   Code   RO        15776    .ARM.Collect$$$$0000000D  mc_w.l(entry10a.o)
    0x0800003c   0x0800003c   0x00000000   Code   RO        15778    .ARM.Collect$$$$0000000F  mc_w.l(entry11a.o)
    0x0800003c   0x0800003c   0x00000004   Code   RO        15767    .ARM.Collect$$$$00002713  mc_w.l(entry3.o)
    0x08000040   0x08000040   0x00000102   Code   RO         3440    .text               los_dispatch_keil.o
    0x08000142   0x08000142   0x00000068   Code   RO        15393    .text               mc_w.l(uldiv.o)
    0x080001aa   0x080001aa   0x0000001e   Code   RO        15397    .text               mc_w.l(llshl.o)
    0x080001c8   0x080001c8   0x00000008   Code   RO        15399    .text               mc_w.l(ctype_o.o)
    0x080001d0   0x080001d0   0x00000012   Code   RO        15421    .text               mc_w.l(isspace_o.o)
    0x080001e2   0x080001e2   0x0000000c   Code   RO        15427    .text               mc_w.l(toupper.o)
    0x080001ee   0x080001ee   0x00000042   Code   RO        15433    .text               mc_w.l(memmove.o)
    0x08000230   0x08000230   0x00000024   Code   RO        15437    .text               mc_w.l(memseta.o)
    0x08000254   0x08000254   0x00000024   Code   RO        15439    .text               mc_w.l(strstr.o)
    0x08000278   0x08000278   0x00000018   Code   RO        15441    .text               mc_w.l(strncpy.o)
    0x08000290   0x08000290   0x0000000e   Code   RO        15445    .text               mc_w.l(strlen.o)
    0x0800029e   0x0800029e   0x0000001c   Code   RO        15447    .text               mc_w.l(strcmp.o)
    0x080002ba   0x080002ba   0x0000001a   Code   RO        15451    .text               mc_w.l(memcmp.o)
    0x080002d4   0x080002d4   0x0000001e   Code   RO        15453    .text               mc_w.l(strncmp.o)
    0x080002f2   0x080002f2   0x00000002   PAD
    0x080002f4   0x080002f4   0x00000038   Code   RO        15726    .text               mc_w.l(__0sscanf.o)
    0x0800032c   0x0800032c   0x00000152   Code   RO        15730    .text               mc_w.l(_scanf_int.o)
    0x0800047e   0x0800047e   0x000000e6   Code   RO        15732    .text               mc_w.l(_scanf_str.o)
    0x08000564   0x08000564   0x0000015e   Code   RO        15738    .text               mf_w.l(dadd.o)
    0x080006c2   0x080006c2   0x000000ea   Code   RO        15740    .text               mf_w.l(dmul.o)
    0x080007ac   0x080007ac   0x000000de   Code   RO        15742    .text               mf_w.l(ddiv.o)
    0x0800088a   0x0800088a   0x00000022   Code   RO        15744    .text               mf_w.l(dflti.o)
    0x080008ac   0x080008ac   0x00000030   Code   RO        15756    .text               mf_w.l(dfixul.o)
    0x080008dc   0x080008dc   0x00000030   Code   RO        15762    .text               mf_w.l(cdrcmple.o)
    0x0800090c   0x0800090c   0x00000038   Code   RO        15764    .text               mf_w.l(d2f.o)
    0x08000944   0x08000944   0x0000002c   Code   RO        15780    .text               mc_w.l(uidiv.o)
    0x08000970   0x08000970   0x00000020   Code   RO        15782    .text               mc_w.l(llushr.o)
    0x08000990   0x08000990   0x00000024   Code   RO        15784    .text               mc_w.l(llsshr.o)
    0x080009b4   0x080009b4   0x0000001c   Code   RO        15786    .text               mc_w.l(_chval.o)
    0x080009d0   0x080009d0   0x00000028   Code   RO        15788    .text               mc_w.l(scanf_char.o)
    0x080009f8   0x080009f8   0x00000040   Code   RO        15790    .text               mc_w.l(_sgetc.o)
    0x08000a38   0x08000a38   0x00000000   Code   RO        15792    .text               mc_w.l(iusefp.o)
    0x08000a38   0x08000a38   0x0000006e   Code   RO        15793    .text               mf_w.l(fepilogue.o)
    0x08000aa6   0x08000aa6   0x000000ba   Code   RO        15795    .text               mf_w.l(depilogue.o)
    0x08000b60   0x08000b60   0x00000024   Code   RO        15797    .text               mc_w.l(init.o)
    0x08000b84   0x08000b84   0x00000332   Code   RO        15801    .text               mc_w.l(_scanf.o)
    0x08000eb6   0x08000eb6   0x00000056   Code   RO        15814    .text               mc_w.l(__dczerorl2.o)
    0x08000f0c   0x08000f0c   0x00000068   Code   RO         6965    i.Convert_BH1750    e53_ia1.o
    0x08000f74   0x08000f74   0x000000dc   Code   RO         6966    i.E53_IA1_Read_Data  e53_ia1.o
    0x08001050   0x08001050   0x00000046   Code   RO         5341    i.HAL_DMA_Abort     stm32l4xx_hal_dma.o
    0x08001096   0x08001096   0x00000020   Code   RO         4086    i.HAL_Delay         stm32l4xx_hal.o
    0x080010b6   0x080010b6   0x00000002   PAD
    0x080010b8   0x080010b8   0x00000208   Code   RO         5277    i.HAL_GPIO_Init     stm32l4xx_hal_gpio.o
    0x080012c0   0x080012c0   0x0000000a   Code   RO         5281    i.HAL_GPIO_WritePin  stm32l4xx_hal_gpio.o
    0x080012ca   0x080012ca   0x00000008   Code   RO          260    i.HAL_GetTick       sys_init.o
    0x080012d2   0x080012d2   0x0000006a   Code   RO         4749    i.HAL_I2CEx_ConfigAnalogFilter  stm32l4xx_hal_i2c_ex.o
    0x0800133c   0x0800133c   0x00000068   Code   RO         4750    i.HAL_I2CEx_ConfigDigitalFilter  stm32l4xx_hal_i2c_ex.o
    0x080013a4   0x080013a4   0x000000cc   Code   RO         4303    i.HAL_I2C_Init      stm32l4xx_hal_i2c.o
    0x08001470   0x08001470   0x00000164   Code   RO         4309    i.HAL_I2C_Master_Receive  stm32l4xx_hal_i2c.o
    0x080015d4   0x080015d4   0x00000160   Code   RO         4316    i.HAL_I2C_Master_Transmit  stm32l4xx_hal_i2c.o
    0x08001734   0x08001734   0x00000100   Code   RO          590    i.HAL_I2C_MspInit   i2c.o
    0x08001834   0x08001834   0x00000016   Code   RO         4095    i.HAL_Init          stm32l4xx_hal.o
    0x0800184a   0x0800184a   0x00000002   PAD
    0x0800184c   0x0800184c   0x00000028   Code   RO         4096    i.HAL_InitTick      stm32l4xx_hal.o
    0x08001874   0x08001874   0x00000002   Code   RO         4098    i.HAL_MspInit       stm32l4xx_hal.o
    0x08001876   0x08001876   0x00000020   Code   RO         5818    i.HAL_NVIC_EnableIRQ  stm32l4xx_hal_cortex.o
    0x08001896   0x08001896   0x00000082   Code   RO         5824    i.HAL_NVIC_SetPriority  stm32l4xx_hal_cortex.o
    0x08001918   0x08001918   0x00000028   Code   RO         5825    i.HAL_NVIC_SetPriorityGrouping  stm32l4xx_hal_cortex.o
    0x08001940   0x08001940   0x00000044   Code   RO         5826    i.HAL_NVIC_SystemReset  stm32l4xx_hal_cortex.o
    0x08001984   0x08001984   0x0000008c   Code   RO         5568    i.HAL_PWREx_ControlVoltageScaling  stm32l4xx_hal_pwr_ex.o
    0x08001a10   0x08001a10   0x00000010   Code   RO         5599    i.HAL_PWREx_GetVoltageRange  stm32l4xx_hal_pwr_ex.o
    0x08001a20   0x08001a20   0x00000014   Code   RO         5460    i.HAL_PWR_EnableBkUpAccess  stm32l4xx_hal_pwr.o
    0x08001a34   0x08001a34   0x0000009a   Code   RO         6382    i.HAL_QSPI_Abort    stm32l4xx_hal_qspi.o
    0x08001ace   0x08001ace   0x000000a4   Code   RO         6388    i.HAL_QSPI_Command  stm32l4xx_hal_qspi.o
    0x08001b72   0x08001b72   0x00000002   PAD
    0x08001b74   0x08001b74   0x000000c8   Code   RO         6397    i.HAL_QSPI_Init     stm32l4xx_hal_qspi.o
    0x08001c3c   0x08001c3c   0x00000058   Code   RO         6858    i.HAL_QSPI_MspInit  hal_qspi_flash.o
    0x08001c94   0x08001c94   0x000000f2   Code   RO         6401    i.HAL_QSPI_Receive  stm32l4xx_hal_qspi.o
    0x08001d86   0x08001d86   0x00000004   Code   RO         6407    i.HAL_QSPI_SetTimeout  stm32l4xx_hal_qspi.o
    0x08001d8a   0x08001d8a   0x000000dc   Code   RO         6410    i.HAL_QSPI_Transmit  stm32l4xx_hal_qspi.o
    0x08001e66   0x08001e66   0x00000002   PAD
    0x08001e68   0x08001e68   0x000004d4   Code   RO         4919    i.HAL_RCCEx_PeriphCLKConfig  stm32l4xx_hal_rcc_ex.o
    0x0800233c   0x0800233c   0x0000016c   Code   RO         4804    i.HAL_RCC_ClockConfig  stm32l4xx_hal_rcc.o
    0x080024a8   0x080024a8   0x0000000c   Code   RO         4808    i.HAL_RCC_GetHCLKFreq  stm32l4xx_hal_rcc.o
    0x080024b4   0x080024b4   0x00000020   Code   RO         4810    i.HAL_RCC_GetPCLK1Freq  stm32l4xx_hal_rcc.o
    0x080024d4   0x080024d4   0x00000020   Code   RO         4811    i.HAL_RCC_GetPCLK2Freq  stm32l4xx_hal_rcc.o
    0x080024f4   0x080024f4   0x0000010c   Code   RO         4812    i.HAL_RCC_GetSysClockFreq  stm32l4xx_hal_rcc.o
    0x08002600   0x08002600   0x00000628   Code   RO         4815    i.HAL_RCC_OscConfig  stm32l4xx_hal_rcc.o
    0x08002c28   0x08002c28   0x000001b8   Code   RO         6074    i.HAL_SPI_Transmit  stm32l4xx_hal_spi.o
    0x08002de0   0x08002de0   0x00000034   Code   RO         5829    i.HAL_SYSTICK_Config  stm32l4xx_hal_cortex.o
    0x08002e14   0x08002e14   0x00000078   Code   RO         3673    i.HAL_UART_Init     stm32l4xx_hal_uart.o
    0x08002e8c   0x08002e8c   0x00000170   Code   RO          524    i.HAL_UART_MspInit  usart.o
    0x08002ffc   0x08002ffc   0x000000c8   Code   RO         3681    i.HAL_UART_Transmit  stm32l4xx_hal_uart.o
    0x080030c4   0x080030c4   0x00000020   Code   RO          459    i.HardWare_Init     main.o
    0x080030e4   0x080030e4   0x00000064   Code   RO        14471    i.HexStrToByte      sota_hal.o
    0x08003148   0x08003148   0x00000060   Code   RO          896    i.HexStrToStr       bc95.o
    0x080031a8   0x080031a8   0x00000028   Code   RO         4350    i.I2C_Flush_TXDR    stm32l4xx_hal_i2c.o
    0x080031d0   0x080031d0   0x00000098   Code   RO         4358    i.I2C_IsAcknowledgeFailed  stm32l4xx_hal_i2c.o
    0x08003268   0x08003268   0x00000034   Code   RO         4365    i.I2C_TransferConfig  stm32l4xx_hal_i2c.o
    0x0800329c   0x0800329c   0x0000005e   Code   RO         4366    i.I2C_WaitOnFlagUntilTimeout  stm32l4xx_hal_i2c.o
    0x080032fa   0x080032fa   0x00000002   PAD
    0x080032fc   0x080032fc   0x000000a0   Code   RO         4367    i.I2C_WaitOnRXNEFlagUntilTimeout  stm32l4xx_hal_i2c.o
    0x0800339c   0x0800339c   0x00000056   Code   RO         4368    i.I2C_WaitOnSTOPFlagUntilTimeout  stm32l4xx_hal_i2c.o
    0x080033f2   0x080033f2   0x0000005a   Code   RO         4369    i.I2C_WaitOnTXISFlagUntilTimeout  stm32l4xx_hal_i2c.o
    0x0800344c   0x0800344c   0x0000001c   Code   RO         6967    i.Init_BH1750       e53_ia1.o
    0x08003468   0x08003468   0x00000018   Code   RO         6968    i.Init_E53_IA1      e53_ia1.o
    0x08003480   0x08003480   0x0000004c   Code   RO         6969    i.Init_Light        e53_ia1.o
    0x080034cc   0x080034cc   0x00000050   Code   RO         6970    i.Init_Motor        e53_ia1.o
    0x0800351c   0x0800351c   0x00000024   Code   RO         6971    i.Init_SHT30        e53_ia1.o
    0x08003540   0x08003540   0x00000052   Code   RO         6638    i.LCD_Address_Set   lcd.o
    0x08003592   0x08003592   0x00000002   PAD
    0x08003594   0x08003594   0x00000070   Code   RO         6639    i.LCD_Clear         lcd.o
    0x08003604   0x08003604   0x00000010   Code   RO         6651    i.LCD_SPI_Send      lcd.o
    0x08003614   0x08003614   0x00000216   Code   RO         6652    i.LCD_ShowChar      lcd.o
    0x0800382a   0x0800382a   0x00000062   Code   RO         6654    i.LCD_ShowString    lcd.o
    0x0800388c   0x0800388c   0x0000001c   Code   RO         6657    i.LCD_Write_Cmd     lcd.o
    0x080038a8   0x080038a8   0x0000001c   Code   RO         6658    i.LCD_Write_Data    lcd.o
    0x080038c4   0x080038c4   0x0000002c   Code   RO         6659    i.LCD_Write_HalfWord  lcd.o
    0x080038f0   0x080038f0   0x0000001c   Code   RO         3296    i.LOS_Align         los_misc.o
    0x0800390c   0x0800390c   0x00000044   Code   RO         3326    i.LOS_ErrHandle     los_err.o
    0x08003950   0x08003950   0x000000c4   Code   RO         3540    i.LOS_HwiCreate     los_hwi.o
    0x08003a14   0x08003a14   0x0000011c   Code   RO         3359    i.LOS_KernelInit    los_init.o
    0x08003b30   0x08003b30   0x0000000e   Code   RO         2104    i.LOS_ListAdd       los_task.o
    0x08003b3e   0x08003b3e   0x0000000e   Code   RO         2554    i.LOS_ListAdd       los_mux.o
    0x08003b4c   0x08003b4c   0x0000000e   Code   RO         2643    i.LOS_ListAdd       los_queue.o
    0x08003b5a   0x08003b5a   0x0000000e   Code   RO         2776    i.LOS_ListAdd       los_sem.o
    0x08003b68   0x08003b68   0x00000014   Code   RO         2105    i.LOS_ListDelete    los_task.o
    0x08003b7c   0x08003b7c   0x00000010   Code   RO         1837    i.LOS_ListEmpty     los_priqueue.o
    0x08003b8c   0x08003b8c   0x00000010   Code   RO         2106    i.LOS_ListEmpty     los_task.o
    0x08003b9c   0x08003b9c   0x00000010   Code   RO         2555    i.LOS_ListEmpty     los_mux.o
    0x08003bac   0x08003bac   0x00000010   Code   RO         2644    i.LOS_ListEmpty     los_queue.o
    0x08003bbc   0x08003bbc   0x00000010   Code   RO         2777    i.LOS_ListEmpty     los_sem.o
    0x08003bcc   0x08003bcc   0x00000006   Code   RO         2107    i.LOS_ListInit      los_task.o
    0x08003bd2   0x08003bd2   0x00000006   Code   RO         2556    i.LOS_ListInit      los_mux.o
    0x08003bd8   0x08003bd8   0x00000006   Code   RO         2645    i.LOS_ListInit      los_queue.o
    0x08003bde   0x08003bde   0x00000006   Code   RO         2778    i.LOS_ListInit      los_sem.o
    0x08003be4   0x08003be4   0x00000010   Code   RO         2108    i.LOS_ListTailInsert  los_task.o
    0x08003bf4   0x08003bf4   0x0000002a   Code   RO         2933    i.LOS_MemAlloc      los_memory.o
    0x08003c1e   0x08003c1e   0x00000014   Code   RO         2934    i.LOS_MemAllocAlign  los_memory.o
    0x08003c32   0x08003c32   0x00000034   Code   RO         2936    i.LOS_MemFree       los_memory.o
    0x08003c66   0x08003c66   0x00000002   PAD
    0x08003c68   0x08003c68   0x00000112   Code   RO         2938    i.LOS_MemInit       los_memory.o
    0x08003d7a   0x08003d7a   0x00000002   PAD
    0x08003d7c   0x08003d7c   0x000000a4   Code   RO         2557    i.LOS_MuxCreate     los_mux.o
    0x08003e20   0x08003e20   0x000000a8   Code   RO         2558    i.LOS_MuxDelete     los_mux.o
    0x08003ec8   0x08003ec8   0x0000018c   Code   RO         2559    i.LOS_MuxPend       los_mux.o
    0x08004054   0x08004054   0x000000f0   Code   RO         2560    i.LOS_MuxPost       los_mux.o
    0x08004144   0x08004144   0x000000e6   Code   RO         2646    i.LOS_QueueCreate   los_queue.o
    0x0800422a   0x0800422a   0x00000002   PAD
    0x0800422c   0x0800422c   0x000000b8   Code   RO         2647    i.LOS_QueueDelete   los_queue.o
    0x080042e4   0x080042e4   0x00000036   Code   RO         2650    i.LOS_QueueReadCopy  los_queue.o
    0x0800431a   0x0800431a   0x00000036   Code   RO         2652    i.LOS_QueueWriteCopy  los_queue.o
    0x08004350   0x08004350   0x00000040   Code   RO         3446    i.LOS_Schedule      los_hw.o
    0x08004390   0x08004390   0x00000014   Code   RO         2779    i.LOS_SemCreate     los_sem.o
    0x080043a4   0x080043a4   0x000000a0   Code   RO         2780    i.LOS_SemDelete     los_sem.o
    0x08004444   0x08004444   0x0000017c   Code   RO         2781    i.LOS_SemPend       los_sem.o
    0x080045c0   0x080045c0   0x000000bc   Code   RO         2782    i.LOS_SemPost       los_sem.o
    0x0800467c   0x0800467c   0x00000044   Code   RO         3361    i.LOS_Start         los_init.o
    0x080046c0   0x080046c0   0x000000c2   Code   RO         1919    i.LOS_SwtmrCreate   los_swtmr.o
    0x08004782   0x08004782   0x00000002   PAD
    0x08004784   0x08004784   0x00000138   Code   RO         1921    i.LOS_SwtmrStart    los_swtmr.o
    0x080048bc   0x080048bc   0x00000084   Code   RO         1922    i.LOS_SwtmrStop     los_swtmr.o
    0x08004940   0x08004940   0x0000009c   Code   RO         2111    i.LOS_TaskCreate    los_task.o
    0x080049dc   0x080049dc   0x00000186   Code   RO         2112    i.LOS_TaskCreateOnly  los_task.o
    0x08004b62   0x08004b62   0x00000002   PAD
    0x08004b64   0x08004b64   0x0000007c   Code   RO         2113    i.LOS_TaskDelay     los_task.o
    0x08004be0   0x08004be0   0x00000178   Code   RO         2114    i.LOS_TaskDelete    los_task.o
    0x08004d58   0x08004d58   0x0000004c   Code   RO         2119    i.LOS_TaskNameGet   los_task.o
    0x08004da4   0x08004da4   0x00000094   Code   RO         2127    i.LOS_TaskYield     los_task.o
    0x08004e38   0x08004e38   0x0000000c   Code   RO         2047    i.LOS_TickCountGet  los_sys.o
    0x08004e44   0x08004e44   0x000000a0   Code   RO          499    i.MX_GPIO_Init      gpio.o
    0x08004ee4   0x08004ee4   0x00000074   Code   RO          591    i.MX_I2C1_Init      i2c.o
    0x08004f58   0x08004f58   0x00000054   Code   RO          526    i.MX_USART1_UART_Init  usart.o
    0x08004fac   0x08004fac   0x0000001c   Code   RO        13936    i.OC_cmd_match      nb_cmd_ioctl.o
    0x08004fc8   0x08004fc8   0x000001e8   Code   RO         6415    i.QSPI_Config       stm32l4xx_hal_qspi.o
    0x080051b0   0x080051b0   0x00000028   Code   RO         6859    i.QSPI_Receive      hal_qspi_flash.o
    0x080051d8   0x080051d8   0x0000004c   Code   RO         6860    i.QSPI_Send_CMD     hal_qspi_flash.o
    0x08005224   0x08005224   0x00000028   Code   RO         6861    i.QSPI_Transmit     hal_qspi_flash.o
    0x0800524c   0x0800524c   0x0000004c   Code   RO         6422    i.QSPI_WaitFlagStateUntilTimeout  stm32l4xx_hal_qspi.o
    0x08005298   0x08005298   0x0000018c   Code   RO         4922    i.RCCEx_PLLSAI1_Config  stm32l4xx_hal_rcc_ex.o
    0x08005424   0x08005424   0x00000164   Code   RO         4923    i.RCCEx_PLLSAI2_Config  stm32l4xx_hal_rcc_ex.o
    0x08005588   0x08005588   0x000000a0   Code   RO         4816    i.RCC_SetFlashLatencyFromMSIRange  stm32l4xx_hal_rcc.o
    0x08005628   0x08005628   0x00000038   Code   RO         6973    i.SHT3x_CalcRH      e53_ia1.o
    0x08005660   0x08005660   0x00000044   Code   RO         6974    i.SHT3x_CalcTemperatureC  e53_ia1.o
    0x080056a4   0x080056a4   0x00000048   Code   RO         6975    i.SHT3x_CheckCrc    e53_ia1.o
    0x080056ec   0x080056ec   0x0000001c   Code   RO          647    i.SPI2_WriteByte    spi.o
    0x08005708   0x08005708   0x00000064   Code   RO         6104    i.SPI_EndRxTxTransaction  stm32l4xx_hal_spi.o
    0x0800576c   0x0800576c   0x000000b0   Code   RO         6109    i.SPI_WaitFifoStateUntilTimeout  stm32l4xx_hal_spi.o
    0x0800581c   0x0800581c   0x000000a8   Code   RO         6110    i.SPI_WaitFlagStateUntilTimeout  stm32l4xx_hal_spi.o
    0x080058c4   0x080058c4   0x0000001c   Code   RO         6976    i.Start_BH1750      e53_ia1.o
    0x080058e0   0x080058e0   0x00000100   Code   RO          261    i.SystemClock_Config  sys_init.o
    0x080059e0   0x080059e0   0x00000054   Code   RO           12    i.SystemInit        system_stm32l4xx.o
    0x08005a34   0x08005a34   0x000000f8   Code   RO         3686    i.UART_AdvFeatureConfig  stm32l4xx_hal_uart.o
    0x08005b2c   0x08005b2c   0x00000074   Code   RO         3687    i.UART_CheckIdleState  stm32l4xx_hal_uart.o
    0x08005ba0   0x08005ba0   0x00000492   Code   RO         3703    i.UART_SetConfig    stm32l4xx_hal_uart.o
    0x08006032   0x08006032   0x0000006c   Code   RO         3706    i.UART_WaitOnFlagUntilTimeout  stm32l4xx_hal_uart.o
    0x0800609e   0x0800609e   0x00000004   Code   RO          262    i._Error_Handler    sys_init.o
    0x080060a2   0x080060a2   0x00000002   PAD
    0x080060a4   0x080060a4   0x00000020   Code   RO        15698    i.__0printf         mc_w.l(printfa.o)
    0x080060c4   0x080060c4   0x00000030   Code   RO        15699    i.__0snprintf       mc_w.l(printfa.o)
    0x080060f4   0x080060f4   0x00000028   Code   RO        15700    i.__0sprintf        mc_w.l(printfa.o)
    0x0800611c   0x0800611c   0x0000002c   Code   RO        15703    i.__0vsnprintf      mc_w.l(printfa.o)
    0x08006148   0x08006148   0x00000010   Code   RO         5831    i.__NVIC_GetPriorityGrouping  stm32l4xx_hal_cortex.o
    0x08006158   0x08006158   0x00000028   Code   RO         5832    i.__NVIC_SetPriority  stm32l4xx_hal_cortex.o
    0x08006180   0x08006180   0x0000000e   Code   RO        15808    i.__scatterload_copy  mc_w.l(handlers.o)
    0x0800618e   0x0800618e   0x00000002   Code   RO        15809    i.__scatterload_null  mc_w.l(handlers.o)
    0x08006190   0x08006190   0x0000000e   Code   RO        15810    i.__scatterload_zeroinit  mc_w.l(handlers.o)
    0x0800619e   0x0800619e   0x00000002   PAD
    0x080061a0   0x080061a0   0x0000018a   Code   RO        15705    i._fp_digits        mc_w.l(printfa.o)
    0x0800632a   0x0800632a   0x00000002   PAD
    0x0800632c   0x0800632c   0x000006e2   Code   RO        15706    i._printf_core      mc_w.l(printfa.o)
    0x08006a0e   0x08006a0e   0x00000024   Code   RO        15707    i._printf_post_padding  mc_w.l(printfa.o)
    0x08006a32   0x08006a32   0x0000002e   Code   RO        15708    i._printf_pre_padding  mc_w.l(printfa.o)
    0x08006a60   0x08006a60   0x00000016   Code   RO        15709    i._snputc           mc_w.l(printfa.o)
    0x08006a76   0x08006a76   0x0000000a   Code   RO        15710    i._sputc            mc_w.l(printfa.o)
    0x08006a80   0x08006a80   0x0000003a   Code   RO        14026    i.at_cmd            at_main.o
    0x08006aba   0x08006aba   0x00000002   PAD
    0x08006abc   0x08006abc   0x000000ee   Code   RO        14027    i.at_cmd_in_callback  at_main.o
    0x08006baa   0x08006baa   0x00000002   PAD
    0x08006bac   0x08006bac   0x00000120   Code   RO        14028    i.at_cmd_multi_suffix  at_main.o
    0x08006ccc   0x08006ccc   0x000000d4   Code   RO        14029    i.at_deinit         at_main.o
    0x08006da0   0x08006da0   0x00000014   Code   RO        14030    i.at_free           at_main.o
    0x08006db4   0x08006db4   0x00000008   Code   RO        14031    i.at_get_config     at_main.o
    0x08006dbc   0x08006dbc   0x00000068   Code   RO        14032    i.at_get_queue_wait_time  at_main.o
    0x08006e24   0x08006e24   0x00000016   Code   RO        14033    i.at_get_time       at_main.o
    0x08006e3a   0x08006e3a   0x00000002   PAD
    0x08006e3c   0x08006e3c   0x00000048   Code   RO        14034    i.at_get_unuse_linkid  at_main.o
    0x08006e84   0x08006e84   0x0000002e   Code   RO        14035    i.at_handle_callback_cmd_resp  at_main.o
    0x08006eb2   0x08006eb2   0x00000002   PAD
    0x08006eb4   0x08006eb4   0x00000088   Code   RO        14036    i.at_handle_resp    at_main.o
    0x08006f3c   0x08006f3c   0x000001ec   Code   RO        14037    i.at_init           at_main.o
    0x08007128   0x08007128   0x0000001c   Code   RO        14038    i.at_init_oob       at_main.o
    0x08007144   0x08007144   0x000000b4   Code   RO          376    i.at_irq_handler    at_hal.o
    0x080071f8   0x080071f8   0x00000028   Code   RO        14039    i.at_listener_list_add  at_main.o
    0x08007220   0x08007220   0x00000034   Code   RO        14040    i.at_listner_list_del  at_main.o
    0x08007254   0x08007254   0x0000001e   Code   RO        14041    i.at_listner_list_destroy  at_main.o
    0x08007272   0x08007272   0x00000002   PAD
    0x08007274   0x08007274   0x00000024   Code   RO        14042    i.at_malloc         at_main.o
    0x08007298   0x08007298   0x00000064   Code   RO        14043    i.at_oob_register   at_main.o
    0x080072fc   0x080072fc   0x000001b4   Code   RO        14044    i.at_recv_task      at_main.o
    0x080074b0   0x080074b0   0x00000004   Code   RO        14045    i.at_reg_step_callback  at_main.o
    0x080074b4   0x080074b4   0x00000030   Code   RO        14046    i.at_rm_node        at_main.o
    0x080074e4   0x080074e4   0x0000007c   Code   RO        14047    i.at_rm_timeout_nodes  at_main.o
    0x08007560   0x08007560   0x00000018   Code   RO        14048    i.at_set_config     at_main.o
    0x08007578   0x08007578   0x000001b4   Code   RO        14049    i.at_struct_deinit  at_main.o
    0x0800772c   0x0800772c   0x000003c4   Code   RO        14050    i.at_struct_init    at_main.o
    0x08007af0   0x08007af0   0x00000048   Code   RO          377    i.at_transmit       at_hal.o
    0x08007b38   0x08007b38   0x00000068   Code   RO          378    i.at_usart_adapter  at_hal.o
    0x08007ba0   0x08007ba0   0x0000002c   Code   RO          379    i.at_usart_deinit   at_hal.o
    0x08007bcc   0x08007bcc   0x0000008c   Code   RO          380    i.at_usart_init     at_hal.o
    0x08007c58   0x08007c58   0x000000f8   Code   RO        14051    i.at_write          at_main.o
    0x08007d50   0x08007d50   0x00000014   Code   RO        11907    i.atiny_free        atiny_osdep.o
    0x08007d64   0x08007d64   0x0000001a   Code   RO        11908    i.atiny_gettime_ms  atiny_osdep.o
    0x08007d7e   0x08007d7e   0x00000002   PAD
    0x08007d80   0x08007d80   0x00000014   Code   RO        11909    i.atiny_malloc      atiny_osdep.o
    0x08007d94   0x08007d94   0x00000008   Code   RO          264    i.atiny_reboot      sys_init.o
    0x08007d9c   0x08007d9c   0x00000008   Code   RO          697    i.atiny_task_entry  user_task.o
    0x08007da4   0x08007da4   0x00000038   Code   RO        14498    i.calc_crc32        ota_crc.o
    0x08007ddc   0x08007ddc   0x00000010   Code   RO        15052    i.calloc            malloc.o
    0x08007dec   0x08007dec   0x00000024   Code   RO        14052    i.chartoint         at_main.o
    0x08007e10   0x08007e10   0x00000024   Code   RO        14366    i.chartoint         sota.o
    0x08007e34   0x08007e34   0x00000088   Code   RO        14053    i.cloud_cmd_matching  at_main.o
    0x08007ebc   0x08007ebc   0x00000014   Code   RO        14472    i.crc_check         sota_hal.o
    0x08007ed0   0x08007ed0   0x00000048   Code   RO          698    i.creat_agenttiny_task  user_task.o
    0x08007f18   0x08007f18   0x0000004c   Code   RO        13863    i.creat_data_collection_task  nb_demo.o
    0x08007f64   0x08007f64   0x00000048   Code   RO        13864    i.creat_data_report_task  nb_demo.o
    0x08007fac   0x08007fac   0x00000044   Code   RO        13865    i.creat_nb_reply_task  nb_demo.o
    0x08007ff0   0x08007ff0   0x00000048   Code   RO        14054    i.create_at_recv_task  at_main.o
    0x08008038   0x08008038   0x00000014   Code   RO          699    i.create_work_tasks  user_task.o
    0x0800804c   0x0800804c   0x00000140   Code   RO        13866    i.data_collection_task  nb_demo.o
    0x0800818c   0x0800818c   0x00000058   Code   RO        13867    i.data_report_task  nb_demo.o
    0x080081e4   0x080081e4   0x0000022c   Code   RO        13868    i.demo_nbiot_only   nb_demo.o
    0x08008410   0x08008410   0x0000002c   Code   RO        14473    i.do_crc            sota_hal.o
    0x0800843c   0x0800843c   0x0000002c   Code   RO          217    i.dwt_delay_init    dwt.o
    0x08008468   0x08008468   0x00000034   Code   RO        15235    i.flag_enable_hwpatch  hwpatch.lib(recover_image.o)
    0x0800849c   0x0800849c   0x00000024   Code   RO        14276    i.flag_init         flag_manager.o
    0x080084c0   0x080084c0   0x0000005c   Code   RO        14277    i.flag_read         flag_manager.o
    0x0800851c   0x0800851c   0x0000001c   Code   RO        14304    i.flag_set_info     upgrade_flag.o
    0x08008538   0x08008538   0x00000018   Code   RO        14305    i.flag_set_recover_verify  upgrade_flag.o
    0x08008550   0x08008550   0x00000030   Code   RO        14306    i.flag_upgrade_get_result  upgrade_flag.o
    0x08008580   0x08008580   0x00000048   Code   RO        14307    i.flag_upgrade_init  upgrade_flag.o
    0x080085c8   0x080085c8   0x00000068   Code   RO        14278    i.flag_write        flag_manager.o
    0x08008630   0x08008630   0x00000008   Code   RO          759    i.flash_adaptor_init  flash_adaptor.o
    0x08008638   0x08008638   0x000001fe   Code   RO          761    i.flash_adaptor_write  flash_adaptor.o
    0x08008836   0x08008836   0x00000002   PAD
    0x08008838   0x08008838   0x0000001c   Code   RO          529    i.fputc             usart.o
    0x08008854   0x08008854   0x00000018   Code   RO        15053    i.free              malloc.o
    0x0800886c   0x0800886c   0x0000001c   Code   RO        14367    i.func_flag_read    sota.o
    0x08008888   0x08008888   0x0000001c   Code   RO        14368    i.func_flag_write   sota.o
    0x080088a4   0x080088a4   0x000000a0   Code   RO          817    i.hal_check_flash_param  ota_port.o
    0x08008944   0x08008944   0x00000058   Code   RO          818    i.hal_get_ota_opt   ota_port.o
    0x0800899c   0x0800899c   0x00000008   Code   RO          819    i.hal_init_ota      ota_port.o
    0x080089a4   0x080089a4   0x00000084   Code   RO          820    i.hal_read_flash    ota_port.o
    0x08008a28   0x08008a28   0x00000070   Code   RO         6862    i.hal_spi_flash_config  hal_qspi_flash.o
    0x08008a98   0x08008a98   0x00000050   Code   RO         6863    i.hal_spi_flash_erase  hal_qspi_flash.o
    0x08008ae8   0x08008ae8   0x0000002e   Code   RO         6864    i.hal_spi_flash_erase_write  hal_qspi_flash.o
    0x08008b16   0x08008b16   0x0000005a   Code   RO         6866    i.hal_spi_flash_read  hal_qspi_flash.o
    0x08008b70   0x08008b70   0x000001d8   Code   RO         6867    i.hal_spi_flash_write  hal_qspi_flash.o
    0x08008d48   0x08008d48   0x0000005c   Code   RO          821    i.hal_write_flash   ota_port.o
    0x08008da4   0x08008da4   0x00000020   Code   RO        14512    i.local_calloc      package.o
    0x08008dc4   0x08008dc4   0x000000b4   Code   RO        14236    i.los_nb_init       los_nb_api.o
    0x08008e78   0x08008e78   0x00000034   Code   RO        14237    i.los_nb_notify     los_nb_api.o
    0x08008eac   0x08008eac   0x0000001c   Code   RO        14238    i.los_nb_report     los_nb_api.o
    0x08008ec8   0x08008ec8   0x00000028   Code   RO          460    i.main              main.o
    0x08008ef0   0x08008ef0   0x00000020   Code   RO        15054    i.malloc            malloc.o
    0x08008f10   0x08008f10   0x0000001e   Code   RO         7282    i.mbedtls_clz       bignum.o
    0x08008f2e   0x08008f2e   0x0000006e   Code   RO         7283    i.mbedtls_int_div_int  bignum.o
    0x08008f9c   0x08008f9c   0x00000024   Code   RO         8193    i.mbedtls_md_finish  md.o
    0x08008fc0   0x08008fc0   0x00000040   Code   RO         8194    i.mbedtls_md_free   md.o
    0x08009000   0x08009000   0x0000000c   Code   RO         8196    i.mbedtls_md_get_size  md.o
    0x0800900c   0x0800900c   0x00000020   Code   RO         8204    i.mbedtls_md_info_from_type  md.o
    0x0800902c   0x0800902c   0x0000000a   Code   RO         8205    i.mbedtls_md_init   md.o
    0x08009036   0x08009036   0x00000002   PAD
    0x08009038   0x08009038   0x0000004c   Code   RO         8209    i.mbedtls_md_setup  md.o
    0x08009084   0x08009084   0x00000020   Code   RO         8210    i.mbedtls_md_starts  md.o
    0x080090a4   0x080090a4   0x00000028   Code   RO         8211    i.mbedtls_md_update  md.o
    0x080090cc   0x080090cc   0x000000f8   Code   RO         7284    i.mbedtls_mpi_add_abs  bignum.o
    0x080091c4   0x080091c4   0x00000038   Code   RO         7285    i.mbedtls_mpi_add_int  bignum.o
    0x080091fc   0x080091fc   0x00000078   Code   RO         7286    i.mbedtls_mpi_add_mpi  bignum.o
    0x08009274   0x08009274   0x00000038   Code   RO         7287    i.mbedtls_mpi_bitlen  bignum.o
    0x080092ac   0x080092ac   0x0000008a   Code   RO         7288    i.mbedtls_mpi_cmp_abs  bignum.o
    0x08009336   0x08009336   0x00000034   Code   RO         7289    i.mbedtls_mpi_cmp_int  bignum.o
    0x0800936a   0x0800936a   0x000000ac   Code   RO         7290    i.mbedtls_mpi_cmp_mpi  bignum.o
    0x08009416   0x08009416   0x0000006a   Code   RO         7291    i.mbedtls_mpi_copy  bignum.o
    0x08009480   0x08009480   0x000003da   Code   RO         7293    i.mbedtls_mpi_div_mpi  bignum.o
    0x0800985a   0x0800985a   0x0000056a   Code   RO         7294    i.mbedtls_mpi_exp_mod  bignum.o
    0x08009dc4   0x08009dc4   0x00000052   Code   RO         7295    i.mbedtls_mpi_fill_random  bignum.o
    0x08009e16   0x08009e16   0x00000002   PAD
    0x08009e18   0x08009e18   0x00000030   Code   RO         7296    i.mbedtls_mpi_free  bignum.o
    0x08009e48   0x08009e48   0x0000015c   Code   RO         7297    i.mbedtls_mpi_gcd   bignum.o
    0x08009fa4   0x08009fa4   0x00000060   Code   RO         7299    i.mbedtls_mpi_grow  bignum.o
    0x0800a004   0x0800a004   0x00000012   Code   RO         7300    i.mbedtls_mpi_init  bignum.o
    0x0800a016   0x0800a016   0x00000330   Code   RO         7301    i.mbedtls_mpi_inv_mod  bignum.o
    0x0800a346   0x0800a346   0x00000034   Code   RO         7302    i.mbedtls_mpi_lsb   bignum.o
    0x0800a37a   0x0800a37a   0x00000044   Code   RO         7303    i.mbedtls_mpi_lset  bignum.o
    0x0800a3be   0x0800a3be   0x0000007e   Code   RO         7305    i.mbedtls_mpi_mod_mpi  bignum.o
    0x0800a43c   0x0800a43c   0x00000022   Code   RO         7306    i.mbedtls_mpi_mul_int  bignum.o
    0x0800a45e   0x0800a45e   0x000000ee   Code   RO         7307    i.mbedtls_mpi_mul_mpi  bignum.o
    0x0800a54c   0x0800a54c   0x00000090   Code   RO         7308    i.mbedtls_mpi_read_binary  bignum.o
    0x0800a5dc   0x0800a5dc   0x0000017c   Code   RO         7309    i.mbedtls_mpi_read_string  bignum.o
    0x0800a758   0x0800a758   0x000000c8   Code   RO         7313    i.mbedtls_mpi_shift_l  bignum.o
    0x0800a820   0x0800a820   0x000000a6   Code   RO         7314    i.mbedtls_mpi_shift_r  bignum.o
    0x0800a8c6   0x0800a8c6   0x00000010   Code   RO         7316    i.mbedtls_mpi_size  bignum.o
    0x0800a8d6   0x0800a8d6   0x00000092   Code   RO         7317    i.mbedtls_mpi_sub_abs  bignum.o
    0x0800a968   0x0800a968   0x00000038   Code   RO         7318    i.mbedtls_mpi_sub_int  bignum.o
    0x0800a9a0   0x0800a9a0   0x00000078   Code   RO         7319    i.mbedtls_mpi_sub_mpi  bignum.o
    0x0800aa18   0x0800aa18   0x00000050   Code   RO         7321    i.mbedtls_mpi_write_binary  bignum.o
    0x0800aa68   0x0800aa68   0x00000014   Code   RO         7323    i.mbedtls_mpi_zeroize  bignum.o
    0x0800aa7c   0x0800aa7c   0x00000018   Code   RO         8588    i.mbedtls_platform_set_calloc_free  platform.o
    0x0800aa94   0x0800aa94   0x00000070   Code   RO         8638    i.mbedtls_rsa_check_pubkey  rsa.o
    0x0800ab04   0x0800ab04   0x0000006e   Code   RO         8640    i.mbedtls_rsa_free  rsa.o
    0x0800ab72   0x0800ab72   0x0000001c   Code   RO         8641    i.mbedtls_rsa_init  rsa.o
    0x0800ab8e   0x0800ab8e   0x00000002   PAD
    0x0800ab90   0x0800ab90   0x00000042   Code   RO         8645    i.mbedtls_rsa_pkcs1_verify  rsa.o
    0x0800abd2   0x0800abd2   0x00000002   PAD
    0x0800abd4   0x0800abd4   0x000002ba   Code   RO         8646    i.mbedtls_rsa_private  rsa.o
    0x0800ae8e   0x0800ae8e   0x00000086   Code   RO         8647    i.mbedtls_rsa_public  rsa.o
    0x0800af14   0x0800af14   0x00000046   Code   RO         8651    i.mbedtls_rsa_rsassa_pss_verify  rsa.o
    0x0800af5a   0x0800af5a   0x00000002   PAD
    0x0800af5c   0x0800af5c   0x0000020a   Code   RO         8652    i.mbedtls_rsa_rsassa_pss_verify_ext  rsa.o
    0x0800b166   0x0800b166   0x0000000a   Code   RO         8653    i.mbedtls_rsa_set_padding  rsa.o
    0x0800b170   0x0800b170   0x00000036   Code   RO         8780    i.mbedtls_sha256    sha256.o
    0x0800b1a6   0x0800b1a6   0x00000012   Code   RO         8781    i.mbedtls_sha256_clone  sha256.o
    0x0800b1b8   0x0800b1b8   0x0000016a   Code   RO         8782    i.mbedtls_sha256_finish  sha256.o
    0x0800b322   0x0800b322   0x00000014   Code   RO         8783    i.mbedtls_sha256_free  sha256.o
    0x0800b336   0x0800b336   0x0000000e   Code   RO         8784    i.mbedtls_sha256_init  sha256.o
    0x0800b344   0x0800b344   0x00000dd0   Code   RO         8785    i.mbedtls_sha256_process  sha256.o
    0x0800c114   0x0800c114   0x00000090   Code   RO         8786    i.mbedtls_sha256_starts  sha256.o
    0x0800c1a4   0x0800c1a4   0x0000007c   Code   RO         8787    i.mbedtls_sha256_update  sha256.o
    0x0800c220   0x0800c220   0x00000016   Code   RO         8212    i.mbedtls_zeroize   md.o
    0x0800c236   0x0800c236   0x00000016   Code   RO         8654    i.mbedtls_zeroize   rsa.o
    0x0800c24c   0x0800c24c   0x00000016   Code   RO         8788    i.mbedtls_zeroize   sha256.o
    0x0800c262   0x0800c262   0x00000090   Code   RO         8655    i.mgf_mask          rsa.o
    0x0800c2f2   0x0800c2f2   0x00000040   Code   RO         7324    i.mpi_get_digit     bignum.o
    0x0800c332   0x0800c332   0x00000032   Code   RO         7325    i.mpi_montg_init    bignum.o
    0x0800c364   0x0800c364   0x000000d2   Code   RO         7326    i.mpi_montmul       bignum.o
    0x0800c436   0x0800c436   0x0000002c   Code   RO         7327    i.mpi_montred       bignum.o
    0x0800c462   0x0800c462   0x00000630   Code   RO         7328    i.mpi_mul_hlp       bignum.o
    0x0800ca92   0x0800ca92   0x00000064   Code   RO         7329    i.mpi_sub_hlp       bignum.o
    0x0800caf6   0x0800caf6   0x00000002   PAD
    0x0800caf8   0x0800caf8   0x000000bc   Code   RO          897    i.nb_alloc_sock     bc95.o
    0x0800cbb4   0x0800cbb4   0x00000044   Code   RO          898    i.nb_bind           bc95.o
    0x0800cbf8   0x0800cbf8   0x00000034   Code   RO          899    i.nb_check_csq      bc95.o
    0x0800cc2c   0x0800cc2c   0x0000013c   Code   RO          900    i.nb_close          bc95.o
    0x0800cd68   0x0800cd68   0x00000050   Code   RO          901    i.nb_close_sock     bc95.o
    0x0800cdb8   0x0800cdb8   0x00000244   Code   RO        13937    i.nb_cmd_data_ioctl  nb_cmd_ioctl.o
    0x0800cffc   0x0800cffc   0x00000050   Code   RO          903    i.nb_cmd_rcv_data   bc95.o
    0x0800d04c   0x0800d04c   0x000000a4   Code   RO          904    i.nb_cmd_with_2_suffix  bc95.o
    0x0800d0f0   0x0800d0f0   0x0000011c   Code   RO          905    i.nb_connect        bc95.o
    0x0800d20c   0x0800d20c   0x0000016c   Code   RO          906    i.nb_create_sock    bc95.o
    0x0800d378   0x0800d378   0x00000168   Code   RO          907    i.nb_create_sock_link  bc95.o
    0x0800d4e0   0x0800d4e0   0x00000222   Code   RO          908    i.nb_decompose_str  bc95.o
    0x0800d702   0x0800d702   0x00000002   PAD
    0x0800d704   0x0800d704   0x00000030   Code   RO          909    i.nb_deinit         bc95.o
    0x0800d734   0x0800d734   0x00000038   Code   RO          910    i.nb_get_netstat    bc95.o
    0x0800d76c   0x0800d76c   0x00000058   Code   RO          912    i.nb_handle_sock_data  bc95.o
    0x0800d7c4   0x0800d7c4   0x00000030   Code   RO          913    i.nb_hw_detect      bc95.o
    0x0800d7f4   0x0800d7f4   0x00000048   Code   RO          914    i.nb_init           bc95.o
    0x0800d83c   0x0800d83c   0x00000038   Code   RO        13869    i.nb_iot_entry      nb_demo.o
    0x0800d874   0x0800d874   0x00000038   Code   RO          915    i.nb_is_addr_valid  bc95.o
    0x0800d8ac   0x0800d8ac   0x0000003c   Code   RO          916    i.nb_query_ip       bc95.o
    0x0800d8e8   0x0800d8e8   0x00000028   Code   RO          918    i.nb_reboot         bc95.o
    0x0800d910   0x0800d910   0x00000020   Code   RO          919    i.nb_recv           bc95.o
    0x0800d930   0x0800d930   0x00000008   Code   RO          920    i.nb_recv_cb        bc95.o
    0x0800d938   0x0800d938   0x00000176   Code   RO          921    i.nb_recv_timeout   bc95.o
    0x0800daae   0x0800daae   0x00000028   Code   RO          922    i.nb_recvfrom       bc95.o
    0x0800dad6   0x0800dad6   0x00000002   PAD
    0x0800dad8   0x0800dad8   0x00000054   Code   RO        13870    i.nb_reply_task     nb_demo.o
    0x0800db2c   0x0800db2c   0x00000080   Code   RO          923    i.nb_send           bc95.o
    0x0800dbac   0x0800dbac   0x00000164   Code   RO          924    i.nb_send_payload   bc95.o
    0x0800dd10   0x0800dd10   0x000000a8   Code   RO          925    i.nb_send_psk       bc95.o
    0x0800ddb8   0x0800ddb8   0x00000078   Code   RO          926    i.nb_send_str       bc95.o
    0x0800de30   0x0800de30   0x0000015e   Code   RO          927    i.nb_sendto         bc95.o
    0x0800df8e   0x0800df8e   0x00000002   PAD
    0x0800df90   0x0800df90   0x0000015e   Code   RO          928    i.nb_set_cdpserver  bc95.o
    0x0800e0ee   0x0800e0ee   0x00000002   PAD
    0x0800e0f0   0x0800e0f0   0x00000038   Code   RO          929    i.nb_set_no_encrypt  bc95.o
    0x0800e128   0x0800e128   0x00000070   Code   RO          930    i.nb_sock_to_idx    bc95.o
    0x0800e198   0x0800e198   0x0000007c   Code   RO        13797    i.nb_sota_demo      sota_demo.o
    0x0800e214   0x0800e214   0x00000050   Code   RO          931    i.nb_step           bc95.o
    0x0800e264   0x0800e264   0x00000024   Code   RO         2859    i.osAlarmHeapInfo   los_heap.o
    0x0800e288   0x0800e288   0x00000024   Code   RO         3096    i.osAtomicBitsetClearBit  los_slab.o
    0x0800e2ac   0x0800e2ac   0x00000050   Code   RO         3098    i.osAtomicBitsetFindClearAndSet  los_slab.o
    0x0800e2fc   0x0800e2fc   0x0000002a   Code   RO         3099    i.osAtomicBitsetGetBit  los_slab.o
    0x0800e326   0x0800e326   0x00000006   Code   RO         3216    i.osAtomicBitsetGetNumBits  los_slab.o
    0x0800e32c   0x0800e32c   0x0000002e   Code   RO         3101    i.osAtomicBitsetInit  los_slab.o
    0x0800e35a   0x0800e35a   0x00000002   PAD
    0x0800e35c   0x0800e35c   0x0000016e   Code   RO         2860    i.osHeapAlloc       los_heap.o
    0x0800e4ca   0x0800e4ca   0x0000005a   Code   RO         2861    i.osHeapAllocAlign  los_heap.o
    0x0800e524   0x0800e524   0x00000146   Code   RO         2862    i.osHeapFree        los_heap.o
    0x0800e66a   0x0800e66a   0x00000044   Code   RO         2865    i.osHeapInit        los_heap.o
    0x0800e6ae   0x0800e6ae   0x0000001a   Code   RO         2866    i.osHeapPrvGetNext  los_heap.o
    0x0800e6c8   0x0800e6c8   0x00000064   Code   RO         2867    i.osHeapStatisticsGet  los_heap.o
    0x0800e72c   0x0800e72c   0x0000003c   Code   RO         3542    i.osHwiDefaultHandler  los_hwi.o
    0x0800e768   0x0800e768   0x0000004c   Code   RO         3543    i.osHwiInit         los_hwi.o
    0x0800e7b4   0x0800e7b4   0x00000004   Code   RO         2131    i.osIdleTask        los_task.o
    0x0800e7b8   0x0800e7b8   0x0000004c   Code   RO         2132    i.osIdleTaskCreate  los_task.o
    0x0800e804   0x0800e804   0x00000008   Code   RO         3544    i.osIntNumGet       los_hwi.o
    0x0800e80c   0x0800e80c   0x00000050   Code   RO         3545    i.osInterrupt       los_hwi.o
    0x0800e85c   0x0800e85c   0x00000028   Code   RO        11922    i.osKernelGetTickCount  atiny_osdep.o
    0x0800e884   0x0800e884   0x00000020   Code   RO         2942    i.osMemSystemInit   los_memory.o
    0x0800e8a4   0x0800e8a4   0x00000064   Code   RO         2561    i.osMuxInit         los_mux.o
    0x0800e908   0x0800e908   0x0000004c   Code   RO         1838    i.osPriqueueDequeue  los_priqueue.o
    0x0800e954   0x0800e954   0x00000048   Code   RO         1839    i.osPriqueueEnqueue  los_priqueue.o
    0x0800e99c   0x0800e99c   0x00000048   Code   RO         1840    i.osPriqueueInit    los_priqueue.o
    0x0800e9e4   0x0800e9e4   0x00000028   Code   RO         1841    i.osPriqueueSize    los_priqueue.o
    0x0800ea0c   0x0800ea0c   0x00000028   Code   RO         1842    i.osPriqueueTop     los_priqueue.o
    0x0800ea34   0x0800ea34   0x0000010c   Code   RO         2655    i.osQueueBufferOperate  los_queue.o
    0x0800eb40   0x0800eb40   0x00000070   Code   RO         2656    i.osQueueInit       los_queue.o
    0x0800ebb0   0x0800ebb0   0x0000018e   Code   RO         2659    i.osQueueOperate    los_queue.o
    0x0800ed3e   0x0800ed3e   0x00000002   PAD
    0x0800ed40   0x0800ed40   0x00000040   Code   RO         2660    i.osQueueReadParameterCheck  los_queue.o
    0x0800ed80   0x0800ed80   0x00000040   Code   RO         2661    i.osQueueWriteParameterCheck  los_queue.o
    0x0800edc0   0x0800edc0   0x0000000c   Code   RO         3363    i.osRegister        los_init.o
    0x0800edcc   0x0800edcc   0x00000008   Code   RO         3448    i.osSchedule        los_hw.o
    0x0800edd4   0x0800edd4   0x000000c2   Code   RO         2783    i.osSemCreate       los_sem.o
    0x0800ee96   0x0800ee96   0x00000002   PAD
    0x0800ee98   0x0800ee98   0x00000060   Code   RO         2784    i.osSemInit         los_sem.o
    0x0800eef8   0x0800eef8   0x0000001e   Code   RO         3102    i.osSlabAllocatorAlloc  los_slab.o
    0x0800ef16   0x0800ef16   0x00000048   Code   RO         3106    i.osSlabAllocatorFree  los_slab.o
    0x0800ef5e   0x0800ef5e   0x0000005c   Code   RO         3113    i.osSlabAllocatorNew  los_slab.o
    0x0800efba   0x0800efba   0x00000012   Code   RO         3230    i.osSlabBlockHeadFill  los_slabmem.o
    0x0800efcc   0x0800efcc   0x00000008   Code   RO         2943    i.osSlabCtrlHdrGet  los_memory.o
    0x0800efd4   0x0800efd4   0x000000a0   Code   RO         3232    i.osSlabMemAlloc    los_slabmem.o
    0x0800f074   0x0800f074   0x0000007a   Code   RO         3235    i.osSlabMemFree     los_slabmem.o
    0x0800f0ee   0x0800f0ee   0x0000006c   Code   RO         3236    i.osSlabMemInit     los_slabmem.o
    0x0800f15a   0x0800f15a   0x00000002   PAD
    0x0800f15c   0x0800f15c   0x000000a0   Code   RO         1925    i.osSwTmrInit       los_swtmr.o
    0x0800f1fc   0x0800f1fc   0x0000020e   Code   RO         1926    i.osSwTmrStart      los_swtmr.o
    0x0800f40a   0x0800f40a   0x00000002   PAD
    0x0800f40c   0x0800f40c   0x00000044   Code   RO         1927    i.osSwTmrTask       los_swtmr.o
    0x0800f450   0x0800f450   0x00000044   Code   RO         1928    i.osSwTmrTaskCreate  los_swtmr.o
    0x0800f494   0x0800f494   0x00000080   Code   RO         1929    i.osSwTmrTimeoutHandle  los_swtmr.o
    0x0800f514   0x0800f514   0x00000030   Code   RO         1931    i.osSwtmrDelete     los_swtmr.o
    0x0800f544   0x0800f544   0x00000024   Code   RO         1932    i.osSwtmrScan       los_swtmr.o
    0x0800f568   0x0800f568   0x0000007c   Code   RO         1933    i.osSwtmrStop       los_swtmr.o
    0x0800f5e4   0x0800f5e4   0x000000c0   Code   RO         2133    i.osTaskAdd2TimerList  los_task.o
    0x0800f6a4   0x0800f6a4   0x00000030   Code   RO         2134    i.osTaskEntry       los_task.o
    0x0800f6d4   0x0800f6d4   0x00000006   Code   RO         3449    i.osTaskExit        los_hw.o
    0x0800f6da   0x0800f6da   0x00000002   PAD
    0x0800f6dc   0x0800f6dc   0x00000128   Code   RO         2135    i.osTaskInit        los_task.o
    0x0800f804   0x0800f804   0x00000030   Code   RO         2136    i.osTaskMonInit     los_task.o
    0x0800f834   0x0800f834   0x00000038   Code   RO         2137    i.osTaskPriModify   los_task.o
    0x0800f86c   0x0800f86c   0x000000dc   Code   RO         2138    i.osTaskScan        los_task.o
    0x0800f948   0x0800f948   0x00000184   Code   RO         2139    i.osTaskSwitchCheck  los_task.o
    0x0800facc   0x0800facc   0x0000004c   Code   RO         2140    i.osTaskWait        los_task.o
    0x0800fb18   0x0800fb18   0x00000046   Code   RO         2141    i.osTaskWake        los_task.o
    0x0800fb5e   0x0800fb5e   0x00000002   PAD
    0x0800fb60   0x0800fb60   0x00000028   Code   RO         2398    i.osTickHandler     los_tick.o
    0x0800fb88   0x0800fb88   0x000000d0   Code   RO         3497    i.osTickStart       los_hw_tick.o
    0x0800fc58   0x0800fc58   0x00000048   Code   RO         2142    i.osTimerListDelete  los_task.o
    0x0800fca0   0x0800fca0   0x0000004c   Code   RO         2442    i.osTimesliceCheck  los_timeslice.o
    0x0800fcec   0x0800fcec   0x00000010   Code   RO         2443    i.osTimesliceInit   los_timeslice.o
    0x0800fcfc   0x0800fcfc   0x00000090   Code   RO         3450    i.osTskStackInit    los_hw.o
    0x0800fd8c   0x0800fd8c   0x00000064   Code   RO        14612    i.pack_checksum_check  package_checksum.o
    0x0800fdf0   0x0800fdf0   0x0000005c   Code   RO        14613    i.pack_checksum_create  package_checksum.o
    0x0800fe4c   0x0800fe4c   0x00000026   Code   RO        14614    i.pack_checksum_delete  package_checksum.o
    0x0800fe72   0x0800fe72   0x00000008   Code   RO        14615    i.pack_checksum_get_alg  package_checksum.o
    0x0800fe7a   0x0800fe7a   0x0000001c   Code   RO        14616    i.pack_checksum_init  package_checksum.o
    0x0800fe96   0x0800fe96   0x00000002   PAD
    0x0800fe98   0x0800fe98   0x00000088   Code   RO        14617    i.pack_checksum_init_head_data  package_checksum.o
    0x0800ff20   0x0800ff20   0x0000013a   Code   RO        14618    i.pack_checksum_restore_checksum  package_checksum.o
    0x0801005a   0x0801005a   0x00000002   PAD
    0x0801005c   0x0801005c   0x0000016a   Code   RO        14619    i.pack_checksum_update_data  package_checksum.o
    0x080101c6   0x080101c6   0x00000016   Code   RO        14513    i.pack_free         package.o
    0x080101dc   0x080101dc   0x0000000e   Code   RO        14514    i.pack_get_block_size  package.o
    0x080101ea   0x080101ea   0x00000002   PAD
    0x080101ec   0x080101ec   0x00000014   Code   RO        14515    i.pack_get_device   package.o
    0x08010200   0x08010200   0x0000000e   Code   RO        14516    i.pack_get_params   package.o
    0x0801020e   0x0801020e   0x00000002   PAD
    0x08010210   0x08010210   0x00000144   Code   RO        14724    i.pack_head_check   package_head.o
    0x08010354   0x08010354   0x00000042   Code   RO        14725    i.pack_head_destroy  package_head.o
    0x08010396   0x08010396   0x00000006   Code   RO        14726    i.pack_head_get_checksum  package_head.o
    0x0801039c   0x0801039c   0x00000004   Code   RO        14727    i.pack_head_get_checksum_attribute  package_head.o
    0x080103a0   0x080103a0   0x00000014   Code   RO        14728    i.pack_head_get_head_info  package_head.o
    0x080103b4   0x080103b4   0x00000014   Code   RO        14729    i.pack_head_get_head_len  package_head.o
    0x080103c8   0x080103c8   0x00000008   Code   RO        14730    i.pack_head_get_key  package_head.o
    0x080103d0   0x080103d0   0x00000080   Code   RO        14731    i.pack_head_handle_bin_type_tlv  package_head.o
    0x08010450   0x08010450   0x00000088   Code   RO        14732    i.pack_head_handle_checksum_tlv  package_head.o
    0x080104d8   0x080104d8   0x0000000e   Code   RO        14733    i.pack_head_init    package_head.o
    0x080104e6   0x080104e6   0x00000018   Code   RO        14734    i.pack_head_is_done  package_head.o
    0x080104fe   0x080104fe   0x00000002   PAD
    0x08010500   0x08010500   0x0000023e   Code   RO        14735    i.pack_head_parse   package_head.o
    0x0801073e   0x0801073e   0x00000002   PAD
    0x08010740   0x08010740   0x0000025a   Code   RO        14736    i.pack_head_parse_head_len  package_head.o
    0x0801099a   0x0801099a   0x00000002   PAD
    0x0801099c   0x0801099c   0x0000018e   Code   RO        14737    i.pack_head_parse_tlvs  package_head.o
    0x08010b2a   0x08010b2a   0x00000018   Code   RO        14738    i.pack_head_set_head_info  package_head.o
    0x08010b42   0x08010b42   0x00000002   PAD
    0x08010b44   0x08010b44   0x000000b4   Code   RO        14517    i.pack_init_device  package.o
    0x08010bf8   0x08010bf8   0x00000048   Code   RO        14518    i.pack_init_pack_device  package.o
    0x08010c40   0x08010c40   0x0000001a   Code   RO        14519    i.pack_malloc       package.o
    0x08010c5a   0x08010c5a   0x00000002   PAD
    0x08010c5c   0x08010c5c   0x0000006c   Code   RO        14520    i.pack_read_software  package.o
    0x08010cc8   0x08010cc8   0x0000005c   Code   RO        14521    i.pack_set_flash_type  package.o
    0x08010d24   0x08010d24   0x000000e4   Code   RO        14620    i.pack_sha256_check  package_checksum.o
    0x08010e08   0x08010e08   0x00000010   Code   RO        14621    i.pack_sha256_destroy  package_checksum.o
    0x08010e18   0x08010e18   0x00000030   Code   RO        14622    i.pack_sha256_init  package_checksum.o
    0x08010e48   0x08010e48   0x0000001a   Code   RO        14623    i.pack_sha256_reset  package_checksum.o
    0x08010e62   0x08010e62   0x00000002   PAD
    0x08010e64   0x08010e64   0x0000025a   Code   RO        14624    i.pack_sha256_rsa2048_check  package_checksum.o
    0x080110be   0x080110be   0x00000002   PAD
    0x080110c0   0x080110c0   0x0000001c   Code   RO        14625    i.pack_sha256_rsa2048_init  package_checksum.o
    0x080110dc   0x080110dc   0x0000001e   Code   RO        14626    i.pack_sha256_update  package_checksum.o
    0x080110fa   0x080110fa   0x00000002   PAD
    0x080110fc   0x080110fc   0x00000058   Code   RO        14522    i.pack_storage_active_software  package.o
    0x08011154   0x08011154   0x000001ee   Code   RO        14523    i.pack_storage_write_software  package.o
    0x08011342   0x08011342   0x00000002   PAD
    0x08011344   0x08011344   0x000000d4   Code   RO        14524    i.pack_storage_write_software_end  package.o
    0x08011418   0x08011418   0x000001b6   Code   RO        14816    i.pack_wr_begin_not_aligned  package_writer.o
    0x080115ce   0x080115ce   0x00000002   PAD
    0x080115d0   0x080115d0   0x00000044   Code   RO        14817    i.pack_wr_check     package_writer.o
    0x08011614   0x08011614   0x00000010   Code   RO        14818    i.pack_wr_destroy   package_writer.o
    0x08011624   0x08011624   0x0000007c   Code   RO        14819    i.pack_wr_end_not_aligned_block  package_writer.o
    0x080116a0   0x080116a0   0x000000b2   Code   RO        14820    i.pack_wr_entire_blocks  package_writer.o
    0x08011752   0x08011752   0x0000001a   Code   RO        14821    i.pack_wr_free_save_buffer  package_writer.o
    0x0801176c   0x0801176c   0x0000000e   Code   RO        14822    i.pack_wr_init      package_writer.o
    0x0801177a   0x0801177a   0x00000004   Code   RO        14823    i.pack_wr_set_device  package_writer.o
    0x0801177e   0x0801177e   0x00000002   PAD
    0x08011780   0x08011780   0x00000130   Code   RO        14824    i.pack_wr_write     package_writer.o
    0x080118b0   0x080118b0   0x00000014   Code   RO        14825    i.pack_wr_write_end  package_writer.o
    0x080118c4   0x080118c4   0x00000084   Code   RO        14826    i.pack_wr_write_stored_data  package_writer.o
    0x08011948   0x08011948   0x0000002c   Code   RO        14827    i.pack_write_data   package_writer.o
    0x08011974   0x08011974   0x0000006c   Code   RO        14525    i.pack_write_software  package.o
    0x080119e0   0x080119e0   0x00000032   Code   RO         6868    i.prv_spi_flash_erase_sector  hal_qspi_flash.o
    0x08011a12   0x08011a12   0x00000034   Code   RO         6869    i.prv_spi_flash_wait_write_end  hal_qspi_flash.o
    0x08011a46   0x08011a46   0x0000001a   Code   RO         6870    i.prv_spi_flash_write_enable  hal_qspi_flash.o
    0x08011a60   0x08011a60   0x0000003e   Code   RO         6871    i.prv_spi_flash_write_page  hal_qspi_flash.o
    0x08011a9e   0x08011a9e   0x00000002   PAD
    0x08011aa0   0x08011aa0   0x000000dc   Code   RO          381    i.read_resp         at_hal.o
    0x08011b7c   0x08011b7c   0x00000014   Code   RO        13798    i.read_ver          sota_demo.o
    0x08011b90   0x08011b90   0x00000110   Code   RO         8656    i.rsa_prepare_blinding  rsa.o
    0x08011ca0   0x08011ca0   0x00000020   Code   RO        14310    i.save_flag         upgrade_flag.o
    0x08011cc0   0x08011cc0   0x00000010   Code   RO         8337    i.sha224_clone_wrap  md_wrap.o
    0x08011cd0   0x08011cd0   0x00000020   Code   RO         8338    i.sha224_ctx_alloc  md_wrap.o
    0x08011cf0   0x08011cf0   0x00000018   Code   RO         8339    i.sha224_ctx_free   md_wrap.o
    0x08011d08   0x08011d08   0x00000010   Code   RO         8340    i.sha224_finish_wrap  md_wrap.o
    0x08011d18   0x08011d18   0x00000010   Code   RO         8341    i.sha224_process_wrap  md_wrap.o
    0x08011d28   0x08011d28   0x0000000e   Code   RO         8342    i.sha224_starts_wrap  md_wrap.o
    0x08011d36   0x08011d36   0x00000014   Code   RO         8343    i.sha224_update_wrap  md_wrap.o
    0x08011d4a   0x08011d4a   0x00000016   Code   RO         8344    i.sha224_wrap       md_wrap.o
    0x08011d60   0x08011d60   0x0000000e   Code   RO         8345    i.sha256_starts_wrap  md_wrap.o
    0x08011d6e   0x08011d6e   0x00000016   Code   RO         8346    i.sha256_wrap       md_wrap.o
    0x08011d84   0x08011d84   0x00000104   Code   RO        14369    i.sota_at_send      sota.o
    0x08011e88   0x08011e88   0x00000068   Code   RO        13799    i.sota_callback     sota_demo.o
    0x08011ef0   0x08011ef0   0x0000006c   Code   RO          932    i.sota_cmd          bc95.o
    0x08011f5c   0x08011f5c   0x00000030   Code   RO        13800    i.sota_cmd_match    sota_demo.o
    0x08011f8c   0x08011f8c   0x000002a0   Code   RO        14370    i.sota_data_block_process  sota.o
    0x0801222c   0x0801222c   0x00000078   Code   RO        14371    i.sota_init         sota.o
    0x080122a4   0x080122a4   0x00000048   Code   RO        13801    i.sota_log          sota_demo.o
    0x080122ec   0x080122ec   0x000001b0   Code   RO        14372    i.sota_new_ver_process  sota.o
    0x0801249c   0x0801249c   0x000001f2   Code   RO        14373    i.sota_parse        sota.o
    0x0801268e   0x0801268e   0x00000002   PAD
    0x08012690   0x08012690   0x00000130   Code   RO        14374    i.sota_process      sota.o
    0x080127c0   0x080127c0   0x00000050   Code   RO        14375    i.sota_reset_record_info  sota.o
    0x08012810   0x08012810   0x00000064   Code   RO        14376    i.sota_send_request_block  sota.o
    0x08012874   0x08012874   0x0000001e   Code   RO        14377    i.sota_send_response_code  sota.o
    0x08012892   0x08012892   0x00000002   PAD
    0x08012894   0x08012894   0x000001a4   Code   RO        14378    i.sota_status_check  sota.o
    0x08012a38   0x08012a38   0x000000d4   Code   RO        14379    i.sota_timeout_handler  sota.o
    0x08012b0c   0x08012b0c   0x000000e0   Code   RO        14380    i.sota_update_exc_process  sota.o
    0x08012bec   0x08012bec   0x0000002a   Code   RO        14055    i.store_resp_buf    at_main.o
    0x08012c16   0x08012c16   0x00000002   PAD
    0x08012c18   0x08012c18   0x00000040   Code   RO          933    i.str_to_hex        bc95.o
    0x08012c58   0x08012c58   0x00000038   Code   RO          934    i.strnstr           bc95.o
    0x08012c90   0x08012c90   0x00000040   Code   RO        14381    i.ver_to_hex        sota.o
    0x08012cd0   0x08012cd0   0x00000034   Code   RO          382    i.write_at_task_msg  at_hal.o
    0x08012d04   0x08012d04   0x0000001a   Code   RO        15057    i.zalloc            malloc.o
    0x08012d1e   0x08012d1e   0x00000002   PAD
    0x08012d20   0x08012d20   0x00000048   Data   RO           13    .constdata          system_stm32l4xx.o
    0x08012d68   0x08012d68   0x0000000a   Data   RO          384    .constdata          at_hal.o
    0x08012d72   0x08012d72   0x0000004f   Data   RO          763    .constdata          flash_adaptor.o
    0x08012dc1   0x08012dc1   0x00000003   PAD
    0x08012dc4   0x08012dc4   0x0000003e   Data   RO          822    .constdata          ota_port.o
    0x08012e02   0x08012e02   0x00000002   PAD
    0x08012e04   0x08012e04   0x000000df   Data   RO          936    .constdata          bc95.o
    0x08012ee3   0x08012ee3   0x00000014   Data   RO         3547    .constdata          los_hwi.o
    0x08012ef7   0x08012ef7   0x00004bb4   Data   RO         6661    .constdata          lcd.o
    0x08017aab   0x08017aab   0x00000001   PAD
    0x08017aac   0x08017aac   0x00000060   Data   RO         8347    .constdata          md_wrap.o
    0x08017b0c   0x08017b0c   0x00000140   Data   RO         8789    .constdata          sha256.o
    0x08017c4c   0x08017c4c   0x0000002c   Data   RO        13803    .constdata          sota_demo.o
    0x08017c78   0x08017c78   0x00000012   Data   RO        13939    .constdata          nb_cmd_ioctl.o
    0x08017c8a   0x08017c8a   0x00000083   Data   RO        14057    .constdata          at_main.o
    0x08017d0d   0x08017d0d   0x00000003   PAD
    0x08017d10   0x08017d10   0x00000024   Data   RO        14239    .constdata          los_nb_api.o
    0x08017d34   0x08017d34   0x00000091   Data   RO        14383    .constdata          sota.o
    0x08017dc5   0x08017dc5   0x00000003   PAD
    0x08017dc8   0x08017dc8   0x00000400   Data   RO        14499    .constdata          ota_crc.o
    0x080181c8   0x080181c8   0x000000a5   Data   RO        14527    .constdata          package.o
    0x0801826d   0x0801826d   0x000000ab   Data   RO        14627    .constdata          package_checksum.o
    0x08018318   0x08018318   0x0000009c   Data   RO        14739    .constdata          package_head.o
    0x080183b4   0x080183b4   0x00000084   Data   RO        14828    .constdata          package_writer.o
    0x08018438   0x08018438   0x00000081   Data   RO        15400    .constdata          mc_w.l(ctype_o.o)
    0x080184b9   0x080184b9   0x00000003   PAD
    0x080184bc   0x080184bc   0x00000004   Data   RO        15401    .constdata          mc_w.l(ctype_o.o)
    0x080184c0   0x080184c0   0x0000000e   Data   RO          937    .conststring        bc95.o
    0x080184ce   0x080184ce   0x00000002   PAD
    0x080184d0   0x080184d0   0x0000000f   Data   RO         8348    .conststring        md_wrap.o
    0x080184df   0x080184df   0x00000001   PAD
    0x080184e0   0x080184e0   0x00000201   Data   RO        13804    .conststring        sota_demo.o
    0x080186e1   0x080186e1   0x00000003   PAD
    0x080186e4   0x080186e4   0x00000094   Data   RO        14058    .conststring        at_main.o
    0x08018778   0x08018778   0x0000004a   Data   RO        14384    .conststring        sota.o
    0x080187c2   0x080187c2   0x00000002   PAD
    0x080187c4   0x080187c4   0x00000030   Data   RO        15806    Region$$Table       anon$$obj.o


    Execution Region VECTOR (Exec base: 0x20000000, Load base: 0x080187f4, Size: 0x00000400, Max: 0x00000400, ABSOLUTE, COMPRESSED[0x00000018])

    Exec Addr    Load Addr    Size         Type   Attr      Idx    E Section Name        Object

    0x20000000   COMPRESSED   0x00000400   Data   RW         3549    .data.vector        los_hwi.o


    Execution Region RW_IRAM1 (Exec base: 0x20000400, Load base: 0x0801880c, Size: 0x00002a30, Max: 0x0000f800, ABSOLUTE, COMPRESSED[0x00000364])

    Exec Addr    Load Addr    Size         Type   Attr      Idx    E Section Name        Object

    0x20000400   COMPRESSED   0x00000004   Data   RW           14    .data               system_stm32l4xx.o
    0x20000404   COMPRESSED   0x00000004   Data   RW          218    .data               dwt.o
    0x20000408   COMPRESSED   0x0000001c   Data   RW          385    .data               at_hal.o
    0x20000424   COMPRESSED   0x00000004   Data   RW          462    .data               main.o
    0x20000428   COMPRESSED   0x00000004   Data   RW          700    .data               user_task.o
    0x2000042c   COMPRESSED   0x0000003a   Data   RW          938    .data               bc95.o
    0x20000466   COMPRESSED   0x00000002   PAD
    0x20000468   COMPRESSED   0x00000008   Data   RW         1844    .data               los_priqueue.o
    0x20000470   COMPRESSED   0x0000001c   Data   RW         1936    .data               los_swtmr.o
    0x2000048c   COMPRESSED   0x00000048   Data   RW         2145    .data               los_task.o
    0x200004d4   COMPRESSED   0x00000004   PAD
    0x200004d8   COMPRESSED   0x0000001c   Data   RW         2399    .data               los_tick.o
    0x200004f4   COMPRESSED   0x00000008   Data   RW         2444    .data               los_timeslice.o
    0x200004fc   COMPRESSED   0x0000000c   Data   RW         2562    .data               los_mux.o
    0x20000508   COMPRESSED   0x0000000c   Data   RW         2662    .data               los_queue.o
    0x20000514   COMPRESSED   0x0000000c   Data   RW         2785    .data               los_sem.o
    0x20000520   COMPRESSED   0x00000010   Data   RW         2868    .data               los_heap.o
    0x20000530   COMPRESSED   0x00000004   Data   RW         2944    .data               los_memory.o
    0x20000534   COMPRESSED   0x00000004   Data   RW         3327    .data               los_err.o
    0x20000538   COMPRESSED   0x00000004   Data   RW         3364    .data               los_init.o
    0x2000053c   COMPRESSED   0x00000004   Data   RW         3548    .data               los_hwi.o
    0x20000540   COMPRESSED   0x00000004   Data   RW         6662    .data               lcd.o
    0x20000544   COMPRESSED   0x00000010   Data   RW         8593    .data               platform.o
    0x20000554   COMPRESSED   0x00000002   Data   RW        13805    .data               sota_demo.o
    0x20000556   COMPRESSED   0x00000008   Data   RW        13872    .data               nb_demo.o
    0x2000055e   COMPRESSED   0x00000002   PAD
    0x20000560   COMPRESSED   0x00000060   Data   RW        14059    .data               at_main.o
    0x200005c0   COMPRESSED   0x00000008   Data   RW        14279    .data               flag_manager.o
    0x200005c8   COMPRESSED   0x00000004   Data   RW        14385    .data               sota.o
    0x200005cc   COMPRESSED   0x00000400   Data   RW        14474    .data               sota_hal.o
    0x200009cc   COMPRESSED   0x00000004   Data   RW        15391    .data               mc_w.l(stdout.o)
    0x200009d0        -       0x00000078   Zero   RW          383    .bss                at_hal.o
    0x20000a48        -       0x0000001c   Zero   RW          461    .bss                main.o
    0x20000a64        -       0x000001e0   Zero   RW          530    .bss                usart.o
    0x20000c44        -       0x000000e4   Zero   RW          594    .bss                i2c.o
    0x20000d28        -       0x00000064   Zero   RW          648    .bss                spi.o
    0x20000d8c        -       0x000004e8   Zero   RW          935    .bss                bc95.o
    0x20001274        -       0x00000040   Zero   RW         1935    .bss                los_swtmr.o
    0x200012b4        -       0x00000156   Zero   RW         2143    .bss                los_task.o
    0x2000140a   COMPRESSED   0x00000002   PAD
    0x2000140c        -       0x00000400   Zero   RW         3546    .bss                los_hwi.o
    0x2000180c        -       0x00000480   Zero   RW         6660    .bss                lcd.o
    0x20001c8c        -       0x00000044   Zero   RW         6872    .bss                hal_qspi_flash.o
    0x20001cd0        -       0x00000210   Zero   RW        13802    .bss                sota_demo.o
    0x20001ee0        -       0x00000100   Zero   RW        13871    .bss                nb_demo.o
    0x20001fe0        -       0x00000954   Zero   RW        14056    .bss                at_main.o
    0x20002934        -       0x00000018   Zero   RW        14311    .bss                upgrade_flag.o
    0x2000294c        -       0x00000058   Zero   RW        14382    .bss                sota.o
    0x200029a4        -       0x00000088   Zero   RW        14526    .bss                package.o
    0x20002a2c   COMPRESSED   0x00000004   PAD
    0x20002a30        -       0x00000400   Zero   RW            2    LOS_HEAP            los_startup_keil.o


    Execution Region ARM_LIB_STACKHEAP (Exec base: 0x2000fc00, Load base: 0x08018b70, Size: 0x00000400, Max: 0x00000400, ABSOLUTE)

    Exec Addr    Load Addr    Size         Type   Attr      Idx    E Section Name        Object

    0x2000fc00        -       0x00000400   Zero   RW            1    ARM_LIB_STACKHEAP.bss  anon$$obj.o


==============================================================================

Image component sizes


      Code (inc. data)   RO Data    RW Data    ZI Data      Debug   Object Name

         0          0          0          0          0       2084   asn1parse.o
       812        168         10         28        120       9170   at_hal.o
      4552       1426        279         96       2388      26778   at_main.o
       106         12          0          0          0       2411   atiny_osdep.o
      5468       1638        237         58       1256      31554   bc95.o
      8766         16          0          0          0      41270   bignum.o
         0          0          0          0          0       3204   cmsis_liteos.o
         0          0          0          0          0       2876   debug.o
        44         14          0          4          0        713   dwt.o
       792         94          0          0          0       7797   e53_ia1.o
         0          0          0          0          0       1496   er-coap-13.o
         0          0          0          0          0       1252   error.o
       232         14          0          8          0       3241   flag_manager.o
       518        236         79          0          0       3394   flash_adaptor.o
       160         10          0          0          0        991   gpio.o
      1234         72          0          0         68      11523   hal_qspi_flash.o
       372         52          0          0        228       1957   i2c.o
       942         50      19380          4       1152       7132   lcd.o
       258         24          0          0          0        448   los_dispatch_keil.o
        68         10          0          4          0       2490   los_err.o
      1012        114          0         16          0       7542   los_heap.o
       222         18          0          0          0       2962   los_hw.o
       208         46          0          0          0      30613   los_hw_tick.o
       420         86         20       1028       1024      41147   los_hwi.o
       364        140          0          4          0       2508   los_init.o
       428         72          0          4          0       4970   los_memory.o
        28          0          0          0          0        656   los_misc.o
      1104        208          0         12          0      16620   los_mux.o
       260         46         36          0          0       3006   los_nb_api.o
       316         38          0          8          0      13938   los_priqueue.o
      1464        118          0         12          0      13222   los_queue.o
      1074        238          0         12          0       8618   los_sem.o
       404          0          0          0          0       6934   los_slab.o
       408          0          0          0          0       4187   los_slabmem.o
        44         22          0          0       1024        304   los_startup_keil.o
      1796        128          0         28         64      11191   los_swtmr.o
        12          6          0          0          0        551   los_sys.o
      2888        384          0         72        342      28304   los_task.o
        40          6          0         28          0       1064   los_tick.o
        92         16          0          8          0       1393   los_timeslice.o
        72          4          0          4         28       2539   main.o
        98         10          0          0          0       2558   malloc.o
       324         40          0          0          0       9507   md.o
       196         10        111          0          0       9198   md_wrap.o
       608        124         18          0          0       2883   nb_cmd_ioctl.o
      1320        644          0          8        256       6566   nb_demo.o
        56          4       1024          0          0       1589   ota_crc.o
       480        210         62          0          0       6233   ota_port.o
      1482        430        165          0        136      16772   package.o
      2056        578        171          0          0      20746   package_checksum.o
      2348        660        156          0          0      14478   package_head.o
      1368        370        132          0          0      10857   package_writer.o
        24         10          0         16          0       3037   platform.o
      2188         32          0          0          0      14445   rsa.o
      4294         84        320          0          0      10301   sha256.o
      3508       1076        219          4         88      17316   sota.o
       368         68        557          2        528       6532   sota_demo.o
       164          4          0       1024          0       3224   sota_hal.o
        28          6          0          0        100       1141   spi.o
         0          0          0          0          0       1536   ssl_cache.o
        96          4          0          0          0       2464   stm32l4xx_hal.o
       378         30          0          0          0      34914   stm32l4xx_hal_cortex.o
        70          0          0          0          0       1120   stm32l4xx_hal_dma.o
       530         36          0          0          0       2500   stm32l4xx_hal_gpio.o
      1586         32          0          0          0      10602   stm32l4xx_hal_i2c.o
       210          0          0          0          0       2043   stm32l4xx_hal_i2c_ex.o
        20          6          0          0          0        579   stm32l4xx_hal_pwr.o
       156         18          0          0          0       1422   stm32l4xx_hal_pwr_ex.o
      1548         10          0          0          0       8053   stm32l4xx_hal_qspi.o
      2444         98          0          0          0       7176   stm32l4xx_hal_rcc.o
      1988         44          0          0          0       4052   stm32l4xx_hal_rcc_ex.o
       884          0          0          0          0       4515   stm32l4xx_hal_spi.o
      1962         50          0          0          0       6225   stm32l4xx_hal_uart.o
       276         28          0          0          0       8615   sys_init.o
        84         16         72          4          0     828725   system_stm32l4xx.o
       204         24          0          0         24       4440   upgrade_flag.o
       480         56          0          0        480       2669   usart.o
       100         24          0          4          0       3518   user_task.o

    ----------------------------------------------------------------------
     71018      10362      23116       2508      10336    1456601   Object Totals
         0          0         48          0       1024          0   (incl. Generated)
       112          0         20          8          6          0   (incl. Padding)

    ----------------------------------------------------------------------

      Code (inc. data)   RO Data    RW Data    ZI Data      Debug   Library Member Name

        52          6          0          0          0        128   recover_image.o
        56          8          0          0          0         84   __0sscanf.o
        86          0          0          0          0          0   __dczerorl2.o
        28          0          0          0          0         68   _chval.o
       818          4          0          0          0        112   _scanf.o
       338          0          0          0          0         96   _scanf_int.o
       230          0          0          0          0         96   _scanf_str.o
        64          0          0          0          0         84   _sgetc.o
         8          4        133          0          0         68   ctype_o.o
         0          0          0          0          0          0   entry.o
         0          0          0          0          0          0   entry10a.o
         0          0          0          0          0          0   entry11a.o
         8          4          0          0          0          0   entry3.o
         4          0          0          0          0          0   entry5.o
         0          0          0          0          0          0   entry7b.o
         0          0          0          0          0          0   entry8b.o
         8          4          0          0          0          0   entry9a.o
        30          0          0          0          0          0   handlers.o
        36          8          0          0          0         68   init.o
        18          0          0          0          0         76   isspace_o.o
         0          0          0          0          0          0   iusefp.o
        30          0          0          0          0         68   llshl.o
        36          0          0          0          0         68   llsshr.o
        32          0          0          0          0         68   llushr.o
        26          0          0          0          0         80   memcmp.o
        66          0          0          0          0         76   memmove.o
        36          0          0          0          0        108   memseta.o
      2434        104          0          0          0        836   printfa.o
        40          8          0          0          0         84   scanf_char.o
         0          0          0          4          0          0   stdout.o
        28          0          0          0          0         76   strcmp.o
        14          0          0          0          0         68   strlen.o
        30          0          0          0          0         80   strncmp.o
        24          0          0          0          0         76   strncpy.o
        36          0          0          0          0         80   strstr.o
        12          0          0          0          0         68   toupper.o
        44          0          0          0          0         80   uidiv.o
       104          0          0          0          0         92   uldiv.o
        48          0          0          0          0         68   cdrcmple.o
        56          0          0          0          0         88   d2f.o
       350          0          0          0          0        148   dadd.o
       222          0          0          0          0        100   ddiv.o
       186          0          0          0          0        176   depilogue.o
        48          0          0          0          0         68   dfixul.o
        34          0          0          0          0         76   dflti.o
       234          0          0          0          0         96   dmul.o
       110          0          0          0          0        168   fepilogue.o

    ----------------------------------------------------------------------
      6070        150        136          4          0       3876   Library Totals
         6          0          3          0          0          0   (incl. Padding)

    ----------------------------------------------------------------------

      Code (inc. data)   RO Data    RW Data    ZI Data      Debug   Library Name

        52          6          0          0          0        128   hwpatch.lib
      4724        144        133          4          0       2760   mc_w.l
      1288          0          0          0          0        988   mf_w.l

    ----------------------------------------------------------------------
      6070        150        136          4          0       3876   Library Totals

    ----------------------------------------------------------------------

==============================================================================


      Code (inc. data)   RO Data    RW Data    ZI Data      Debug   

     77088      10512      23252       2512      10336    1410333   Grand Totals
     77088      10512      23252        892      10336    1410333   ELF Image Totals (compressed)
     77088      10512      23252        892          0          0   ROM Totals

==============================================================================

    Total RO  Size (Code + RO Data)               100340 (  97.99kB)
    Total RW  Size (RW Data + ZI Data)             12848 (  12.55kB)
    Total ROM Size (Code + RO Data + RW Data)     101232 (  98.86kB)

==============================================================================

