Component: ARM Compiler 5.06 update 5 (build 528) Tool: armlink [4d35e2]

==============================================================================

Section Cross References

    los_startup_keil.o(RESET) refers to system_stm32l4xx.o(i.SystemInit) for SystemInit
    los_startup_keil.o(RESET) refers to entry.o(.ARM.Collect$$$$00000000) for __main
    system_stm32l4xx.o(i.SystemCoreClockUpdate) refers to system_stm32l4xx.o(.constdata) for MSIRangeTable
    system_stm32l4xx.o(i.SystemCoreClockUpdate) refers to system_stm32l4xx.o(.data) for SystemCoreClock
    dwt.o(i.delay10ms) refers to dwt.o(i.delayus) for delayus
    dwt.o(i.delayus) refers to los_dispatch_keil.o(.text) for LOS_IntLock
    dwt.o(i.delayus) refers to dwt.o(.data) for cpuclkfeq
    dwt.o(i.dwt_delay_init) refers to dwt.o(.data) for cpuclkfeq
    sys_init.o(i.HAL_GetTick) refers to los_sys.o(i.LOS_TickCountGet) for LOS_TickCountGet
    sys_init.o(i.SystemClock_Config) refers to stm32l4xx_hal_pwr.o(i.HAL_PWR_EnableBkUpAccess) for HAL_PWR_EnableBkUpAccess
    sys_init.o(i.SystemClock_Config) refers to stm32l4xx_hal_rcc.o(i.HAL_RCC_OscConfig) for HAL_RCC_OscConfig
    sys_init.o(i.SystemClock_Config) refers to sys_init.o(i._Error_Handler) for _Error_Handler
    sys_init.o(i.SystemClock_Config) refers to stm32l4xx_hal_rcc.o(i.HAL_RCC_ClockConfig) for HAL_RCC_ClockConfig
    sys_init.o(i.SystemClock_Config) refers to stm32l4xx_hal_rcc_ex.o(i.HAL_RCCEx_PeriphCLKConfig) for HAL_RCCEx_PeriphCLKConfig
    sys_init.o(i.SystemClock_Config) refers to stm32l4xx_hal_pwr_ex.o(i.HAL_PWREx_ControlVoltageScaling) for HAL_PWREx_ControlVoltageScaling
    sys_init.o(i.atiny_random) refers to hal_rng.o(i.hal_rng_generate_buffer) for hal_rng_generate_buffer
    sys_init.o(i.atiny_reboot) refers to stm32l4xx_hal_cortex.o(i.HAL_NVIC_SystemReset) for HAL_NVIC_SystemReset
    sys_init.o(i.atiny_usleep) refers to dwt.o(i.delayus) for delayus
    at_hal.o(i.at_irq_handler) refers to at_main.o(i.at_get_config) for at_get_config
    at_hal.o(i.at_irq_handler) refers to los_queue.o(i.LOS_QueueWriteCopy) for LOS_QueueWriteCopy
    at_hal.o(i.at_irq_handler) refers to at_hal.o(.bss) for at_usart
    at_hal.o(i.at_irq_handler) refers to at_main.o(.data) for at
    at_hal.o(i.at_irq_handler) refers to at_hal.o(.data) for wi
    at_hal.o(i.at_transmit) refers to at_main.o(i.at_get_config) for at_get_config
    at_hal.o(i.at_transmit) refers to stm32l4xx_hal_uart.o(i.HAL_UART_Transmit) for HAL_UART_Transmit
    at_hal.o(i.at_transmit) refers to strlen.o(.text) for strlen
    at_hal.o(i.at_transmit) refers to at_hal.o(.bss) for at_usart
    at_hal.o(i.at_usart_adapter) refers to at_hal.o(.data) for s_pUSART
    at_hal.o(i.at_usart_deinit) refers to at_hal.o(.bss) for at_usart
    at_hal.o(i.at_usart_init) refers to at_main.o(i.at_get_config) for at_get_config
    at_hal.o(i.at_usart_init) refers to at_hal.o(i.at_usart_adapter) for at_usart_adapter
    at_hal.o(i.at_usart_init) refers to stm32l4xx_hal_uart.o(i.HAL_UART_Init) for HAL_UART_Init
    at_hal.o(i.at_usart_init) refers to sys_init.o(i._Error_Handler) for _Error_Handler
    at_hal.o(i.at_usart_init) refers to los_hwi.o(i.LOS_HwiCreate) for LOS_HwiCreate
    at_hal.o(i.at_usart_init) refers to at_hal.o(.bss) for at_usart
    at_hal.o(i.at_usart_init) refers to at_hal.o(.data) for s_pUSART
    at_hal.o(i.at_usart_init) refers to at_hal.o(i.at_irq_handler) for at_irq_handler
    at_hal.o(i.read_resp) refers to at_main.o(i.at_get_config) for at_get_config
    at_hal.o(i.read_resp) refers to at_main.o(i.at_get_time) for at_get_time
    at_hal.o(i.read_resp) refers to printfa.o(i.__0printf) for __2printf
    at_hal.o(i.read_resp) refers to memmovea.o(.text) for __aeabi_memcpy
    at_hal.o(i.read_resp) refers to at_hal.o(.data) for buff_full
    at_hal.o(i.read_resp) refers to at_hal.o(.constdata) for __func__
    at_hal.o(i.read_resp) refers to at_main.o(.data) for at
    at_hal.o(i.write_at_task_msg) refers to los_queue.o(i.LOS_QueueWriteCopy) for LOS_QueueWriteCopy
    at_hal.o(i.write_at_task_msg) refers to at_main.o(.data) for at
    at_hal.o(i.write_at_task_msg) refers to at_hal.o(.data) for g_disscard_cnt
    main.o(i.HardWare_Init) refers to stm32l4xx_hal.o(i.HAL_Init) for HAL_Init
    main.o(i.HardWare_Init) refers to sys_init.o(i.SystemClock_Config) for SystemClock_Config
    main.o(i.HardWare_Init) refers to gpio.o(i.MX_GPIO_Init) for MX_GPIO_Init
    main.o(i.HardWare_Init) refers to usart.o(i.MX_USART1_UART_Init) for MX_USART1_UART_Init
    main.o(i.HardWare_Init) refers to dwt.o(i.dwt_delay_init) for dwt_delay_init
    main.o(i.HardWare_Init) refers to system_stm32l4xx.o(.data) for SystemCoreClock
    main.o(i.main) refers to main.o(i.HardWare_Init) for HardWare_Init
    main.o(i.main) refers to los_init.o(i.LOS_KernelInit) for LOS_KernelInit
    main.o(i.main) refers to user_task.o(i.create_work_tasks) for create_work_tasks
    main.o(i.main) refers to los_init.o(i.LOS_Start) for LOS_Start
[...]
    osSlabMemFree                            0x0800e891   Thumb Code   116  los_slabmem.o(i.osSlabMemFree)
    osSlabMemInit                            0x0800e90b   Thumb Code   108  los_slabmem.o(i.osSlabMemInit)
    osSwTmrInit                              0x0800e979   Thumb Code   130  los_swtmr.o(i.osSwTmrInit)
    osSwTmrStart                             0x0800ea19   Thumb Code   506  los_swtmr.o(i.osSwTmrStart)
    osSwTmrTask                              0x0800ec29   Thumb Code    62  los_swtmr.o(i.osSwTmrTask)
    osSwTmrTaskCreate                        0x0800ec6d   Thumb Code    48  los_swtmr.o(i.osSwTmrTaskCreate)
    osSwtmrScan                              0x0800ed61   Thumb Code    32  los_swtmr.o(i.osSwtmrScan)
    osSwtmrStop                              0x0800ed85   Thumb Code   116  los_swtmr.o(i.osSwtmrStop)
    osTaskAdd2TimerList                      0x0800ee01   Thumb Code   188  los_task.o(i.osTaskAdd2TimerList)
    osTaskEntry                              0x0800eec1   Thumb Code    40  los_task.o(i.osTaskEntry)
    osTaskExit                               0x0800eef1   Thumb Code     6  los_hw.o(i.osTaskExit)
    osTaskInit                               0x0800eef9   Thumb Code   258  los_task.o(i.osTaskInit)
    osTaskMonInit                            0x0800f021   Thumb Code    32  los_task.o(i.osTaskMonInit)
    osTaskPriModify                          0x0800f051   Thumb Code    56  los_task.o(i.osTaskPriModify)
    osTaskScan                               0x0800f089   Thumb Code   214  los_task.o(i.osTaskScan)
    osTaskSwitchCheck                        0x0800f165   Thumb Code   238  los_task.o(i.osTaskSwitchCheck)
    osTaskWait                               0x0800f2e9   Thumb Code    72  los_task.o(i.osTaskWait)
    osTaskWake                               0x0800f335   Thumb Code    70  los_task.o(i.osTaskWake)
    osTickHandler                            0x0800f37d   Thumb Code    34  los_tick.o(i.osTickHandler)
    osTickStart                              0x0800f3a5   Thumb Code   162  los_hw_tick.o(i.osTickStart)
    osTimerListDelete                        0x0800f475   Thumb Code    66  los_task.o(i.osTimerListDelete)
    osTimesliceCheck                         0x0800f4bd   Thumb Code    64  los_timeslice.o(i.osTimesliceCheck)
    osTimesliceInit                          0x0800f509   Thumb Code    12  los_timeslice.o(i.osTimesliceInit)
    osTskStackInit                           0x0800f519   Thumb Code   134  los_hw.o(i.osTskStackInit)
    pack_checksum_check                      0x0800f5a9   Thumb Code    68  package_checksum.o(i.pack_checksum_check)
    pack_checksum_create                     0x0800f60d   Thumb Code    60  package_checksum.o(i.pack_checksum_create)
    pack_checksum_delete                     0x0800f669   Thumb Code    38  package_checksum.o(i.pack_checksum_delete)
    pack_checksum_update_data                0x0800f879   Thumb Code   280  package_checksum.o(i.pack_checksum_update_data)
    pack_free                                0x0800f9e3   Thumb Code    22  package.o(i.pack_free)
    pack_get_device                          0x0800fa09   Thumb Code    14  package.o(i.pack_get_device)
    pack_get_params                          0x0800fa1d   Thumb Code    14  package.o(i.pack_get_params)
    pack_head_check                          0x0800fa2d   Thumb Code   182  package_head.o(i.pack_head_check)
    pack_head_destroy                        0x0800fb71   Thumb Code    66  package_head.o(i.pack_head_destroy)
    pack_head_get_checksum                   0x0800fbb3   Thumb Code     6  package_head.o(i.pack_head_get_checksum)
    pack_head_get_head_info                  0x0800fbbd   Thumb Code    20  package_head.o(i.pack_head_get_head_info)
    pack_head_get_head_len                   0x0800fbd1   Thumb Code    20  package_head.o(i.pack_head_get_head_len)
    pack_head_get_key                        0x0800fbe5   Thumb Code     8  package_head.o(i.pack_head_get_key)
    pack_head_init                           0x0800fcf5   Thumb Code    14  package_head.o(i.pack_head_init)
    pack_head_parse                          0x0800fd1d   Thumb Code   406  package_head.o(i.pack_head_parse)
    pack_head_parse_head_len                 0x0800ff5d   Thumb Code   442  package_head.o(i.pack_head_parse_head_len)
    pack_head_set_head_info                  0x08010347   Thumb Code    24  package_head.o(i.pack_head_set_head_info)
    pack_init_device                         0x08010361   Thumb Code   130  package.o(i.pack_init_device)
    pack_malloc                              0x0801045d   Thumb Code    26  package.o(i.pack_malloc)
    pack_sha256_init                         0x08010635   Thumb Code    30  package_checksum.o(i.pack_sha256_init)
    pack_sha256_rsa2048_init                 0x080108dd   Thumb Code    22  package_checksum.o(i.pack_sha256_rsa2048_init)
    pack_storage_active_software             0x08010919   Thumb Code    62  package.o(i.pack_storage_active_software)
    pack_wr_check                            0x08010ded   Thumb Code    40  package_writer.o(i.pack_wr_check)
    pack_wr_destroy                          0x08010e31   Thumb Code    16  package_writer.o(i.pack_wr_destroy)
    pack_wr_free_save_buffer                 0x08010f6f   Thumb Code    26  package_writer.o(i.pack_wr_free_save_buffer)
    pack_wr_init                             0x08010f89   Thumb Code    14  package_writer.o(i.pack_wr_init)
    pack_wr_set_device                       0x08010f97   Thumb Code     4  package_writer.o(i.pack_wr_set_device)
    pack_wr_write                            0x08010f9d   Thumb Code   266  package_writer.o(i.pack_wr_write)
    pack_wr_write_end                        0x080110cd   Thumb Code    20  package_writer.o(i.pack_wr_write_end)
    pack_wr_write_stored_data                0x080110e1   Thumb Code    70  package_writer.o(i.pack_wr_write_stored_data)
    prv_spi_flash_erase_sector               0x080111fd   Thumb Code    50  hal_qspi_flash.o(i.prv_spi_flash_erase_sector)
    read_resp                                0x080112bd   Thumb Code   154  at_hal.o(i.read_resp)
    read_ver                                 0x08011399   Thumb Code    12  sota_demo.o(i.read_ver)
    sota_callback                            0x080116a5   Thumb Code    96  sota_demo.o(i.sota_callback)
    sota_cmd                                 0x0801170d   Thumb Code    70  bc95.o(i.sota_cmd)
    sota_cmd_match                           0x08011779   Thumb Code    44  sota_demo.o(i.sota_cmd_match)
    sota_init                                0x08011a49   Thumb Code   102  sota.o(i.sota_init)
    sota_log                                 0x08011ac1   Thumb Code    68  sota_demo.o(i.sota_log)
    sota_parse                               0x08011cb9   Thumb Code   346  sota.o(i.sota_parse)
    sota_process                             0x08011ead   Thumb Code   230  sota.o(i.sota_process)
    sota_timeout_handler                     0x08012255   Thumb Code   110  sota.o(i.sota_timeout_handler)
    store_resp_buf                           0x08012409   Thumb Code    42  at_main.o(i.store_resp_buf)
    str_to_hex                               0x08012435   Thumb Code    54  bc95.o(i.str_to_hex)
    write_at_task_msg                        0x080124ed   Thumb Code    44  at_hal.o(i.write_at_task_msg)
    zalloc                                   0x08012521   Thumb Code    26  malloc.o(i.zalloc)
    AHBPrescTable                            0x0801253c   Data          16  system_stm32l4xx.o(.constdata)
    APBPrescTable                            0x0801254c   Data           8  system_stm32l4xx.o(.constdata)
    MSIRangeTable                            0x08012554   Data          48  system_stm32l4xx.o(.constdata)
    mbedtls_sha224_info                      0x08012714   Data          48  md_wrap.o(.constdata)
    mbedtls_sha256_info                      0x08012744   Data          48  md_wrap.o(.constdata)
    __ctype_categories                       0x080130a0   Data          64  ctype_c.o(.constdata)
    Region$$Table$$Base                      0x080133e4   Number         0  anon$$obj.o(Region$$Table)
    Region$$Table$$Limit                     0x08013414   Number         0  anon$$obj.o(Region$$Table)
    m_pstHwiForm                             0x20000000   Data        1024  los_hwi.o(.data.vector)
    SystemCoreClock                          0x20000400   Data           4  system_stm32l4xx.o(.data)
    buff_full                                0x20000410   Data           1  at_hal.o(.data)
    wi                                       0x20000418   Data           4  at_hal.o(.data)
    pre_ri                                   0x2000041c   Data           4  at_hal.o(.data)
    ri                                       0x20000420   Data           4  at_hal.o(.data)
    reply_sem                                0x20000424   Data           4  main.o(.data)
    bc95_interface                           0x2000042c   Data          52  bc95.o(.data)
    g_pstLosPriorityQueueList                0x20000468   Data           4  los_priqueue.o(.data)
    m_uwSwTmrHandlerQueue                    0x20000470   Data           4  los_swtmr.o(.data)
    m_pstSwtmrCBArray                        0x20000474   Data           4  los_swtmr.o(.data)
    m_pstSwtmrFreeList                       0x20000478   Data           4  los_swtmr.o(.data)
    m_pstSwtmrSortList                       0x2000047c   Data           4  los_swtmr.o(.data)
    g_pstTaskCBArray                         0x2000048c   Data           4  los_task.o(.data)
    g_stLosTask                              0x20000490   Data           8  los_task.o(.data)
    g_usLosTaskLock                          0x20000498   Data           2  los_task.o(.data)
    g_uwTskMaxNum                            0x2000049c   Data           4  los_task.o(.data)
    g_uwIdleTaskID                           0x200004a0   Data           4  los_task.o(.data)
    g_uwSwtmrTaskID                          0x200004a4   Data           4  los_task.o(.data)
    g_stTaskTimerList                        0x200004a8   Data           8  los_task.o(.data)
    g_stLosFreeTask                          0x200004b0   Data           8  los_task.o(.data)
    g_stTskRecyleList                        0x200004b8   Data           8  los_task.o(.data)
    g_stTskSortLink                          0x200004c0   Data           8  los_task.o(.data)
    g_bTaskScheduled                         0x200004c8   Data           4  los_task.o(.data)
    g_pfnTskSwitchHook                       0x200004cc   Data           4  los_task.o(.data)
    g_pfnUsrTskSwitchHook                    0x200004d0   Data           4  los_task.o(.data)
    g_ullTickCount                           0x200004d8   Data           8  los_tick.o(.data)
    g_uwTicksPerSec                          0x200004e0   Data           4  los_tick.o(.data)
    g_uwCyclePerSec                          0x200004e4   Data           4  los_tick.o(.data)
    g_uwCyclesPerTick                        0x200004e8   Data           4  los_tick.o(.data)
    g_uwSysClock                             0x200004ec   Data           4  los_tick.o(.data)
    g_bSysTickStart                          0x200004f0   Data           4  los_tick.o(.data)
    g_stTaskTimeSlice                        0x200004f4   Data           8  los_timeslice.o(.data)
    g_pstAllMux                              0x200004fc   Data           4  los_mux.o(.data)
    g_stUnusedMuxList                        0x20000500   Data           8  los_mux.o(.data)
    g_pstAllQueue                            0x20000508   Data           4  los_queue.o(.data)
    g_stFreeQueueList                        0x2000050c   Data           8  los_queue.o(.data)
    g_stUnusedSemList                        0x20000514   Data           8  los_sem.o(.data)
    g_pstAllSem                              0x2000051c   Data           4  los_sem.o(.data)
    g_pPoolHead                              0x20000530   Data           4  los_memory.o(.data)
    g_stUserErrFunc                          0x20000534   Data           4  los_err.o(.data)
    m_aucSysMem0                             0x20000538   Data           4  los_init.o(.data)
    g_vuwIntCount                            0x2000053c   Data           4  los_hwi.o(.data)
    mbedtls_calloc                           0x20000540   Data           4  platform.o(.data)
    mbedtls_free                             0x20000544   Data           4  platform.o(.data)
    mbedtls_snprintf                         0x20000548   Data           4  platform.o(.data)
    mbedtls_printf                           0x2000054c   Data           4  platform.o(.data)
    g_sota_timer                             0x20000550   Data           2  sota_demo.o(.data)
    E53_IA1_send                             0x20000552   Data           8  nb_demo.o(.data)
    at                                       0x2000055c   Data          96  at_main.o(.data)
    crc16_ccitt_table                        0x200005c8   Data        1024  sota_hal.o(.data)
    __stdout                                 0x200009c8   Data           4  stdout.o(.data)
    at_usart                                 0x200009cc   Data         120  at_hal.o(.bss)
    s_resp_buf                               0x20000a44   Data          14  main.o(.bss)
    E53_IA1_Data                             0x20000a54   Data          12  main.o(.bss)
    hlpuart1                                 0x20000a60   Data         120  usart.o(.bss)
    huart1                                   0x20000ad8   Data         120  usart.o(.bss)
    huart2                                   0x20000b50   Data         120  usart.o(.bss)
    huart3                                   0x20000bc8   Data         120  usart.o(.bss)
    hi2c1                                    0x20000c40   Data          76  i2c.o(.bss)
    hi2c2                                    0x20000c8c   Data          76  i2c.o(.bss)
    hi2c3                                    0x20000cd8   Data          76  i2c.o(.bss)
    tmpbuf                                   0x20000d24   Data        1024  bc95.o(.bss)
    sockinfo                                 0x20001124   Data         220  bc95.o(.bss)
    m_uwSwTmrAlignID                         0x2000120c   Data          64  los_swtmr.o(.bss)
    g_astTskSwitchInfo                       0x2000124c   Data         342  los_task.o(.bss)
    m_pstHwiSlaveForm                        0x200013a4   Data        1024  los_hwi.o(.bss)
    hqspi                                    0x200017a4   Data          68  hal_qspi_flash.o(.bss)
    g_sota_buf                               0x200017e8   Data         528  sota_demo.o(.bss)
    at_oob                                   0x20001b1c   Data         304  at_main.o(.bss)
    rbuf                                     0x20001c4c   Data        1024  at_main.o(.bss)
    wbuf                                     0x2000204c   Data        1024  at_main.o(.bss)
    g_flash_op                               0x20002464   Data          44  sota.o(.bss)
    __los_heap_base                          0x20002548   Data           0  los_startup_keil.o(LOS_HEAP)
    Image$$ARM_LIB_STACKHEAP$$ZI$$Base       0x2000fc00   Number         0  anon$$obj.o ABSOLUTE
    Image$$ARM_LIB_STACKHEAP$$ZI$$Limit      0x20010000   Number         0  anon$$obj.o ABSOLUTE



==============================================================================

Memory Map of the image

  Image Entry point : 0x0800002d

  Load Region LR_IROM1 (Base: 0x08000000, Size: 0x00013de0, Max: 0x00040000, ABSOLUTE, COMPRESSED[0x00013790])

    Execution Region ER_IROM1 (Exec base: 0x08000000, Load base: 0x08000000, Size: 0x00013414, Max: 0x00040000, ABSOLUTE)

    Exec Addr    Load Addr    Size         Type   Attr      Idx    E Section Name        Object

    0x08000000   0x08000000   0x0000002c   Code   RO            3    RESET               los_startup_keil.o
    0x0800002c   0x0800002c   0x00000000   Code   RO        11795  * .ARM.Collect$$$$00000000  mc_w.l(entry.o)
    0x0800002c   0x0800002c   0x00000004   Code   RO        12107    .ARM.Collect$$$$00000002  mc_w.l(entry3.o)
    0x08000030   0x08000030   0x00000004   Code   RO        12110    .ARM.Collect$$$$00000004  mc_w.l(entry5.o)
    0x08000034   0x08000034   0x00000000   Code   RO        12112    .ARM.Collect$$$$00000008  mc_w.l(entry7b.o)
    0x08000034   0x08000034   0x00000000   Code   RO        12114    .ARM.Collect$$$$0000000A  mc_w.l(entry8b.o)
    0x08000034   0x08000034   0x00000008   Code   RO        12115    .ARM.Collect$$$$0000000B  mc_w.l(entry9a.o)
    0x0800003c   0x0800003c   0x00000000   Code   RO        12117    .ARM.Collect$$$$0000000D  mc_w.l(entry10a.o)
    0x0800003c   0x0800003c   0x00000000   Code   RO        12119    .ARM.Collect$$$$0000000F  mc_w.l(entry11a.o)
    0x0800003c   0x0800003c   0x00000004   Code   RO        12108    .ARM.Collect$$$$00002713  mc_w.l(entry3.o)
    0x08000040   0x08000040   0x00000102   Code   RO         3440    .text               los_dispatch_keil.o
    0x08000142   0x08000142   0x00000068   Code   RO        11798    .text               mc_w.l(uldiv.o)
    0x080001aa   0x080001aa   0x0000001e   Code   RO        11800    .text               mc_w.l(llshl.o)
    0x080001c8   0x080001c8   0x0000000c   Code   RO        11802    .text               mc_w.l(toupper.o)
    0x080001d4   0x080001d4   0x00000040   Code   RO        11806    .text               mc_w.l(memmovea.o)
    0x08000214   0x08000214   0x00000024   Code   RO        11808    .text               mc_w.l(memseta.o)
    0x08000238   0x08000238   0x00000024   Code   RO        11810    .text               mc_w.l(strstr.o)
    0x0800025c   0x0800025c   0x00000018   Code   RO        11812    .text               mc_w.l(strncpy.o)
    0x08000274   0x08000274   0x0000000e   Code   RO        11814    .text               mc_w.l(strlen.o)
    0x08000282   0x08000282   0x0000001c   Code   RO        11816    .text               mc_w.l(strcmp.o)
    0x0800029e   0x0800029e   0x0000001a   Code   RO        11818    .text               mc_w.l(memcmp.o)
    0x080002b8   0x080002b8   0x0000001e   Code   RO        11820    .text               mc_w.l(strncmp.o)
    0x080002d6   0x080002d6   0x00000002   PAD
    0x080002d8   0x080002d8   0x00000038   Code   RO        12087    .text               mc_w.l(__0sscanf.o)
    0x08000310   0x08000310   0x00000152   Code   RO        12089    .text               mc_w.l(_scanf_int.o)
    0x08000462   0x08000462   0x000000e6   Code   RO        12091    .text               mc_w.l(_scanf_str.o)
    0x08000548   0x08000548   0x000000ea   Code   RO        12093    .text               mf_w.l(dmul.o)
    0x08000632   0x08000632   0x000000de   Code   RO        12095    .text               mf_w.l(ddiv.o)
    0x08000710   0x08000710   0x00000022   Code   RO        12097    .text               mf_w.l(dflti.o)
    0x08000732   0x08000732   0x00000030   Code   RO        12103    .text               mf_w.l(dfixul.o)
    0x08000762   0x08000762   0x00000038   Code   RO        12105    .text               mf_w.l(d2f.o)
    0x0800079a   0x0800079a   0x0000002c   Code   RO        12122    .text               mc_w.l(uidiv.o)
    0x080007c6   0x080007c6   0x00000020   Code   RO        12124    .text               mc_w.l(llushr.o)
    0x080007e6   0x080007e6   0x0000001c   Code   RO        12126    .text               mc_w.l(_chval.o)
    0x08000802   0x08000802   0x00000002   PAD
    0x08000804   0x08000804   0x00000028   Code   RO        12128    .text               mc_w.l(scanf_char.o)
    0x0800082c   0x0800082c   0x00000040   Code   RO        12130    .text               mc_w.l(_sgetc.o)
    0x0800086c   0x0800086c   0x00000000   Code   RO        12132    .text               mc_w.l(iusefp.o)
    0x0800086c   0x0800086c   0x0000006e   Code   RO        12133    .text               mf_w.l(fepilogue.o)
    0x080008da   0x080008da   0x000000ba   Code   RO        12135    .text               mf_w.l(depilogue.o)
    0x08000994   0x08000994   0x0000015e   Code   RO        12137    .text               mf_w.l(dadd.o)
    0x08000af2   0x08000af2   0x00000002   PAD
    0x08000af4   0x08000af4   0x00000030   Code   RO        12139    .text               mf_w.l(cdrcmple.o)
    0x08000b24   0x08000b24   0x00000024   Code   RO        12141    .text               mc_w.l(init.o)
    0x08000b48   0x08000b48   0x00000024   Code   RO        12143    .text               mc_w.l(llsshr.o)
    0x08000b6c   0x08000b6c   0x0000000a   Code   RO        12145    .text               mc_w.l(isspace_c.o)
    0x08000b76   0x08000b76   0x00000002   PAD
    0x08000b78   0x08000b78   0x00000332   Code   RO        12147    .text               mc_w.l(_scanf.o)
    0x08000eaa   0x08000eaa   0x00000002   PAD
    0x08000eac   0x08000eac   0x00000028   Code   RO        12149    .text               mc_w.l(ctype_c.o)
    0x08000ed4   0x08000ed4   0x00000056   Code   RO        12160    .text               mc_w.l(__dczerorl2.o)
    0x08000f2a   0x08000f2a   0x00000002   PAD
    0x08000f2c   0x08000f2c   0x00000068   Code   RO         6809    i.Convert_BH1750    e53_ia1.o
    0x08000f94   0x08000f94   0x000000dc   Code   RO         6810    i.E53_IA1_Read_Data  e53_ia1.o
    0x08001070   0x08001070   0x00000046   Code   RO         5341    i.HAL_DMA_Abort     stm32l4xx_hal_dma.o
    0x080010b6   0x080010b6   0x00000020   Code   RO         4086    i.HAL_Delay         stm32l4xx_hal.o
    0x080010d6   0x080010d6   0x00000002   PAD
    0x080010d8   0x080010d8   0x00000208   Code   RO         5277    i.HAL_GPIO_Init     stm32l4xx_hal_gpio.o
    0x080012e0   0x080012e0   0x0000000a   Code   RO         5281    i.HAL_GPIO_WritePin  stm32l4xx_hal_gpio.o
    0x080012ea   0x080012ea   0x00000008   Code   RO          260    i.HAL_GetTick       sys_init.o
    0x080012f2   0x080012f2   0x0000006a   Code   RO         4749    i.HAL_I2CEx_ConfigAnalogFilter  stm32l4xx_hal_i2c_ex.o
    0x0800135c   0x0800135c   0x00000068   Code   RO         4750    i.HAL_I2CEx_ConfigDigitalFilter  stm32l4xx_hal_i2c_ex.o
    0x080013c4   0x080013c4   0x000000cc   Code   RO         4303    i.HAL_I2C_Init      stm32l4xx_hal_i2c.o
    0x08001490   0x08001490   0x00000164   Code   RO         4309    i.HAL_I2C_Master_Receive  stm32l4xx_hal_i2c.o
    0x080015f4   0x080015f4   0x00000160   Code   RO         4316    i.HAL_I2C_Master_Transmit  stm32l4xx_hal_i2c.o
    0x08001754   0x08001754   0x00000100   Code   RO          590    i.HAL_I2C_MspInit   i2c.o
    0x08001854   0x08001854   0x00000016   Code   RO         4095    i.HAL_Init          stm32l4xx_hal.o
    0x0800186a   0x0800186a   0x00000002   PAD
    0x0800186c   0x0800186c   0x00000028   Code   RO         4096    i.HAL_InitTick      stm32l4xx_hal.o
    0x08001894   0x08001894   0x00000002   Code   RO         4098    i.HAL_MspInit       stm32l4xx_hal.o
    0x08001896   0x08001896   0x00000020   Code   RO         5818    i.HAL_NVIC_EnableIRQ  stm32l4xx_hal_cortex.o
    0x080018b6   0x080018b6   0x00000082   Code   RO         5824    i.HAL_NVIC_SetPriority  stm32l4xx_hal_cortex.o
    0x08001938   0x08001938   0x00000028   Code   RO         5825    i.HAL_NVIC_SetPriorityGrouping  stm32l4xx_hal_cortex.o
    0x08001960   0x08001960   0x00000044   Code   RO         5826    i.HAL_NVIC_SystemReset  stm32l4xx_hal_cortex.o
    0x080019a4   0x080019a4   0x0000008c   Code   RO         5568    i.HAL_PWREx_ControlVoltageScaling  stm32l4xx_hal_pwr_ex.o
    0x08001a30   0x08001a30   0x00000010   Code   RO         5599    i.HAL_PWREx_GetVoltageRange  stm32l4xx_hal_pwr_ex.o
    0x08001a40   0x08001a40   0x00000014   Code   RO         5460    i.HAL_PWR_EnableBkUpAccess  stm32l4xx_hal_pwr.o
    0x08001a54   0x08001a54   0x0000009a   Code   RO         6382    i.HAL_QSPI_Abort    stm32l4xx_hal_qspi.o
    0x08001aee   0x08001aee   0x000000a4   Code   RO         6388    i.HAL_QSPI_Command  stm32l4xx_hal_qspi.o
    0x08001b92   0x08001b92   0x00000002   PAD
    0x08001b94   0x08001b94   0x000000c8   Code   RO         6397    i.HAL_QSPI_Init     stm32l4xx_hal_qspi.o
    0x08001c5c   0x08001c5c   0x00000058   Code   RO         6702    i.HAL_QSPI_MspInit  hal_qspi_flash.o
    0x08001cb4   0x08001cb4   0x000000f2   Code   RO         6401    i.HAL_QSPI_Receive  stm32l4xx_hal_qspi.o
    0x08001da6   0x08001da6   0x00000004   Code   RO         6407    i.HAL_QSPI_SetTimeout  stm32l4xx_hal_qspi.o
    0x08001daa   0x08001daa   0x000000dc   Code   RO         6410    i.HAL_QSPI_Transmit  stm32l4xx_hal_qspi.o
    0x08001e86   0x08001e86   0x00000002   PAD
    0x08001e88   0x08001e88   0x000004d4   Code   RO         4919    i.HAL_RCCEx_PeriphCLKConfig  stm32l4xx_hal_rcc_ex.o
    0x0800235c   0x0800235c   0x0000016c   Code   RO         4804    i.HAL_RCC_ClockConfig  stm32l4xx_hal_rcc.o
    0x080024c8   0x080024c8   0x0000000c   Code   RO         4808    i.HAL_RCC_GetHCLKFreq  stm32l4xx_hal_rcc.o
    0x080024d4   0x080024d4   0x00000020   Code   RO         4810    i.HAL_RCC_GetPCLK1Freq  stm32l4xx_hal_rcc.o
    0x080024f4   0x080024f4   0x00000020   Code   RO         4811    i.HAL_RCC_GetPCLK2Freq  stm32l4xx_hal_rcc.o
    0x08002514   0x08002514   0x0000010c   Code   RO         4812    i.HAL_RCC_GetSysClockFreq  stm32l4xx_hal_rcc.o
    0x08002620   0x08002620   0x00000628   Code   RO         4815    i.HAL_RCC_OscConfig  stm32l4xx_hal_rcc.o
    0x08002c48   0x08002c48   0x00000034   Code   RO         5829    i.HAL_SYSTICK_Config  stm32l4xx_hal_cortex.o
    0x08002c7c   0x08002c7c   0x00000078   Code   RO         3673    i.HAL_UART_Init     stm32l4xx_hal_uart.o
    0x08002cf4   0x08002cf4   0x00000170   Code   RO          524    i.HAL_UART_MspInit  usart.o
    0x08002e64   0x08002e64   0x000000c8   Code   RO         3681    i.HAL_UART_Transmit  stm32l4xx_hal_uart.o
    0x08002f2c   0x08002f2c   0x00000020   Code   RO          459    i.HardWare_Init     main.o
    0x08002f4c   0x08002f4c   0x00000064   Code   RO        10865    i.HexStrToByte      sota_hal.o
    0x08002fb0   0x08002fb0   0x00000060   Code   RO          896    i.HexStrToStr       bc95.o
    0x08003010   0x08003010   0x00000028   Code   RO         4350    i.I2C_Flush_TXDR    stm32l4xx_hal_i2c.o
    0x08003038   0x08003038   0x00000098   Code   RO         4358    i.I2C_IsAcknowledgeFailed  stm32l4xx_hal_i2c.o
    0x080030d0   0x080030d0   0x00000034   Code   RO         4365    i.I2C_TransferConfig  stm32l4xx_hal_i2c.o
    0x08003104   0x08003104   0x0000005e   Code   RO         4366    i.I2C_WaitOnFlagUntilTimeout  stm32l4xx_hal_i2c.o
    0x08003162   0x08003162   0x00000002   PAD
    0x08003164   0x08003164   0x000000a0   Code   RO         4367    i.I2C_WaitOnRXNEFlagUntilTimeout  stm32l4xx_hal_i2c.o
    0x08003204   0x08003204   0x00000056   Code   RO         4368    i.I2C_WaitOnSTOPFlagUntilTimeout  stm32l4xx_hal_i2c.o
    0x0800325a   0x0800325a   0x0000005a   Code   RO         4369    i.I2C_WaitOnTXISFlagUntilTimeout  stm32l4xx_hal_i2c.o
    0x080032b4   0x080032b4   0x0000001c   Code   RO         6811    i.Init_BH1750       e53_ia1.o
    0x080032d0   0x080032d0   0x00000018   Code   RO         6812    i.Init_E53_IA1      e53_ia1.o
    0x080032e8   0x080032e8   0x0000004c   Code   RO         6813    i.Init_Light        e53_ia1.o
    0x08003334   0x08003334   0x00000050   Code   RO         6814    i.Init_Motor        e53_ia1.o
    0x08003384   0x08003384   0x00000024   Code   RO         6815    i.Init_SHT30        e53_ia1.o
    0x080033a8   0x080033a8   0x0000001c   Code   RO         3296    i.LOS_Align         los_misc.o
    0x080033c4   0x080033c4   0x00000044   Code   RO         3326    i.LOS_ErrHandle     los_err.o
    0x08003408   0x08003408   0x000000c4   Code   RO         3540    i.LOS_HwiCreate     los_hwi.o
    0x080034cc   0x080034cc   0x0000011c   Code   RO         3359    i.LOS_KernelInit    los_init.o
    0x080035e8   0x080035e8   0x0000000e   Code   RO         2104    i.LOS_ListAdd       los_task.o
    0x080035f6   0x080035f6   0x0000000e   Code   RO         2554    i.LOS_ListAdd       los_mux.o
    0x08003604   0x08003604   0x0000000e   Code   RO         2643    i.LOS_ListAdd       los_queue.o
    0x08003612   0x08003612   0x0000000e   Code   RO         2776    i.LOS_ListAdd       los_sem.o
    0x08003620   0x08003620   0x00000014   Code   RO         2105    i.LOS_ListDelete    los_task.o
    0x08003634   0x08003634   0x00000010   Code   RO         1837    i.LOS_ListEmpty     los_priqueue.o
    0x08003644   0x08003644   0x00000010   Code   RO         2106    i.LOS_ListEmpty     los_task.o
    0x08003654   0x08003654   0x00000010   Code   RO         2555    i.LOS_ListEmpty     los_mux.o
    0x08003664   0x08003664   0x00000010   Code   RO         2644    i.LOS_ListEmpty     los_queue.o
    0x08003674   0x08003674   0x00000010   Code   RO         2777    i.LOS_ListEmpty     los_sem.o
    0x08003684   0x08003684   0x00000006   Code   RO         2107    i.LOS_ListInit      los_task.o
    0x0800368a   0x0800368a   0x00000006   Code   RO         2556    i.LOS_ListInit      los_mux.o
    0x08003690   0x08003690   0x00000006   Code   RO         2645    i.LOS_ListInit      los_queue.o
    0x08003696   0x08003696   0x00000006   Code   RO         2778    i.LOS_ListInit      los_sem.o
    0x0800369c   0x0800369c   0x00000010   Code   RO         2108    i.LOS_ListTailInsert  los_task.o
    0x080036ac   0x080036ac   0x0000002a   Code   RO         2933    i.LOS_MemAlloc      los_memory.o
    0x080036d6   0x080036d6   0x00000014   Code   RO         2934    i.LOS_MemAllocAlign  los_memory.o
    0x080036ea   0x080036ea   0x00000034   Code   RO         2936    i.LOS_MemFree       los_memory.o
    0x0800371e   0x0800371e   0x00000002   PAD
    0x08003720   0x08003720   0x00000112   Code   RO         2938    i.LOS_MemInit       los_memory.o
    0x08003832   0x08003832   0x00000002   PAD
    0x08003834   0x08003834   0x000000a4   Code   RO         2557    i.LOS_MuxCreate     los_mux.o
    0x080038d8   0x080038d8   0x000000a8   Code   RO         2558    i.LOS_MuxDelete     los_mux.o
    0x08003980   0x08003980   0x0000018c   Code   RO         2559    i.LOS_MuxPend       los_mux.o
    0x08003b0c   0x08003b0c   0x000000f0   Code   RO         2560    i.LOS_MuxPost       los_mux.o
    0x08003bfc   0x08003bfc   0x000000e6   Code   RO         2646    i.LOS_QueueCreate   los_queue.o
    0x08003ce2   0x08003ce2   0x00000002   PAD
    0x08003ce4   0x08003ce4   0x000000b8   Code   RO         2647    i.LOS_QueueDelete   los_queue.o
    0x08003d9c   0x08003d9c   0x00000036   Code   RO         2650    i.LOS_QueueReadCopy  los_queue.o
    0x08003dd2   0x08003dd2   0x00000036   Code   RO         2652    i.LOS_QueueWriteCopy  los_queue.o
    0x08003e08   0x08003e08   0x00000040   Code   RO         3446    i.LOS_Schedule      los_hw.o
    0x08003e48   0x08003e48   0x00000014   Code   RO         2779    i.LOS_SemCreate     los_sem.o
    0x08003e5c   0x08003e5c   0x000000a0   Code   RO         2780    i.LOS_SemDelete     los_sem.o
    0x08003efc   0x08003efc   0x0000017c   Code   RO         2781    i.LOS_SemPend       los_sem.o
    0x08004078   0x08004078   0x000000bc   Code   RO         2782    i.LOS_SemPost       los_sem.o
    0x08004134   0x08004134   0x00000044   Code   RO         3361    i.LOS_Start         los_init.o
    0x08004178   0x08004178   0x000000c2   Code   RO         1919    i.LOS_SwtmrCreate   los_swtmr.o
    0x0800423a   0x0800423a   0x00000002   PAD
    0x0800423c   0x0800423c   0x00000138   Code   RO         1921    i.LOS_SwtmrStart    los_swtmr.o
    0x08004374   0x08004374   0x00000084   Code   RO         1922    i.LOS_SwtmrStop     los_swtmr.o
    0x080043f8   0x080043f8   0x0000009c   Code   RO         2111    i.LOS_TaskCreate    los_task.o
    0x08004494   0x08004494   0x00000186   Code   RO         2112    i.LOS_TaskCreateOnly  los_task.o
    0x0800461a   0x0800461a   0x00000002   PAD
    0x0800461c   0x0800461c   0x0000007c   Code   RO         2113    i.LOS_TaskDelay     los_task.o
    0x08004698   0x08004698   0x00000178   Code   RO         2114    i.LOS_TaskDelete    los_task.o
    0x08004810   0x08004810   0x0000004c   Code   RO         2119    i.LOS_TaskNameGet   los_task.o
    0x0800485c   0x0800485c   0x00000094   Code   RO         2127    i.LOS_TaskYield     los_task.o
    0x080048f0   0x080048f0   0x0000000c   Code   RO         2047    i.LOS_TickCountGet  los_sys.o
    0x080048fc   0x080048fc   0x000000a0   Code   RO          499    i.MX_GPIO_Init      gpio.o
    0x0800499c   0x0800499c   0x00000074   Code   RO          591    i.MX_I2C1_Init      i2c.o
    0x08004a10   0x08004a10   0x00000054   Code   RO          526    i.MX_USART1_UART_Init  usart.o
    0x08004a64   0x08004a64   0x0000001c   Code   RO        10327    i.OC_cmd_match      nb_cmd_ioctl.o
    0x08004a80   0x08004a80   0x000001e8   Code   RO         6415    i.QSPI_Config       stm32l4xx_hal_qspi.o
    0x08004c68   0x08004c68   0x00000028   Code   RO         6703    i.QSPI_Receive      hal_qspi_flash.o
    0x08004c90   0x08004c90   0x0000004c   Code   RO         6704    i.QSPI_Send_CMD     hal_qspi_flash.o
    0x08004cdc   0x08004cdc   0x00000028   Code   RO         6705    i.QSPI_Transmit     hal_qspi_flash.o
    0x08004d04   0x08004d04   0x0000004c   Code   RO         6422    i.QSPI_WaitFlagStateUntilTimeout  stm32l4xx_hal_qspi.o
    0x08004d50   0x08004d50   0x0000018c   Code   RO         4922    i.RCCEx_PLLSAI1_Config  stm32l4xx_hal_rcc_ex.o
    0x08004edc   0x08004edc   0x00000164   Code   RO         4923    i.RCCEx_PLLSAI2_Config  stm32l4xx_hal_rcc_ex.o
    0x08005040   0x08005040   0x000000a0   Code   RO         4816    i.RCC_SetFlashLatencyFromMSIRange  stm32l4xx_hal_rcc.o
    0x080050e0   0x080050e0   0x00000038   Code   RO         6817    i.SHT3x_CalcRH      e53_ia1.o
    0x08005118   0x08005118   0x00000044   Code   RO         6818    i.SHT3x_CalcTemperatureC  e53_ia1.o
    0x0800515c   0x0800515c   0x00000048   Code   RO         6819    i.SHT3x_CheckCrc    e53_ia1.o
    0x080051a4   0x080051a4   0x0000001c   Code   RO         6820    i.Start_BH1750      e53_ia1.o
    0x080051c0   0x080051c0   0x00000100   Code   RO          261    i.SystemClock_Config  sys_init.o
    0x080052c0   0x080052c0   0x00000054   Code   RO           12    i.SystemInit        system_stm32l4xx.o
    0x08005314   0x08005314   0x000000f8   Code   RO         3686    i.UART_AdvFeatureConfig  stm32l4xx_hal_uart.o
    0x0800540c   0x0800540c   0x00000074   Code   RO         3687    i.UART_CheckIdleState  stm32l4xx_hal_uart.o
    0x08005480   0x08005480   0x00000492   Code   RO         3703    i.UART_SetConfig    stm32l4xx_hal_uart.o
    0x08005912   0x08005912   0x0000006c   Code   RO         3706    i.UART_WaitOnFlagUntilTimeout  stm32l4xx_hal_uart.o
    0x0800597e   0x0800597e   0x00000004   Code   RO          262    i._Error_Handler    sys_init.o
    0x08005982   0x08005982   0x00000002   PAD
    0x08005984   0x08005984   0x00000020   Code   RO        12059    i.__0printf         mc_w.l(printfa.o)
    0x080059a4   0x080059a4   0x00000030   Code   RO        12060    i.__0snprintf       mc_w.l(printfa.o)
    0x080059d4   0x080059d4   0x00000028   Code   RO        12061    i.__0sprintf        mc_w.l(printfa.o)
    0x080059fc   0x080059fc   0x0000002c   Code   RO        12064    i.__0vsnprintf      mc_w.l(printfa.o)
    0x08005a28   0x08005a28   0x00000010   Code   RO         5831    i.__NVIC_GetPriorityGrouping  stm32l4xx_hal_cortex.o
    0x08005a38   0x08005a38   0x00000028   Code   RO         5832    i.__NVIC_SetPriority  stm32l4xx_hal_cortex.o
    0x08005a60   0x08005a60   0x0000000e   Code   RO        12154    i.__scatterload_copy  mc_w.l(handlers.o)
    0x08005a6e   0x08005a6e   0x00000002   Code   RO        12155    i.__scatterload_null  mc_w.l(handlers.o)
    0x08005a70   0x08005a70   0x0000000e   Code   RO        12156    i.__scatterload_zeroinit  mc_w.l(handlers.o)
    0x08005a7e   0x08005a7e   0x00000002   PAD
    0x08005a80   0x08005a80   0x0000018a   Code   RO        12066    i._fp_digits        mc_w.l(printfa.o)
    0x08005c0a   0x08005c0a   0x00000002   PAD
    0x08005c0c   0x08005c0c   0x000006e2   Code   RO        12067    i._printf_core      mc_w.l(printfa.o)
    0x080062ee   0x080062ee   0x00000024   Code   RO        12068    i._printf_post_padding  mc_w.l(printfa.o)
    0x08006312   0x08006312   0x0000002e   Code   RO        12069    i._printf_pre_padding  mc_w.l(printfa.o)
    0x08006340   0x08006340   0x00000016   Code   RO        12070    i._snputc           mc_w.l(printfa.o)
    0x08006356   0x08006356   0x0000000a   Code   RO        12071    i._sputc            mc_w.l(printfa.o)
    0x08006360   0x08006360   0x0000003a   Code   RO        10420    i.at_cmd            at_main.o
    0x0800639a   0x0800639a   0x00000002   PAD
    0x0800639c   0x0800639c   0x000000ee   Code   RO        10421    i.at_cmd_in_callback  at_main.o
    0x0800648a   0x0800648a   0x00000002   PAD
    0x0800648c   0x0800648c   0x00000120   Code   RO        10422    i.at_cmd_multi_suffix  at_main.o
    0x080065ac   0x080065ac   0x000000d4   Code   RO        10423    i.at_deinit         at_main.o
    0x08006680   0x08006680   0x00000014   Code   RO        10424    i.at_free           at_main.o
    0x08006694   0x08006694   0x00000008   Code   RO        10425    i.at_get_config     at_main.o
    0x0800669c   0x0800669c   0x00000068   Code   RO        10426    i.at_get_queue_wait_time  at_main.o
    0x08006704   0x08006704   0x00000016   Code   RO        10427    i.at_get_time       at_main.o
    0x0800671a   0x0800671a   0x00000002   PAD
    0x0800671c   0x0800671c   0x00000048   Code   RO        10428    i.at_get_unuse_linkid  at_main.o
    0x08006764   0x08006764   0x0000002e   Code   RO        10429    i.at_handle_callback_cmd_resp  at_main.o
    0x08006792   0x08006792   0x00000002   PAD
    0x08006794   0x08006794   0x00000088   Code   RO        10430    i.at_handle_resp    at_main.o
    0x0800681c   0x0800681c   0x000001ec   Code   RO        10431    i.at_init           at_main.o
    0x08006a08   0x08006a08   0x0000001c   Code   RO        10432    i.at_init_oob       at_main.o
    0x08006a24   0x08006a24   0x000000b4   Code   RO          376    i.at_irq_handler    at_hal.o
    0x08006ad8   0x08006ad8   0x00000028   Code   RO        10433    i.at_listener_list_add  at_main.o
    0x08006b00   0x08006b00   0x00000034   Code   RO        10434    i.at_listner_list_del  at_main.o
    0x08006b34   0x08006b34   0x0000001e   Code   RO        10435    i.at_listner_list_destroy  at_main.o
    0x08006b52   0x08006b52   0x00000002   PAD
    0x08006b54   0x08006b54   0x00000024   Code   RO        10436    i.at_malloc         at_main.o
    0x08006b78   0x08006b78   0x00000064   Code   RO        10437    i.at_oob_register   at_main.o
    0x08006bdc   0x08006bdc   0x000001b4   Code   RO        10438    i.at_recv_task      at_main.o
    0x08006d90   0x08006d90   0x00000004   Code   RO        10439    i.at_reg_step_callback  at_main.o
    0x08006d94   0x08006d94   0x00000030   Code   RO        10440    i.at_rm_node        at_main.o
    0x08006dc4   0x08006dc4   0x0000007c   Code   RO        10441    i.at_rm_timeout_nodes  at_main.o
    0x08006e40   0x08006e40   0x00000018   Code   RO        10442    i.at_set_config     at_main.o
    0x08006e58   0x08006e58   0x000001b4   Code   RO        10443    i.at_struct_deinit  at_main.o
    0x0800700c   0x0800700c   0x000003c4   Code   RO        10444    i.at_struct_init    at_main.o
    0x080073d0   0x080073d0   0x00000048   Code   RO          377    i.at_transmit       at_hal.o
    0x08007418   0x08007418   0x00000068   Code   RO          378    i.at_usart_adapter  at_hal.o
    0x08007480   0x08007480   0x0000002c   Code   RO          379    i.at_usart_deinit   at_hal.o
    0x080074ac   0x080074ac   0x0000008c   Code   RO          380    i.at_usart_init     at_hal.o
    0x08007538   0x08007538   0x000000f8   Code   RO        10445    i.at_write          at_main.o
    0x08007630   0x08007630   0x00000014   Code   RO        10071    i.atiny_free        atiny_osdep.o
    0x08007644   0x08007644   0x0000001a   Code   RO        10072    i.atiny_gettime_ms  atiny_osdep.o
    0x0800765e   0x0800765e   0x00000002   PAD
    0x08007660   0x08007660   0x00000014   Code   RO        10073    i.atiny_malloc      atiny_osdep.o
    0x08007674   0x08007674   0x00000008   Code   RO          264    i.atiny_reboot      sys_init.o
    0x0800767c   0x0800767c   0x00000008   Code   RO          697    i.atiny_task_entry  user_task.o
    0x08007684   0x08007684   0x00000038   Code   RO        10892    i.calc_crc32        ota_crc.o
    0x080076bc   0x080076bc   0x00000010   Code   RO        11449    i.calloc            malloc.o
    0x080076cc   0x080076cc   0x00000024   Code   RO        10446    i.chartoint         at_main.o
    0x080076f0   0x080076f0   0x00000024   Code   RO        10760    i.chartoint         sota.o
    0x08007714   0x08007714   0x00000088   Code   RO        10447    i.cloud_cmd_matching  at_main.o
    0x0800779c   0x0800779c   0x00000014   Code   RO        10866    i.crc_check         sota_hal.o
    0x080077b0   0x080077b0   0x00000048   Code   RO          698    i.creat_agenttiny_task  user_task.o
    0x080077f8   0x080077f8   0x0000004c   Code   RO        10254    i.creat_data_collection_task  nb_demo.o
    0x08007844   0x08007844   0x00000048   Code   RO        10255    i.creat_data_report_task  nb_demo.o
    0x0800788c   0x0800788c   0x00000044   Code   RO        10256    i.creat_nb_reply_task  nb_demo.o
    0x080078d0   0x080078d0   0x00000048   Code   RO        10448    i.create_at_recv_task  at_main.o
    0x08007918   0x08007918   0x00000014   Code   RO          699    i.create_work_tasks  user_task.o
    0x0800792c   0x0800792c   0x00000140   Code   RO        10257    i.data_collection_task  nb_demo.o
    0x08007a6c   0x08007a6c   0x00000058   Code   RO        10258    i.data_report_task  nb_demo.o
    0x08007ac4   0x08007ac4   0x00000168   Code   RO        10259    i.demo_nbiot_only   nb_demo.o
    0x08007c2c   0x08007c2c   0x0000002c   Code   RO        10867    i.do_crc            sota_hal.o
    0x08007c58   0x08007c58   0x0000002c   Code   RO          217    i.dwt_delay_init    dwt.o
    0x08007c84   0x08007c84   0x00000034   Code   RO        11642    i.flag_enable_hwpatch  hwpatch.lib(recover_image.o)
    0x08007cb8   0x08007cb8   0x00000024   Code   RO        10670    i.flag_init         flag_manager.o
    0x08007cdc   0x08007cdc   0x0000005c   Code   RO        10671    i.flag_read         flag_manager.o
    0x08007d38   0x08007d38   0x0000001c   Code   RO        10698    i.flag_set_info     upgrade_flag.o
    0x08007d54   0x08007d54   0x00000018   Code   RO        10699    i.flag_set_recover_verify  upgrade_flag.o
    0x08007d6c   0x08007d6c   0x00000030   Code   RO        10700    i.flag_upgrade_get_result  upgrade_flag.o
    0x08007d9c   0x08007d9c   0x00000048   Code   RO        10701    i.flag_upgrade_init  upgrade_flag.o
    0x08007de4   0x08007de4   0x00000068   Code   RO        10672    i.flag_write        flag_manager.o
    0x08007e4c   0x08007e4c   0x00000008   Code   RO          759    i.flash_adaptor_init  flash_adaptor.o
    0x08007e54   0x08007e54   0x000001fe   Code   RO          761    i.flash_adaptor_write  flash_adaptor.o
    0x08008052   0x08008052   0x00000002   PAD
    0x08008054   0x08008054   0x0000001c   Code   RO          529    i.fputc             usart.o
    0x08008070   0x08008070   0x00000018   Code   RO        11450    i.free              malloc.o
    0x08008088   0x08008088   0x0000001c   Code   RO        10761    i.func_flag_read    sota.o
    0x080080a4   0x080080a4   0x0000001c   Code   RO        10762    i.func_flag_write   sota.o
    0x080080c0   0x080080c0   0x000000a0   Code   RO          817    i.hal_check_flash_param  ota_port.o
    0x08008160   0x08008160   0x00000058   Code   RO          818    i.hal_get_ota_opt   ota_port.o
    0x080081b8   0x080081b8   0x00000008   Code   RO          819    i.hal_init_ota      ota_port.o
    0x080081c0   0x080081c0   0x00000084   Code   RO          820    i.hal_read_flash    ota_port.o
    0x08008244   0x08008244   0x00000070   Code   RO         6706    i.hal_spi_flash_config  hal_qspi_flash.o
    0x080082b4   0x080082b4   0x00000050   Code   RO         6707    i.hal_spi_flash_erase  hal_qspi_flash.o
    0x08008304   0x08008304   0x0000002e   Code   RO         6708    i.hal_spi_flash_erase_write  hal_qspi_flash.o
    0x08008332   0x08008332   0x0000005a   Code   RO         6710    i.hal_spi_flash_read  hal_qspi_flash.o
    0x0800838c   0x0800838c   0x000001d8   Code   RO         6711    i.hal_spi_flash_write  hal_qspi_flash.o
    0x08008564   0x08008564   0x0000005c   Code   RO          821    i.hal_write_flash   ota_port.o
    0x080085c0   0x080085c0   0x00000020   Code   RO        10906    i.local_calloc      package.o
    0x080085e0   0x080085e0   0x000000b4   Code   RO        10630    i.los_nb_init       los_nb_api.o
    0x08008694   0x08008694   0x00000034   Code   RO        10631    i.los_nb_notify     los_nb_api.o
    0x080086c8   0x080086c8   0x0000001c   Code   RO        10632    i.los_nb_report     los_nb_api.o
    0x080086e4   0x080086e4   0x00000028   Code   RO          460    i.main              main.o
    0x0800870c   0x0800870c   0x00000020   Code   RO        11451    i.malloc            malloc.o
    0x0800872c   0x0800872c   0x0000001e   Code   RO         7126    i.mbedtls_clz       bignum.o
    0x0800874a   0x0800874a   0x0000006e   Code   RO         7127    i.mbedtls_int_div_int  bignum.o
    0x080087b8   0x080087b8   0x00000024   Code   RO         8037    i.mbedtls_md_finish  md.o
    0x080087dc   0x080087dc   0x00000040   Code   RO         8038    i.mbedtls_md_free   md.o
    0x0800881c   0x0800881c   0x0000000c   Code   RO         8040    i.mbedtls_md_get_size  md.o
    0x08008828   0x08008828   0x00000020   Code   RO         8048    i.mbedtls_md_info_from_type  md.o
    0x08008848   0x08008848   0x0000000a   Code   RO         8049    i.mbedtls_md_init   md.o
    0x08008852   0x08008852   0x00000002   PAD
    0x08008854   0x08008854   0x0000004c   Code   RO         8053    i.mbedtls_md_setup  md.o
    0x080088a0   0x080088a0   0x00000020   Code   RO         8054    i.mbedtls_md_starts  md.o
    0x080088c0   0x080088c0   0x00000028   Code   RO         8055    i.mbedtls_md_update  md.o
    0x080088e8   0x080088e8   0x000000f8   Code   RO         7128    i.mbedtls_mpi_add_abs  bignum.o
    0x080089e0   0x080089e0   0x00000038   Code   RO         7129    i.mbedtls_mpi_add_int  bignum.o
    0x08008a18   0x08008a18   0x00000078   Code   RO         7130    i.mbedtls_mpi_add_mpi  bignum.o
    0x08008a90   0x08008a90   0x00000038   Code   RO         7131    i.mbedtls_mpi_bitlen  bignum.o
    0x08008ac8   0x08008ac8   0x0000008a   Code   RO         7132    i.mbedtls_mpi_cmp_abs  bignum.o
    0x08008b52   0x08008b52   0x00000034   Code   RO         7133    i.mbedtls_mpi_cmp_int  bignum.o
    0x08008b86   0x08008b86   0x000000ac   Code   RO         7134    i.mbedtls_mpi_cmp_mpi  bignum.o
    0x08008c32   0x08008c32   0x0000006a   Code   RO         7135    i.mbedtls_mpi_copy  bignum.o
    0x08008c9c   0x08008c9c   0x000003da   Code   RO         7137    i.mbedtls_mpi_div_mpi  bignum.o
    0x08009076   0x08009076   0x0000056a   Code   RO         7138    i.mbedtls_mpi_exp_mod  bignum.o
    0x080095e0   0x080095e0   0x00000052   Code   RO         7139    i.mbedtls_mpi_fill_random  bignum.o
    0x08009632   0x08009632   0x00000002   PAD
    0x08009634   0x08009634   0x00000030   Code   RO         7140    i.mbedtls_mpi_free  bignum.o
    0x08009664   0x08009664   0x0000015c   Code   RO         7141    i.mbedtls_mpi_gcd   bignum.o
    0x080097c0   0x080097c0   0x00000060   Code   RO         7143    i.mbedtls_mpi_grow  bignum.o
    0x08009820   0x08009820   0x00000012   Code   RO         7144    i.mbedtls_mpi_init  bignum.o
    0x08009832   0x08009832   0x00000330   Code   RO         7145    i.mbedtls_mpi_inv_mod  bignum.o
    0x08009b62   0x08009b62   0x00000034   Code   RO         7146    i.mbedtls_mpi_lsb   bignum.o
    0x08009b96   0x08009b96   0x00000044   Code   RO         7147    i.mbedtls_mpi_lset  bignum.o
    0x08009bda   0x08009bda   0x0000007e   Code   RO         7149    i.mbedtls_mpi_mod_mpi  bignum.o
    0x08009c58   0x08009c58   0x00000022   Code   RO         7150    i.mbedtls_mpi_mul_int  bignum.o
    0x08009c7a   0x08009c7a   0x000000ee   Code   RO         7151    i.mbedtls_mpi_mul_mpi  bignum.o
    0x08009d68   0x08009d68   0x00000090   Code   RO         7152    i.mbedtls_mpi_read_binary  bignum.o
    0x08009df8   0x08009df8   0x0000017c   Code   RO         7153    i.mbedtls_mpi_read_string  bignum.o
    0x08009f74   0x08009f74   0x000000c8   Code   RO         7157    i.mbedtls_mpi_shift_l  bignum.o
    0x0800a03c   0x0800a03c   0x000000a6   Code   RO         7158    i.mbedtls_mpi_shift_r  bignum.o
    0x0800a0e2   0x0800a0e2   0x00000010   Code   RO         7160    i.mbedtls_mpi_size  bignum.o
    0x0800a0f2   0x0800a0f2   0x00000092   Code   RO         7161    i.mbedtls_mpi_sub_abs  bignum.o
    0x0800a184   0x0800a184   0x00000038   Code   RO         7162    i.mbedtls_mpi_sub_int  bignum.o
    0x0800a1bc   0x0800a1bc   0x00000078   Code   RO         7163    i.mbedtls_mpi_sub_mpi  bignum.o
    0x0800a234   0x0800a234   0x00000050   Code   RO         7165    i.mbedtls_mpi_write_binary  bignum.o
    0x0800a284   0x0800a284   0x00000014   Code   RO         7167    i.mbedtls_mpi_zeroize  bignum.o
    0x0800a298   0x0800a298   0x00000018   Code   RO         8432    i.mbedtls_platform_set_calloc_free  platform.o
    0x0800a2b0   0x0800a2b0   0x00000070   Code   RO         8482    i.mbedtls_rsa_check_pubkey  rsa.o
    0x0800a320   0x0800a320   0x0000006e   Code   RO         8484    i.mbedtls_rsa_free  rsa.o
    0x0800a38e   0x0800a38e   0x0000001c   Code   RO         8485    i.mbedtls_rsa_init  rsa.o
    0x0800a3aa   0x0800a3aa   0x00000002   PAD
    0x0800a3ac   0x0800a3ac   0x00000042   Code   RO         8489    i.mbedtls_rsa_pkcs1_verify  rsa.o
    0x0800a3ee   0x0800a3ee   0x00000002   PAD
    0x0800a3f0   0x0800a3f0   0x000002ba   Code   RO         8490    i.mbedtls_rsa_private  rsa.o
    0x0800a6aa   0x0800a6aa   0x00000086   Code   RO         8491    i.mbedtls_rsa_public  rsa.o
    0x0800a730   0x0800a730   0x00000046   Code   RO         8495    i.mbedtls_rsa_rsassa_pss_verify  rsa.o
    0x0800a776   0x0800a776   0x00000002   PAD
    0x0800a778   0x0800a778   0x0000020a   Code   RO         8496    i.mbedtls_rsa_rsassa_pss_verify_ext  rsa.o
    0x0800a982   0x0800a982   0x0000000a   Code   RO         8497    i.mbedtls_rsa_set_padding  rsa.o
    0x0800a98c   0x0800a98c   0x00000036   Code   RO         8624    i.mbedtls_sha256    sha256.o
    0x0800a9c2   0x0800a9c2   0x00000012   Code   RO         8625    i.mbedtls_sha256_clone  sha256.o
    0x0800a9d4   0x0800a9d4   0x0000016a   Code   RO         8626    i.mbedtls_sha256_finish  sha256.o
    0x0800ab3e   0x0800ab3e   0x00000014   Code   RO         8627    i.mbedtls_sha256_free  sha256.o
    0x0800ab52   0x0800ab52   0x0000000e   Code   RO         8628    i.mbedtls_sha256_init  sha256.o
    0x0800ab60   0x0800ab60   0x00000dd0   Code   RO         8629    i.mbedtls_sha256_process  sha256.o
    0x0800b930   0x0800b930   0x00000090   Code   RO         8630    i.mbedtls_sha256_starts  sha256.o
    0x0800b9c0   0x0800b9c0   0x0000007c   Code   RO         8631    i.mbedtls_sha256_update  sha256.o
    0x0800ba3c   0x0800ba3c   0x00000016   Code   RO         8056    i.mbedtls_zeroize   md.o
    0x0800ba52   0x0800ba52   0x00000016   Code   RO         8498    i.mbedtls_zeroize   rsa.o
    0x0800ba68   0x0800ba68   0x00000016   Code   RO         8632    i.mbedtls_zeroize   sha256.o
    0x0800ba7e   0x0800ba7e   0x00000090   Code   RO         8499    i.mgf_mask          rsa.o
    0x0800bb0e   0x0800bb0e   0x00000040   Code   RO         7168    i.mpi_get_digit     bignum.o
    0x0800bb4e   0x0800bb4e   0x00000032   Code   RO         7169    i.mpi_montg_init    bignum.o
    0x0800bb80   0x0800bb80   0x000000d2   Code   RO         7170    i.mpi_montmul       bignum.o
    0x0800bc52   0x0800bc52   0x0000002c   Code   RO         7171    i.mpi_montred       bignum.o
    0x0800bc7e   0x0800bc7e   0x00000630   Code   RO         7172    i.mpi_mul_hlp       bignum.o
    0x0800c2ae   0x0800c2ae   0x00000064   Code   RO         7173    i.mpi_sub_hlp       bignum.o
    0x0800c312   0x0800c312   0x00000002   PAD
    0x0800c314   0x0800c314   0x000000bc   Code   RO          897    i.nb_alloc_sock     bc95.o
    0x0800c3d0   0x0800c3d0   0x00000044   Code   RO          898    i.nb_bind           bc95.o
    0x0800c414   0x0800c414   0x00000034   Code   RO          899    i.nb_check_csq      bc95.o
    0x0800c448   0x0800c448   0x0000013c   Code   RO          900    i.nb_close          bc95.o
    0x0800c584   0x0800c584   0x00000050   Code   RO          901    i.nb_close_sock     bc95.o
    0x0800c5d4   0x0800c5d4   0x00000244   Code   RO        10328    i.nb_cmd_data_ioctl  nb_cmd_ioctl.o
    0x0800c818   0x0800c818   0x00000050   Code   RO          903    i.nb_cmd_rcv_data   bc95.o
    0x0800c868   0x0800c868   0x000000a4   Code   RO          904    i.nb_cmd_with_2_suffix  bc95.o
    0x0800c90c   0x0800c90c   0x0000011c   Code   RO          905    i.nb_connect        bc95.o
    0x0800ca28   0x0800ca28   0x0000016c   Code   RO          906    i.nb_create_sock    bc95.o
    0x0800cb94   0x0800cb94   0x00000168   Code   RO          907    i.nb_create_sock_link  bc95.o
    0x0800ccfc   0x0800ccfc   0x00000222   Code   RO          908    i.nb_decompose_str  bc95.o
    0x0800cf1e   0x0800cf1e   0x00000002   PAD
    0x0800cf20   0x0800cf20   0x00000030   Code   RO          909    i.nb_deinit         bc95.o
    0x0800cf50   0x0800cf50   0x00000038   Code   RO          910    i.nb_get_netstat    bc95.o
    0x0800cf88   0x0800cf88   0x00000058   Code   RO          912    i.nb_handle_sock_data  bc95.o
    0x0800cfe0   0x0800cfe0   0x00000030   Code   RO          913    i.nb_hw_detect      bc95.o
    0x0800d010   0x0800d010   0x00000048   Code   RO          914    i.nb_init           bc95.o
    0x0800d058   0x0800d058   0x00000038   Code   RO        10260    i.nb_iot_entry      nb_demo.o
    0x0800d090   0x0800d090   0x00000038   Code   RO          915    i.nb_is_addr_valid  bc95.o
    0x0800d0c8   0x0800d0c8   0x0000003c   Code   RO          916    i.nb_query_ip       bc95.o
    0x0800d104   0x0800d104   0x00000028   Code   RO          918    i.nb_reboot         bc95.o
    0x0800d12c   0x0800d12c   0x00000020   Code   RO          919    i.nb_recv           bc95.o
    0x0800d14c   0x0800d14c   0x00000008   Code   RO          920    i.nb_recv_cb        bc95.o
    0x0800d154   0x0800d154   0x00000176   Code   RO          921    i.nb_recv_timeout   bc95.o
    0x0800d2ca   0x0800d2ca   0x00000028   Code   RO          922    i.nb_recvfrom       bc95.o
    0x0800d2f2   0x0800d2f2   0x00000002   PAD
    0x0800d2f4   0x0800d2f4   0x00000054   Code   RO        10261    i.nb_reply_task     nb_demo.o
    0x0800d348   0x0800d348   0x00000080   Code   RO          923    i.nb_send           bc95.o
    0x0800d3c8   0x0800d3c8   0x00000164   Code   RO          924    i.nb_send_payload   bc95.o
    0x0800d52c   0x0800d52c   0x000000a8   Code   RO          925    i.nb_send_psk       bc95.o
    0x0800d5d4   0x0800d5d4   0x00000078   Code   RO          926    i.nb_send_str       bc95.o
    0x0800d64c   0x0800d64c   0x0000015e   Code   RO          927    i.nb_sendto         bc95.o
    0x0800d7aa   0x0800d7aa   0x00000002   PAD
    0x0800d7ac   0x0800d7ac   0x0000015e   Code   RO          928    i.nb_set_cdpserver  bc95.o
    0x0800d90a   0x0800d90a   0x00000002   PAD
    0x0800d90c   0x0800d90c   0x00000038   Code   RO          929    i.nb_set_no_encrypt  bc95.o
    0x0800d944   0x0800d944   0x00000070   Code   RO          930    i.nb_sock_to_idx    bc95.o
    0x0800d9b4   0x0800d9b4   0x0000007c   Code   RO        10188    i.nb_sota_demo      sota_demo.o
    0x0800da30   0x0800da30   0x00000050   Code   RO          931    i.nb_step           bc95.o
    0x0800da80   0x0800da80   0x00000024   Code   RO         2859    i.osAlarmHeapInfo   los_heap.o
    0x0800daa4   0x0800daa4   0x00000024   Code   RO         3096    i.osAtomicBitsetClearBit  los_slab.o
    0x0800dac8   0x0800dac8   0x00000050   Code   RO         3098    i.osAtomicBitsetFindClearAndSet  los_slab.o
    0x0800db18   0x0800db18   0x0000002a   Code   RO         3099    i.osAtomicBitsetGetBit  los_slab.o
    0x0800db42   0x0800db42   0x00000006   Code   RO         3216    i.osAtomicBitsetGetNumBits  los_slab.o
    0x0800db48   0x0800db48   0x0000002e   Code   RO         3101    i.osAtomicBitsetInit  los_slab.o
    0x0800db76   0x0800db76   0x00000002   PAD
    0x0800db78   0x0800db78   0x0000016e   Code   RO         2860    i.osHeapAlloc       los_heap.o
    0x0800dce6   0x0800dce6   0x0000005a   Code   RO         2861    i.osHeapAllocAlign  los_heap.o
    0x0800dd40   0x0800dd40   0x00000146   Code   RO         2862    i.osHeapFree        los_heap.o
    0x0800de86   0x0800de86   0x00000044   Code   RO         2865    i.osHeapInit        los_heap.o
    0x0800deca   0x0800deca   0x0000001a   Code   RO         2866    i.osHeapPrvGetNext  los_heap.o
    0x0800dee4   0x0800dee4   0x00000064   Code   RO         2867    i.osHeapStatisticsGet  los_heap.o
    0x0800df48   0x0800df48   0x0000003c   Code   RO         3542    i.osHwiDefaultHandler  los_hwi.o
    0x0800df84   0x0800df84   0x0000004c   Code   RO         3543    i.osHwiInit         los_hwi.o
    0x0800dfd0   0x0800dfd0   0x00000004   Code   RO         2131    i.osIdleTask        los_task.o
    0x0800dfd4   0x0800dfd4   0x0000004c   Code   RO         2132    i.osIdleTaskCreate  los_task.o
    0x0800e020   0x0800e020   0x00000008   Code   RO         3544    i.osIntNumGet       los_hwi.o
    0x0800e028   0x0800e028   0x00000050   Code   RO         3545    i.osInterrupt       los_hwi.o
    0x0800e078   0x0800e078   0x00000028   Code   RO        10086    i.osKernelGetTickCount  atiny_osdep.o
    0x0800e0a0   0x0800e0a0   0x00000020   Code   RO         2942    i.osMemSystemInit   los_memory.o
    0x0800e0c0   0x0800e0c0   0x00000064   Code   RO         2561    i.osMuxInit         los_mux.o
    0x0800e124   0x0800e124   0x0000004c   Code   RO         1838    i.osPriqueueDequeue  los_priqueue.o
    0x0800e170   0x0800e170   0x00000048   Code   RO         1839    i.osPriqueueEnqueue  los_priqueue.o
    0x0800e1b8   0x0800e1b8   0x00000048   Code   RO         1840    i.osPriqueueInit    los_priqueue.o
    0x0800e200   0x0800e200   0x00000028   Code   RO         1841    i.osPriqueueSize    los_priqueue.o
    0x0800e228   0x0800e228   0x00000028   Code   RO         1842    i.osPriqueueTop     los_priqueue.o
    0x0800e250   0x0800e250   0x0000010c   Code   RO         2655    i.osQueueBufferOperate  los_queue.o
    0x0800e35c   0x0800e35c   0x00000070   Code   RO         2656    i.osQueueInit       los_queue.o
    0x0800e3cc   0x0800e3cc   0x0000018e   Code   RO         2659    i.osQueueOperate    los_queue.o
    0x0800e55a   0x0800e55a   0x00000002   PAD
    0x0800e55c   0x0800e55c   0x00000040   Code   RO         2660    i.osQueueReadParameterCheck  los_queue.o
    0x0800e59c   0x0800e59c   0x00000040   Code   RO         2661    i.osQueueWriteParameterCheck  los_queue.o
    0x0800e5dc   0x0800e5dc   0x0000000c   Code   RO         3363    i.osRegister        los_init.o
    0x0800e5e8   0x0800e5e8   0x00000008   Code   RO         3448    i.osSchedule        los_hw.o
    0x0800e5f0   0x0800e5f0   0x000000c2   Code   RO         2783    i.osSemCreate       los_sem.o
    0x0800e6b2   0x0800e6b2   0x00000002   PAD
    0x0800e6b4   0x0800e6b4   0x00000060   Code   RO         2784    i.osSemInit         los_sem.o
    0x0800e714   0x0800e714   0x0000001e   Code   RO         3102    i.osSlabAllocatorAlloc  los_slab.o
    0x0800e732   0x0800e732   0x00000048   Code   RO         3106    i.osSlabAllocatorFree  los_slab.o
    0x0800e77a   0x0800e77a   0x0000005c   Code   RO         3113    i.osSlabAllocatorNew  los_slab.o
    0x0800e7d6   0x0800e7d6   0x00000012   Code   RO         3230    i.osSlabBlockHeadFill  los_slabmem.o
    0x0800e7e8   0x0800e7e8   0x00000008   Code   RO         2943    i.osSlabCtrlHdrGet  los_memory.o
    0x0800e7f0   0x0800e7f0   0x000000a0   Code   RO         3232    i.osSlabMemAlloc    los_slabmem.o
    0x0800e890   0x0800e890   0x0000007a   Code   RO         3235    i.osSlabMemFree     los_slabmem.o
    0x0800e90a   0x0800e90a   0x0000006c   Code   RO         3236    i.osSlabMemInit     los_slabmem.o
    0x0800e976   0x0800e976   0x00000002   PAD
    0x0800e978   0x0800e978   0x000000a0   Code   RO         1925    i.osSwTmrInit       los_swtmr.o
    0x0800ea18   0x0800ea18   0x0000020e   Code   RO         1926    i.osSwTmrStart      los_swtmr.o
    0x0800ec26   0x0800ec26   0x00000002   PAD
    0x0800ec28   0x0800ec28   0x00000044   Code   RO         1927    i.osSwTmrTask       los_swtmr.o
    0x0800ec6c   0x0800ec6c   0x00000044   Code   RO         1928    i.osSwTmrTaskCreate  los_swtmr.o
    0x0800ecb0   0x0800ecb0   0x00000080   Code   RO         1929    i.osSwTmrTimeoutHandle  los_swtmr.o
    0x0800ed30   0x0800ed30   0x00000030   Code   RO         1931    i.osSwtmrDelete     los_swtmr.o
    0x0800ed60   0x0800ed60   0x00000024   Code   RO         1932    i.osSwtmrScan       los_swtmr.o
    0x0800ed84   0x0800ed84   0x0000007c   Code   RO         1933    i.osSwtmrStop       los_swtmr.o
    0x0800ee00   0x0800ee00   0x000000c0   Code   RO         2133    i.osTaskAdd2TimerList  los_task.o
    0x0800eec0   0x0800eec0   0x00000030   Code   RO         2134    i.osTaskEntry       los_task.o
    0x0800eef0   0x0800eef0   0x00000006   Code   RO         3449    i.osTaskExit        los_hw.o
    0x0800eef6   0x0800eef6   0x00000002   PAD
    0x0800eef8   0x0800eef8   0x00000128   Code   RO         2135    i.osTaskInit        los_task.o
    0x0800f020   0x0800f020   0x00000030   Code   RO         2136    i.osTaskMonInit     los_task.o
    0x0800f050   0x0800f050   0x00000038   Code   RO         2137    i.osTaskPriModify   los_task.o
    0x0800f088   0x0800f088   0x000000dc   Code   RO         2138    i.osTaskScan        los_task.o
    0x0800f164   0x0800f164   0x00000184   Code   RO         2139    i.osTaskSwitchCheck  los_task.o
    0x0800f2e8   0x0800f2e8   0x0000004c   Code   RO         2140    i.osTaskWait        los_task.o
    0x0800f334   0x0800f334   0x00000046   Code   RO         2141    i.osTaskWake        los_task.o
    0x0800f37a   0x0800f37a   0x00000002   PAD
    0x0800f37c   0x0800f37c   0x00000028   Code   RO         2398    i.osTickHandler     los_tick.o
    0x0800f3a4   0x0800f3a4   0x000000d0   Code   RO         3497    i.osTickStart       los_hw_tick.o
    0x0800f474   0x0800f474   0x00000048   Code   RO         2142    i.osTimerListDelete  los_task.o
    0x0800f4bc   0x0800f4bc   0x0000004c   Code   RO         2442    i.osTimesliceCheck  los_timeslice.o
    0x0800f508   0x0800f508   0x00000010   Code   RO         2443    i.osTimesliceInit   los_timeslice.o
    0x0800f518   0x0800f518   0x00000090   Code   RO         3450    i.osTskStackInit    los_hw.o
    0x0800f5a8   0x0800f5a8   0x00000064   Code   RO        11009    i.pack_checksum_check  package_checksum.o
    0x0800f60c   0x0800f60c   0x0000005c   Code   RO        11010    i.pack_checksum_create  package_checksum.o
    0x0800f668   0x0800f668   0x00000026   Code   RO        11011    i.pack_checksum_delete  package_checksum.o
    0x0800f68e   0x0800f68e   0x00000008   Code   RO        11012    i.pack_checksum_get_alg  package_checksum.o
    0x0800f696   0x0800f696   0x0000001c   Code   RO        11013    i.pack_checksum_init  package_checksum.o
    0x0800f6b2   0x0800f6b2   0x00000002   PAD
    0x0800f6b4   0x0800f6b4   0x00000088   Code   RO        11014    i.pack_checksum_init_head_data  package_checksum.o
    0x0800f73c   0x0800f73c   0x0000013a   Code   RO        11015    i.pack_checksum_restore_checksum  package_checksum.o
    0x0800f876   0x0800f876   0x00000002   PAD
    0x0800f878   0x0800f878   0x0000016a   Code   RO        11016    i.pack_checksum_update_data  package_checksum.o
    0x0800f9e2   0x0800f9e2   0x00000016   Code   RO        10907    i.pack_free         package.o
    0x0800f9f8   0x0800f9f8   0x0000000e   Code   RO        10908    i.pack_get_block_size  package.o
    0x0800fa06   0x0800fa06   0x00000002   PAD
    0x0800fa08   0x0800fa08   0x00000014   Code   RO        10909    i.pack_get_device   package.o
    0x0800fa1c   0x0800fa1c   0x0000000e   Code   RO        10910    i.pack_get_params   package.o
    0x0800fa2a   0x0800fa2a   0x00000002   PAD
    0x0800fa2c   0x0800fa2c   0x00000144   Code   RO        11121    i.pack_head_check   package_head.o
    0x0800fb70   0x0800fb70   0x00000042   Code   RO        11122    i.pack_head_destroy  package_head.o
    0x0800fbb2   0x0800fbb2   0x00000006   Code   RO        11123    i.pack_head_get_checksum  package_head.o
    0x0800fbb8   0x0800fbb8   0x00000004   Code   RO        11124    i.pack_head_get_checksum_attribute  package_head.o
    0x0800fbbc   0x0800fbbc   0x00000014   Code   RO        11125    i.pack_head_get_head_info  package_head.o
    0x0800fbd0   0x0800fbd0   0x00000014   Code   RO        11126    i.pack_head_get_head_len  package_head.o
    0x0800fbe4   0x0800fbe4   0x00000008   Code   RO        11127    i.pack_head_get_key  package_head.o
    0x0800fbec   0x0800fbec   0x00000080   Code   RO        11128    i.pack_head_handle_bin_type_tlv  package_head.o
    0x0800fc6c   0x0800fc6c   0x00000088   Code   RO        11129    i.pack_head_handle_checksum_tlv  package_head.o
    0x0800fcf4   0x0800fcf4   0x0000000e   Code   RO        11130    i.pack_head_init    package_head.o
    0x0800fd02   0x0800fd02   0x00000018   Code   RO        11131    i.pack_head_is_done  package_head.o
    0x0800fd1a   0x0800fd1a   0x00000002   PAD
    0x0800fd1c   0x0800fd1c   0x0000023e   Code   RO        11132    i.pack_head_parse   package_head.o
    0x0800ff5a   0x0800ff5a   0x00000002   PAD
    0x0800ff5c   0x0800ff5c   0x0000025a   Code   RO        11133    i.pack_head_parse_head_len  package_head.o
    0x080101b6   0x080101b6   0x00000002   PAD
    0x080101b8   0x080101b8   0x0000018e   Code   RO        11134    i.pack_head_parse_tlvs  package_head.o
    0x08010346   0x08010346   0x00000018   Code   RO        11135    i.pack_head_set_head_info  package_head.o
    0x0801035e   0x0801035e   0x00000002   PAD
    0x08010360   0x08010360   0x000000b4   Code   RO        10911    i.pack_init_device  package.o
    0x08010414   0x08010414   0x00000048   Code   RO        10912    i.pack_init_pack_device  package.o
    0x0801045c   0x0801045c   0x0000001a   Code   RO        10913    i.pack_malloc       package.o
    0x08010476   0x08010476   0x00000002   PAD
    0x08010478   0x08010478   0x0000006c   Code   RO        10914    i.pack_read_software  package.o
    0x080104e4   0x080104e4   0x0000005c   Code   RO        10915    i.pack_set_flash_type  package.o
    0x08010540   0x08010540   0x000000e4   Code   RO        11017    i.pack_sha256_check  package_checksum.o
    0x08010624   0x08010624   0x00000010   Code   RO        11018    i.pack_sha256_destroy  package_checksum.o
    0x08010634   0x08010634   0x00000030   Code   RO        11019    i.pack_sha256_init  package_checksum.o
    0x08010664   0x08010664   0x0000001a   Code   RO        11020    i.pack_sha256_reset  package_checksum.o
    0x0801067e   0x0801067e   0x00000002   PAD
    0x08010680   0x08010680   0x0000025a   Code   RO        11021    i.pack_sha256_rsa2048_check  package_checksum.o
    0x080108da   0x080108da   0x00000002   PAD
    0x080108dc   0x080108dc   0x0000001c   Code   RO        11022    i.pack_sha256_rsa2048_init  package_checksum.o
    0x080108f8   0x080108f8   0x0000001e   Code   RO        11023    i.pack_sha256_update  package_checksum.o
    0x08010916   0x08010916   0x00000002   PAD
    0x08010918   0x08010918   0x00000058   Code   RO        10916    i.pack_storage_active_software  package.o
    0x08010970   0x08010970   0x000001ee   Code   RO        10917    i.pack_storage_write_software  package.o
    0x08010b5e   0x08010b5e   0x00000002   PAD
    0x08010b60   0x08010b60   0x000000d4   Code   RO        10918    i.pack_storage_write_software_end  package.o
    0x08010c34   0x08010c34   0x000001b6   Code   RO        11213    i.pack_wr_begin_not_aligned  package_writer.o
    0x08010dea   0x08010dea   0x00000002   PAD
    0x08010dec   0x08010dec   0x00000044   Code   RO        11214    i.pack_wr_check     package_writer.o
    0x08010e30   0x08010e30   0x00000010   Code   RO        11215    i.pack_wr_destroy   package_writer.o
    0x08010e40   0x08010e40   0x0000007c   Code   RO        11216    i.pack_wr_end_not_aligned_block  package_writer.o
    0x08010ebc   0x08010ebc   0x000000b2   Code   RO        11217    i.pack_wr_entire_blocks  package_writer.o
    0x08010f6e   0x08010f6e   0x0000001a   Code   RO        11218    i.pack_wr_free_save_buffer  package_writer.o
    0x08010f88   0x08010f88   0x0000000e   Code   RO        11219    i.pack_wr_init      package_writer.o
    0x08010f96   0x08010f96   0x00000004   Code   RO        11220    i.pack_wr_set_device  package_writer.o
    0x08010f9a   0x08010f9a   0x00000002   PAD
    0x08010f9c   0x08010f9c   0x00000130   Code   RO        11221    i.pack_wr_write     package_writer.o
    0x080110cc   0x080110cc   0x00000014   Code   RO        11222    i.pack_wr_write_end  package_writer.o
    0x080110e0   0x080110e0   0x00000084   Code   RO        11223    i.pack_wr_write_stored_data  package_writer.o
    0x08011164   0x08011164   0x0000002c   Code   RO        11224    i.pack_write_data   package_writer.o
    0x08011190   0x08011190   0x0000006c   Code   RO        10919    i.pack_write_software  package.o
    0x080111fc   0x080111fc   0x00000032   Code   RO         6712    i.prv_spi_flash_erase_sector  hal_qspi_flash.o
    0x0801122e   0x0801122e   0x00000034   Code   RO         6713    i.prv_spi_flash_wait_write_end  hal_qspi_flash.o
    0x08011262   0x08011262   0x0000001a   Code   RO         6714    i.prv_spi_flash_write_enable  hal_qspi_flash.o
    0x0801127c   0x0801127c   0x0000003e   Code   RO         6715    i.prv_spi_flash_write_page  hal_qspi_flash.o
    0x080112ba   0x080112ba   0x00000002   PAD
    0x080112bc   0x080112bc   0x000000dc   Code   RO          381    i.read_resp         at_hal.o
    0x08011398   0x08011398   0x00000014   Code   RO        10189    i.read_ver          sota_demo.o
    0x080113ac   0x080113ac   0x00000110   Code   RO         8500    i.rsa_prepare_blinding  rsa.o
    0x080114bc   0x080114bc   0x00000020   Code   RO        10704    i.save_flag         upgrade_flag.o
    0x080114dc   0x080114dc   0x00000010   Code   RO         8181    i.sha224_clone_wrap  md_wrap.o
    0x080114ec   0x080114ec   0x00000020   Code   RO         8182    i.sha224_ctx_alloc  md_wrap.o
    0x0801150c   0x0801150c   0x00000018   Code   RO         8183    i.sha224_ctx_free   md_wrap.o
    0x08011524   0x08011524   0x00000010   Code   RO         8184    i.sha224_finish_wrap  md_wrap.o
    0x08011534   0x08011534   0x00000010   Code   RO         8185    i.sha224_process_wrap  md_wrap.o
    0x08011544   0x08011544   0x0000000e   Code   RO         8186    i.sha224_starts_wrap  md_wrap.o
    0x08011552   0x08011552   0x00000014   Code   RO         8187    i.sha224_update_wrap  md_wrap.o
    0x08011566   0x08011566   0x00000016   Code   RO         8188    i.sha224_wrap       md_wrap.o
    0x0801157c   0x0801157c   0x0000000e   Code   RO         8189    i.sha256_starts_wrap  md_wrap.o
    0x0801158a   0x0801158a   0x00000016   Code   RO         8190    i.sha256_wrap       md_wrap.o
    0x080115a0   0x080115a0   0x00000104   Code   RO        10763    i.sota_at_send      sota.o
    0x080116a4   0x080116a4   0x00000068   Code   RO        10190    i.sota_callback     sota_demo.o
    0x0801170c   0x0801170c   0x0000006c   Code   RO          932    i.sota_cmd          bc95.o
    0x08011778   0x08011778   0x00000030   Code   RO        10191    i.sota_cmd_match    sota_demo.o
    0x080117a8   0x080117a8   0x000002a0   Code   RO        10764    i.sota_data_block_process  sota.o
    0x08011a48   0x08011a48   0x00000078   Code   RO        10765    i.sota_init         sota.o
    0x08011ac0   0x08011ac0   0x00000048   Code   RO        10192    i.sota_log          sota_demo.o
    0x08011b08   0x08011b08   0x000001b0   Code   RO        10766    i.sota_new_ver_process  sota.o
    0x08011cb8   0x08011cb8   0x000001f2   Code   RO        10767    i.sota_parse        sota.o
    0x08011eaa   0x08011eaa   0x00000002   PAD
    0x08011eac   0x08011eac   0x00000130   Code   RO        10768    i.sota_process      sota.o
    0x08011fdc   0x08011fdc   0x00000050   Code   RO        10769    i.sota_reset_record_info  sota.o
    0x0801202c   0x0801202c   0x00000064   Code   RO        10770    i.sota_send_request_block  sota.o
    0x08012090   0x08012090   0x0000001e   Code   RO        10771    i.sota_send_response_code  sota.o
    0x080120ae   0x080120ae   0x00000002   PAD
    0x080120b0   0x080120b0   0x000001a4   Code   RO        10772    i.sota_status_check  sota.o
    0x08012254   0x08012254   0x000000d4   Code   RO        10773    i.sota_timeout_handler  sota.o
    0x08012328   0x08012328   0x000000e0   Code   RO        10774    i.sota_update_exc_process  sota.o
    0x08012408   0x08012408   0x0000002a   Code   RO        10449    i.store_resp_buf    at_main.o
    0x08012432   0x08012432   0x00000002   PAD
    0x08012434   0x08012434   0x00000040   Code   RO          933    i.str_to_hex        bc95.o
    0x08012474   0x08012474   0x00000038   Code   RO          934    i.strnstr           bc95.o
    0x080124ac   0x080124ac   0x00000040   Code   RO        10775    i.ver_to_hex        sota.o
    0x080124ec   0x080124ec   0x00000034   Code   RO          382    i.write_at_task_msg  at_hal.o
    0x08012520   0x08012520   0x0000001a   Code   RO        11454    i.zalloc            malloc.o
    0x0801253a   0x0801253a   0x00000002   PAD
    0x0801253c   0x0801253c   0x00000048   Data   RO           13    .constdata          system_stm32l4xx.o
    0x08012584   0x08012584   0x0000000a   Data   RO          384    .constdata          at_hal.o
    0x0801258e   0x0801258e   0x0000004f   Data   RO          763    .constdata          flash_adaptor.o
    0x080125dd   0x080125dd   0x00000003   PAD
    0x080125e0   0x080125e0   0x0000003e   Data   RO          822    .constdata          ota_port.o
    0x0801261e   0x0801261e   0x00000002   PAD
    0x08012620   0x08012620   0x000000df   Data   RO          936    .constdata          bc95.o
    0x080126ff   0x080126ff   0x00000014   Data   RO         3547    .constdata          los_hwi.o
    0x08012713   0x08012713   0x00000001   PAD
    0x08012714   0x08012714   0x00000060   Data   RO         8191    .constdata          md_wrap.o
    0x08012774   0x08012774   0x00000140   Data   RO         8633    .constdata          sha256.o
    0x080128b4   0x080128b4   0x0000002c   Data   RO        10194    .constdata          sota_demo.o
    0x080128e0   0x080128e0   0x00000012   Data   RO        10330    .constdata          nb_cmd_ioctl.o
    0x080128f2   0x080128f2   0x00000083   Data   RO        10451    .constdata          at_main.o
    0x08012975   0x08012975   0x00000003   PAD
    0x08012978   0x08012978   0x00000024   Data   RO        10633    .constdata          los_nb_api.o
    0x0801299c   0x0801299c   0x00000091   Data   RO        10777    .constdata          sota.o
    0x08012a2d   0x08012a2d   0x00000003   PAD
    0x08012a30   0x08012a30   0x00000400   Data   RO        10893    .constdata          ota_crc.o
    0x08012e30   0x08012e30   0x000000a5   Data   RO        10921    .constdata          package.o
    0x08012ed5   0x08012ed5   0x000000ab   Data   RO        11024    .constdata          package_checksum.o
    0x08012f80   0x08012f80   0x0000009c   Data   RO        11136    .constdata          package_head.o
    0x0801301c   0x0801301c   0x00000084   Data   RO        11225    .constdata          package_writer.o
    0x080130a0   0x080130a0   0x00000040   Data   RO        12150    .constdata          mc_w.l(ctype_c.o)
    0x080130e0   0x080130e0   0x0000000e   Data   RO          937    .conststring        bc95.o
    0x080130ee   0x080130ee   0x00000002   PAD
    0x080130f0   0x080130f0   0x0000000f   Data   RO         8192    .conststring        md_wrap.o
    0x080130ff   0x080130ff   0x00000001   PAD
    0x08013100   0x08013100   0x00000201   Data   RO        10195    .conststring        sota_demo.o
    0x08013301   0x08013301   0x00000003   PAD
    0x08013304   0x08013304   0x00000094   Data   RO        10452    .conststring        at_main.o
    0x08013398   0x08013398   0x0000004a   Data   RO        10778    .conststring        sota.o
    0x080133e2   0x080133e2   0x00000002   PAD
    0x080133e4   0x080133e4   0x00000030   Data   RO        12152    Region$$Table       anon$$obj.o


    Execution Region VECTOR (Exec base: 0x20000000, Load base: 0x08013414, Size: 0x00000400, Max: 0x00000400, ABSOLUTE, COMPRESSED[0x00000018])

    Exec Addr    Load Addr    Size         Type   Attr      Idx    E Section Name        Object

    0x20000000   COMPRESSED   0x00000400   Data   RW         3549    .data.vector        los_hwi.o


    Execution Region RW_IRAM1 (Exec base: 0x20000400, Load base: 0x0801342c, Size: 0x00002548, Max: 0x0000f800, ABSOLUTE, COMPRESSED[0x00000364])

    Exec Addr    Load Addr    Size         Type   Attr      Idx    E Section Name        Object

    0x20000400   COMPRESSED   0x00000004   Data   RW           14    .data               system_stm32l4xx.o
    0x20000404   COMPRESSED   0x00000004   Data   RW          218    .data               dwt.o
    0x20000408   COMPRESSED   0x0000001c   Data   RW          385    .data               at_hal.o
    0x20000424   COMPRESSED   0x00000004   Data   RW          462    .data               main.o
    0x20000428   COMPRESSED   0x00000004   Data   RW          700    .data               user_task.o
    0x2000042c   COMPRESSED   0x0000003a   Data   RW          938    .data               bc95.o
    0x20000466   COMPRESSED   0x00000002   PAD
    0x20000468   COMPRESSED   0x00000008   Data   RW         1844    .data               los_priqueue.o
    0x20000470   COMPRESSED   0x0000001c   Data   RW         1936    .data               los_swtmr.o
    0x2000048c   COMPRESSED   0x00000048   Data   RW         2145    .data               los_task.o
    0x200004d4   COMPRESSED   0x00000004   PAD
    0x200004d8   COMPRESSED   0x0000001c   Data   RW         2399    .data               los_tick.o
    0x200004f4   COMPRESSED   0x00000008   Data   RW         2444    .data               los_timeslice.o
    0x200004fc   COMPRESSED   0x0000000c   Data   RW         2562    .data               los_mux.o
    0x20000508   COMPRESSED   0x0000000c   Data   RW         2662    .data               los_queue.o
    0x20000514   COMPRESSED   0x0000000c   Data   RW         2785    .data               los_sem.o
    0x20000520   COMPRESSED   0x00000010   Data   RW         2868    .data               los_heap.o
    0x20000530   COMPRESSED   0x00000004   Data   RW         2944    .data               los_memory.o
    0x20000534   COMPRESSED   0x00000004   Data   RW         3327    .data               los_err.o
    0x20000538   COMPRESSED   0x00000004   Data   RW         3364    .data               los_init.o
    0x2000053c   COMPRESSED   0x00000004   Data   RW         3548    .data               los_hwi.o
    0x20000540   COMPRESSED   0x00000010   Data   RW         8437    .data               platform.o
    0x20000550   COMPRESSED   0x00000002   Data   RW        10196    .data               sota_demo.o
    0x20000552   COMPRESSED   0x00000008   Data   RW        10263    .data               nb_demo.o
    0x2000055a   COMPRESSED   0x00000002   PAD
    0x2000055c   COMPRESSED   0x00000060   Data   RW        10453    .data               at_main.o
    0x200005bc   COMPRESSED   0x00000008   Data   RW        10673    .data               flag_manager.o
    0x200005c4   COMPRESSED   0x00000004   Data   RW        10779    .data               sota.o
    0x200005c8   COMPRESSED   0x00000400   Data   RW        10868    .data               sota_hal.o
    0x200009c8   COMPRESSED   0x00000004   Data   RW        12121    .data               mc_w.l(stdout.o)
    0x200009cc        -       0x00000078   Zero   RW          383    .bss                at_hal.o
    0x20000a44        -       0x0000001c   Zero   RW          461    .bss                main.o
    0x20000a60        -       0x000001e0   Zero   RW          530    .bss                usart.o
    0x20000c40        -       0x000000e4   Zero   RW          594    .bss                i2c.o
    0x20000d24        -       0x000004e8   Zero   RW          935    .bss                bc95.o
    0x2000120c        -       0x00000040   Zero   RW         1935    .bss                los_swtmr.o
    0x2000124c        -       0x00000156   Zero   RW         2143    .bss                los_task.o
    0x200013a2   COMPRESSED   0x00000002   PAD
    0x200013a4        -       0x00000400   Zero   RW         3546    .bss                los_hwi.o
    0x200017a4        -       0x00000044   Zero   RW         6716    .bss                hal_qspi_flash.o
    0x200017e8        -       0x00000210   Zero   RW        10193    .bss                sota_demo.o
    0x200019f8        -       0x00000100   Zero   RW        10262    .bss                nb_demo.o
    0x20001af8        -       0x00000954   Zero   RW        10450    .bss                at_main.o
    0x2000244c        -       0x00000018   Zero   RW        10705    .bss                upgrade_flag.o
    0x20002464        -       0x00000058   Zero   RW        10776    .bss                sota.o
    0x200024bc        -       0x00000088   Zero   RW        10920    .bss                package.o
    0x20002544   COMPRESSED   0x00000004   PAD
    0x20002548        -       0x00000400   Zero   RW            2    LOS_HEAP            los_startup_keil.o


    Execution Region ARM_LIB_STACKHEAP (Exec base: 0x2000fc00, Load base: 0x08013790, Size: 0x00000400, Max: 0x00000400, ABSOLUTE)

    Exec Addr    Load Addr    Size         Type   Attr      Idx    E Section Name        Object

    0x2000fc00        -       0x00000400   Zero   RW            1    ARM_LIB_STACKHEAP.bss  anon$$obj.o


==============================================================================

Image component sizes


      Code (inc. data)   RO Data    RW Data    ZI Data      Debug   Object Name

         0          0          0          0          0       2084   asn1parse.o
       812        168         10         28        120       9170   at_hal.o
      4552       1426        279         96       2388      26778   at_main.o
       106         12          0          0          0       2411   atiny_osdep.o
      5468       1638        237         58       1256      31554   bc95.o
      8766         16          0          0          0      41270   bignum.o
         0          0          0          0          0       3204   cmsis_liteos.o
         0          0          0          0          0       2876   debug.o
        44         14          0          4          0        713   dwt.o
       792         94          0          0          0       7797   e53_ia1.o
         0          0          0          0          0       1252   error.o
       232         14          0          8          0       3241   flag_manager.o
       518        236         79          0          0       3394   flash_adaptor.o
       160         10          0          0          0        991   gpio.o
      1234         72          0          0         68      11523   hal_qspi_flash.o
       372         52          0          0        228       1957   i2c.o
       258         24          0          0          0        448   los_dispatch_keil.o
        68         10          0          4          0       2490   los_err.o
      1012        114          0         16          0       7542   los_heap.o
       222         18          0          0          0       2962   los_hw.o
       208         46          0          0          0      30613   los_hw_tick.o
       420         86         20       1028       1024      41147   los_hwi.o
       364        140          0          4          0       2508   los_init.o
       428         72          0          4          0       4970   los_memory.o
        28          0          0          0          0        656   los_misc.o
      1104        208          0         12          0      16620   los_mux.o
       260         46         36          0          0       3006   los_nb_api.o
       316         38          0          8          0      13938   los_priqueue.o
      1464        118          0         12          0      13222   los_queue.o
      1074        238          0         12          0       8618   los_sem.o
       404          0          0          0          0       6934   los_slab.o
       408          0          0          0          0       4187   los_slabmem.o
        44         22          0          0       1024        304   los_startup_keil.o
      1796        128          0         28         64      11191   los_swtmr.o
        12          6          0          0          0        551   los_sys.o
      2888        384          0         72        342      28304   los_task.o
        40          6          0         28          0       1064   los_tick.o
        92         16          0          8          0       1393   los_timeslice.o
        72          4          0          4         28       2539   main.o
        98         10          0          0          0       4054   malloc.o
       324         40          0          0          0       9507   md.o
       196         10        111          0          0       9198   md_wrap.o
       608        124         18          0          0       2883   nb_cmd_ioctl.o
      1124        584          0          8        256       6526   nb_demo.o
        56          4       1024          0          0       1589   ota_crc.o
       480        210         62          0          0       6233   ota_port.o
      1482        430        165          0        136      16772   package.o
      2056        578        171          0          0      20746   package_checksum.o
      2348        660        156          0          0      14478   package_head.o
      1368        370        132          0          0      10857   package_writer.o
        24         10          0         16          0       3037   platform.o
      2188         32          0          0          0      14445   rsa.o
      4294         84        320          0          0      10301   sha256.o
      3508       1076        219          4         88      17316   sota.o
       368         68        557          2        528       6532   sota_demo.o
       164          4          0       1024          0       3224   sota_hal.o
         0          0          0          0          0       1536   ssl_cache.o
        96          4          0          0          0       2464   stm32l4xx_hal.o
       378         30          0          0          0      34914   stm32l4xx_hal_cortex.o
        70          0          0          0          0       1120   stm32l4xx_hal_dma.o
       530         36          0          0          0       2500   stm32l4xx_hal_gpio.o
      1586         32          0          0          0      10602   stm32l4xx_hal_i2c.o
       210          0          0          0          0       2043   stm32l4xx_hal_i2c_ex.o
        20          6          0          0          0        579   stm32l4xx_hal_pwr.o
       156         18          0          0          0       1422   stm32l4xx_hal_pwr_ex.o
      1548         10          0          0          0       8053   stm32l4xx_hal_qspi.o
      2444         98          0          0          0       7176   stm32l4xx_hal_rcc.o
      1988         44          0          0          0       4052   stm32l4xx_hal_rcc_ex.o
      1962         50          0          0          0       6225   stm32l4xx_hal_uart.o
       276         28          0          0          0       8615   sys_init.o
        84         16         72          4          0     820417   system_stm32l4xx.o
       204         24          0          0         24       4440   upgrade_flag.o
       480         56          0          0        480       2669   usart.o
       100         24          0          4          0       3518   user_task.o

    ----------------------------------------------------------------------
     68966      10246       3736       2504       9084    1435465   Object Totals
         0          0         48          0       1024          0   (incl. Generated)
       110          0         20          8          6          0   (incl. Padding)

    ----------------------------------------------------------------------

      Code (inc. data)   RO Data    RW Data    ZI Data      Debug   Library Member Name

        52          6          0          0          0        128   recover_image.o
        56          8          0          0          0         84   __0sscanf.o
        86          0          0          0          0          0   __dczerorl2.o
        28          0          0          0          0         68   _chval.o
       818          4          0          0          0        112   _scanf.o
       338          0          0          0          0         96   _scanf_int.o
       230          0          0          0          0         96   _scanf_str.o
        64          0          0          0          0         84   _sgetc.o
        40          6         64          0          0         68   ctype_c.o
         0          0          0          0          0          0   entry.o
         0          0          0          0          0          0   entry10a.o
         0          0          0          0          0          0   entry11a.o
         8          4          0          0          0          0   entry3.o
         4          0          0          0          0          0   entry5.o
         0          0          0          0          0          0   entry7b.o
         0          0          0          0          0          0   entry8b.o
         8          4          0          0          0          0   entry9a.o
        30          0          0          0          0          0   handlers.o
        36          8          0          0          0         68   init.o
        10          0          0          0          0         68   isspace_c.o
         0          0          0          0          0          0   iusefp.o
        30          0          0          0          0         68   llshl.o
        36          0          0          0          0         68   llsshr.o
        32          0          0          0          0         68   llushr.o
        26          0          0          0          0         80   memcmp.o
        64          0          0          0          0         76   memmovea.o
        36          0          0          0          0        108   memseta.o
      2434        104          0          0          0        836   printfa.o
        40          8          0          0          0         84   scanf_char.o
         0          0          0          4          0          0   stdout.o
        28          0          0          0          0         76   strcmp.o
        14          0          0          0          0         68   strlen.o
        30          0          0          0          0         80   strncmp.o
        24          0          0          0          0         76   strncpy.o
        36          0          0          0          0         80   strstr.o
        12          0          0          0          0         68   toupper.o
        44          0          0          0          0         80   uidiv.o
       104          0          0          0          0         92   uldiv.o
        48          0          0          0          0         68   cdrcmple.o
        56          0          0          0          0         88   d2f.o
       350          0          0          0          0        148   dadd.o
       222          0          0          0          0        100   ddiv.o
       186          0          0          0          0        176   depilogue.o
        48          0          0          0          0         68   dfixul.o
        34          0          0          0          0         76   dflti.o
       234          0          0          0          0         96   dmul.o
       110          0          0          0          0        168   fepilogue.o

    ----------------------------------------------------------------------
      6102        152         64          4          0       3868   Library Totals
        16          0          0          0          0          0   (incl. Padding)

    ----------------------------------------------------------------------

      Code (inc. data)   RO Data    RW Data    ZI Data      Debug   Library Name

        52          6          0          0          0        128   hwpatch.lib
      4746        146         64          4          0       2752   mc_w.l
      1288          0          0          0          0        988   mf_w.l

    ----------------------------------------------------------------------
      6102        152         64          4          0       3868   Library Totals

    ----------------------------------------------------------------------

==============================================================================


      Code (inc. data)   RO Data    RW Data    ZI Data      Debug   

     75068      10398       3800       2508       9084    1390437   Grand Totals
     75068      10398       3800        892       9084    1390437   ELF Image Totals (compressed)
     75068      10398       3800        892          0          0   ROM Totals

==============================================================================

    Total RO  Size (Code + RO Data)                78868 (  77.02kB)
    Total RW  Size (RW Data + ZI Data)             11592 (  11.32kB)
    Total ROM Size (Code + RO Data + RW Data)      79760 (  77.89kB)

==============================================================================

